../Core/Src/DRIVERS/BNO086/bno086.c:76:16:waitInt	16	static
../Core/Src/DRIVERS/BNO086/bno086.c:88:13:start_timer	16	static
../Core/Src/DRIVERS/BNO086/bno086.c:102:17:timeNowUs	4	static
../Core/Src/DRIVERS/BNO086/bno086.c:107:13:delay_us	24	static
../Core/Src/DRIVERS/BNO086/bno086.c:118:14:invSqrt	32	static
../Core/Src/DRIVERS/BNO086/bno086.c:129:6:quaternionUpdate	56	static
../Core/Src/DRIVERS/BNO086/bno086.c:158:13:resetHeader	16	static
../Core/Src/DRIVERS/BNO086/bno086.c:164:26:sendPacket	32	static
../Core/Src/DRIVERS/BNO086/bno086.c:202:26:receivePacket	24	static
../Core/Src/DRIVERS/BNO086/bno086.c:229:26:sendExecutable	16	static
../Core/Src/DRIVERS/BNO086/bno086.c:239:13:getSensorValue	4	static
../Core/Src/DRIVERS/BNO086/bno086.c:570:26:processCommandResponse	4	static
../Core/Src/DRIVERS/BNO086/bno086.c:617:26:processResponse	16	static
../Core/Src/DRIVERS/BNO086/bno086.c:664:26:waitForPacket	8	static
../Core/Src/DRIVERS/BNO086/bno086.c:672:26:waitForCommandResponse	16	static
../Core/Src/DRIVERS/BNO086/bno086.c:709:26:getID	8	static
../Core/Src/DRIVERS/BNO086/bno086.c:719:19:BNO_Init	8	static
../Core/Src/DRIVERS/BNO086/bno086.c:747:9:isResetOccurred	4	static
../Core/Src/DRIVERS/BNO086/bno086.c:755:9:BNO_getSensorEventID	4	static
../Core/Src/DRIVERS/BNO086/bno086.c:760:19:BNO_Reset	8	static
../Core/Src/DRIVERS/BNO086/bno086.c:777:19:BNO_On	8	static
../Core/Src/DRIVERS/BNO086/bno086.c:782:19:BNO_Sleep	8	static
../Core/Src/DRIVERS/BNO086/bno086.c:787:17:BNO_getProductID	16	static
../Core/Src/DRIVERS/BNO086/bno086.c:792:19:BNO_writeFRS	24	static
../Core/Src/DRIVERS/BNO086/bno086.c:833:19:BNO_readFRS	24	static
../Core/Src/DRIVERS/BNO086/bno086.c:913:19:BNO_TareNow	16	static
../Core/Src/DRIVERS/BNO086/bno086.c:934:19:BNO_TarePerist	8	static
../Core/Src/DRIVERS/BNO086/bno086.c:944:19:BNO_TareSetReorientation	40	static
../Core/Src/DRIVERS/BNO086/bno086.c:957:19:BNO_ClearTare	8	static
../Core/Src/DRIVERS/BNO086/bno086.c:971:19:BNO_Initialize	8	static
../Core/Src/DRIVERS/BNO086/bno086.c:980:19:BNO_saveCalibration	8	static
../Core/Src/DRIVERS/BNO086/bno086.c:993:19:BNO_condigureCalibration	16	static
../Core/Src/DRIVERS/BNO086/bno086.c:1033:19:BNO_enableCalibration	8	static
../Core/Src/DRIVERS/BNO086/bno086.c:1044:19:BNO_configurePeriodicDcdSave	16	static
../Core/Src/DRIVERS/BNO086/bno086.c:1054:18:BNO_getOscillatorType	8	static
../Core/Src/DRIVERS/BNO086/bno086.c:1065:19:BNO_clearDcdReset	8	static
../Core/Src/DRIVERS/BNO086/bno086.c:1080:19:BNO_simpleCalibration	24	static
../Core/Src/DRIVERS/BNO086/bno086.c:1109:19:BNO_setBootMode	16	static
../Core/Src/DRIVERS/BNO086/bno086.c:1120:16:BNO_getBootMode	8	static
../Core/Src/DRIVERS/BNO086/bno086.c:1132:19:BNO_interactiveCalibration	16	static
../Core/Src/DRIVERS/BNO086/bno086.c:1155:20:BNO_forceFlush	16	static
../Core/Src/DRIVERS/BNO086/bno086.c:1163:20:BNO_getCalibrationStatus	8	static
../Core/Src/DRIVERS/BNO086/bno086.c:1172:19:BNO_isCalibrationComplete	4	static
../Core/Src/DRIVERS/BNO086/bno086.c:1181:19:setTelescopeOrientation	8	static
../Core/Src/DRIVERS/BNO086/bno086.c:1198:19:BNO_calibrateHighAccuracyAndReset	16	static
../Core/Src/DRIVERS/BNO086/bno086.c:1231:19:BNO_dataAvailable	8	static
../Core/Src/DRIVERS/BNO086/bno086.c:1239:15:BNO_getFeature	40	static
../Core/Src/DRIVERS/BNO086/bno086.c:1250:19:BNO_setFeature	24	static
../Core/Src/DRIVERS/BNO086/bno086.c:1270:20:BNO_getRollPitchYaw	40	static
../Core/Src/DRIVERS/BNO086/bno086.c:1280:21:getaccelerometer	40	static
../Core/Src/DRIVERS/BNO086/bno086.c:1300:17:getGyroscope	40	static
../Core/Src/DRIVERS/BNO086/bno086.c:1315:21:getMagneticField	40	static
../Core/Src/DRIVERS/BNO086/bno086.c:1325:26:getRotationVector	24	static
../Core/Src/DRIVERS/BNO086/bno086.c:1330:22:getGameRotationVector	40	static
../Core/Src/DRIVERS/BNO086/bno086.c:1481:8:BNO086_Init	8	static
