Archive member included to satisfy reference by file (symbol)

C:/ST/STM32CubeIDE_1.15.1/STM32CubeIDE/plugins/com.st.stm32cube.ide.mcu.externaltools.gnu-tools-for-stm32.12.3.rel1.win32_1.0.200.202406191623/tools/bin/../lib/gcc/arm-none-eabi/12.3.1/../../../../arm-none-eabi/lib/thumb/v7e-m+dp/hard\libc_nano.a(libc_a-exit.o)
                              C:/ST/STM32CubeIDE_1.15.1/STM32CubeIDE/plugins/com.st.stm32cube.ide.mcu.externaltools.gnu-tools-for-stm32.12.3.rel1.win32_1.0.200.202406191623/tools/bin/../lib/gcc/arm-none-eabi/12.3.1/../../../../arm-none-eabi/lib/thumb/v7e-m+dp/hard/crt0.o (exit)
C:/ST/STM32CubeIDE_1.15.1/STM32CubeIDE/plugins/com.st.stm32cube.ide.mcu.externaltools.gnu-tools-for-stm32.12.3.rel1.win32_1.0.200.202406191623/tools/bin/../lib/gcc/arm-none-eabi/12.3.1/../../../../arm-none-eabi/lib/thumb/v7e-m+dp/hard\libc_nano.a(libc_a-findfp.o)
                              C:/ST/STM32CubeIDE_1.15.1/STM32CubeIDE/plugins/com.st.stm32cube.ide.mcu.externaltools.gnu-tools-for-stm32.12.3.rel1.win32_1.0.200.202406191623/tools/bin/../lib/gcc/arm-none-eabi/12.3.1/../../../../arm-none-eabi/lib/thumb/v7e-m+dp/hard\libc_nano.a(libc_a-exit.o) (__stdio_exit_handler)
C:/ST/STM32CubeIDE_1.15.1/STM32CubeIDE/plugins/com.st.stm32cube.ide.mcu.externaltools.gnu-tools-for-stm32.12.3.rel1.win32_1.0.200.202406191623/tools/bin/../lib/gcc/arm-none-eabi/12.3.1/../../../../arm-none-eabi/lib/thumb/v7e-m+dp/hard\libc_nano.a(libc_a-fwalk.o)
                              C:/ST/STM32CubeIDE_1.15.1/STM32CubeIDE/plugins/com.st.stm32cube.ide.mcu.externaltools.gnu-tools-for-stm32.12.3.rel1.win32_1.0.200.202406191623/tools/bin/../lib/gcc/arm-none-eabi/12.3.1/../../../../arm-none-eabi/lib/thumb/v7e-m+dp/hard\libc_nano.a(libc_a-findfp.o) (_fwalk_sglue)
C:/ST/STM32CubeIDE_1.15.1/STM32CubeIDE/plugins/com.st.stm32cube.ide.mcu.externaltools.gnu-tools-for-stm32.12.3.rel1.win32_1.0.200.202406191623/tools/bin/../lib/gcc/arm-none-eabi/12.3.1/../../../../arm-none-eabi/lib/thumb/v7e-m+dp/hard\libc_nano.a(libc_a-stdio.o)
                              C:/ST/STM32CubeIDE_1.15.1/STM32CubeIDE/plugins/com.st.stm32cube.ide.mcu.externaltools.gnu-tools-for-stm32.12.3.rel1.win32_1.0.200.202406191623/tools/bin/../lib/gcc/arm-none-eabi/12.3.1/../../../../arm-none-eabi/lib/thumb/v7e-m+dp/hard\libc_nano.a(libc_a-findfp.o) (__sread)
C:/ST/STM32CubeIDE_1.15.1/STM32CubeIDE/plugins/com.st.stm32cube.ide.mcu.externaltools.gnu-tools-for-stm32.12.3.rel1.win32_1.0.200.202406191623/tools/bin/../lib/gcc/arm-none-eabi/12.3.1/../../../../arm-none-eabi/lib/thumb/v7e-m+dp/hard\libc_nano.a(libc_a-memset.o)
                              C:/ST/STM32CubeIDE_1.15.1/STM32CubeIDE/plugins/com.st.stm32cube.ide.mcu.externaltools.gnu-tools-for-stm32.12.3.rel1.win32_1.0.200.202406191623/tools/bin/../lib/gcc/arm-none-eabi/12.3.1/../../../../arm-none-eabi/lib/thumb/v7e-m+dp/hard/crt0.o (memset)
C:/ST/STM32CubeIDE_1.15.1/STM32CubeIDE/plugins/com.st.stm32cube.ide.mcu.externaltools.gnu-tools-for-stm32.12.3.rel1.win32_1.0.200.202406191623/tools/bin/../lib/gcc/arm-none-eabi/12.3.1/../../../../arm-none-eabi/lib/thumb/v7e-m+dp/hard\libc_nano.a(libc_a-closer.o)
                              C:/ST/STM32CubeIDE_1.15.1/STM32CubeIDE/plugins/com.st.stm32cube.ide.mcu.externaltools.gnu-tools-for-stm32.12.3.rel1.win32_1.0.200.202406191623/tools/bin/../lib/gcc/arm-none-eabi/12.3.1/../../../../arm-none-eabi/lib/thumb/v7e-m+dp/hard\libc_nano.a(libc_a-stdio.o) (_close_r)
C:/ST/STM32CubeIDE_1.15.1/STM32CubeIDE/plugins/com.st.stm32cube.ide.mcu.externaltools.gnu-tools-for-stm32.12.3.rel1.win32_1.0.200.202406191623/tools/bin/../lib/gcc/arm-none-eabi/12.3.1/../../../../arm-none-eabi/lib/thumb/v7e-m+dp/hard\libc_nano.a(libc_a-reent.o)
                              C:/ST/STM32CubeIDE_1.15.1/STM32CubeIDE/plugins/com.st.stm32cube.ide.mcu.externaltools.gnu-tools-for-stm32.12.3.rel1.win32_1.0.200.202406191623/tools/bin/../lib/gcc/arm-none-eabi/12.3.1/../../../../arm-none-eabi/lib/thumb/v7e-m+dp/hard\libc_nano.a(libc_a-closer.o) (errno)
C:/ST/STM32CubeIDE_1.15.1/STM32CubeIDE/plugins/com.st.stm32cube.ide.mcu.externaltools.gnu-tools-for-stm32.12.3.rel1.win32_1.0.200.202406191623/tools/bin/../lib/gcc/arm-none-eabi/12.3.1/../../../../arm-none-eabi/lib/thumb/v7e-m+dp/hard\libc_nano.a(libc_a-impure.o)
                              C:/ST/STM32CubeIDE_1.15.1/STM32CubeIDE/plugins/com.st.stm32cube.ide.mcu.externaltools.gnu-tools-for-stm32.12.3.rel1.win32_1.0.200.202406191623/tools/bin/../lib/gcc/arm-none-eabi/12.3.1/../../../../arm-none-eabi/lib/thumb/v7e-m+dp/hard\libc_nano.a(libc_a-reent.o) (_impure_ptr)
C:/ST/STM32CubeIDE_1.15.1/STM32CubeIDE/plugins/com.st.stm32cube.ide.mcu.externaltools.gnu-tools-for-stm32.12.3.rel1.win32_1.0.200.202406191623/tools/bin/../lib/gcc/arm-none-eabi/12.3.1/../../../../arm-none-eabi/lib/thumb/v7e-m+dp/hard\libc_nano.a(libc_a-lseekr.o)
[...]
Memory Configuration

Name             Origin             Length             Attributes
ITCMRAM          0x00000000         0x00010000         xrw
FLASH            0x08000000         0x00200000         xr
DTCMRAM1         0x20000000         0x00010000         xrw
DTCMRAM2         0x20010000         0x00010000         xrw
RAM              0x24000000         0x00100000         xrw
RAM_CD           0x30000000         0x00020000         xrw
RAM_SRD          0x38000000         0x00008000         xrw
*default*        0x00000000         0xffffffff

Linker script and memory map

LOAD C:/ST/STM32CubeIDE_1.15.1/STM32CubeIDE/plugins/com.st.stm32cube.ide.mcu.externaltools.gnu-tools-for-stm32.12.3.rel1.win32_1.0.200.202406191623/tools/bin/../lib/gcc/arm-none-eabi/12.3.1/thumb/v7e-m+dp/hard/crti.o
LOAD C:/ST/STM32CubeIDE_1.15.1/STM32CubeIDE/plugins/com.st.stm32cube.ide.mcu.externaltools.gnu-tools-for-stm32.12.3.rel1.win32_1.0.200.202406191623/tools/bin/../lib/gcc/arm-none-eabi/12.3.1/thumb/v7e-m+dp/hard/crtbegin.o
LOAD C:/ST/STM32CubeIDE_1.15.1/STM32CubeIDE/plugins/com.st.stm32cube.ide.mcu.externaltools.gnu-tools-for-stm32.12.3.rel1.win32_1.0.200.202406191623/tools/bin/../lib/gcc/arm-none-eabi/12.3.1/../../../../arm-none-eabi/lib/thumb/v7e-m+dp/hard/crt0.o
LOAD ./Core/Src/main.o
LOAD ./Core/Src/stm32h7xx_hal_msp.o
LOAD ./Core/Src/stm32h7xx_it.o
LOAD ./Core/Src/syscalls.o
LOAD ./Core/Src/sysmem.o
LOAD ./Core/Src/system_stm32h7xx.o
LOAD ./Core/Startup/startup_stm32h7a3vitx.o
LOAD ./Drivers/STM32H7xx_HAL_Driver/Src/stm32h7xx_hal.o
LOAD ./Drivers/STM32H7xx_HAL_Driver/Src/stm32h7xx_hal_cortex.o
LOAD ./Drivers/STM32H7xx_HAL_Driver/Src/stm32h7xx_hal_dma.o
LOAD ./Drivers/STM32H7xx_HAL_Driver/Src/stm32h7xx_hal_dma_ex.o
LOAD ./Drivers/STM32H7xx_HAL_Driver/Src/stm32h7xx_hal_exti.o
LOAD ./Drivers/STM32H7xx_HAL_Driver/Src/stm32h7xx_hal_flash.o
LOAD ./Drivers/STM32H7xx_HAL_Driver/Src/stm32h7xx_hal_flash_ex.o
LOAD ./Drivers/STM32H7xx_HAL_Driver/Src/stm32h7xx_hal_gpio.o
LOAD ./Drivers/STM32H7xx_HAL_Driver/Src/stm32h7xx_hal_hsem.o
LOAD ./Drivers/STM32H7xx_HAL_Driver/Src/stm32h7xx_hal_i2c.o
LOAD ./Drivers/STM32H7xx_HAL_Driver/Src/stm32h7xx_hal_i2c_ex.o
LOAD ./Drivers/STM32H7xx_HAL_Driver/Src/stm32h7xx_hal_mdma.o
LOAD ./Drivers/STM32H7xx_HAL_Driver/Src/stm32h7xx_hal_pcd.o
LOAD ./Drivers/STM32H7xx_HAL_Driver/Src/stm32h7xx_hal_pcd_ex.o
LOAD ./Drivers/STM32H7xx_HAL_Driver/Src/stm32h7xx_hal_pwr.o
LOAD ./Drivers/STM32H7xx_HAL_Driver/Src/stm32h7xx_hal_pwr_ex.o
LOAD ./Drivers/STM32H7xx_HAL_Driver/Src/stm32h7xx_hal_rcc.o
LOAD ./Drivers/STM32H7xx_HAL_Driver/Src/stm32h7xx_hal_rcc_ex.o
LOAD ./Drivers/STM32H7xx_HAL_Driver/Src/stm32h7xx_hal_sd.o
LOAD ./Drivers/STM32H7xx_HAL_Driver/Src/stm32h7xx_hal_sd_ex.o
LOAD ./Drivers/STM32H7xx_HAL_Driver/Src/stm32h7xx_hal_spi.o
LOAD ./Drivers/STM32H7xx_HAL_Driver/Src/stm32h7xx_hal_spi_ex.o
LOAD ./Drivers/STM32H7xx_HAL_Driver/Src/stm32h7xx_hal_tim.o
LOAD ./Drivers/STM32H7xx_HAL_Driver/Src/stm32h7xx_hal_tim_ex.o
LOAD ./Drivers/STM32H7xx_HAL_Driver/Src/stm32h7xx_hal_uart.o
LOAD ./Drivers/STM32H7xx_HAL_Driver/Src/stm32h7xx_hal_uart_ex.o
LOAD ./Drivers/STM32H7xx_HAL_Driver/Src/stm32h7xx_hal_usart.o
LOAD ./Drivers/STM32H7xx_HAL_Driver/Src/stm32h7xx_hal_usart_ex.o
LOAD ./Drivers/STM32H7xx_HAL_Driver/Src/stm32h7xx_ll_delayblock.o
LOAD ./Drivers/STM32H7xx_HAL_Driver/Src/stm32h7xx_ll_sdmmc.o
LOAD ./Drivers/STM32H7xx_HAL_Driver/Src/stm32h7xx_ll_usb.o
LOAD ./Middlewares/ST/STM32_USB_Device_Library/Class/MSC/Src/usbd_msc.o
LOAD ./Middlewares/ST/STM32_USB_Device_Library/Class/MSC/Src/usbd_msc_bot.o
LOAD ./Middlewares/ST/STM32_USB_Device_Library/Class/MSC/Src/usbd_msc_data.o
LOAD ./Middlewares/ST/STM32_USB_Device_Library/Class/MSC/Src/usbd_msc_scsi.o
LOAD ./Middlewares/ST/STM32_USB_Device_Library/Core/Src/usbd_core.o
LOAD ./Middlewares/ST/STM32_USB_Device_Library/Core/Src/usbd_ctlreq.o
LOAD ./Middlewares/ST/STM32_USB_Device_Library/Core/Src/usbd_ioreq.o
LOAD ./USB_DEVICE/App/usb_device.o
LOAD ./USB_DEVICE/App/usbd_desc.o
LOAD ./USB_DEVICE/App/usbd_storage_if.o
LOAD ./USB_DEVICE/Target/usbd_conf.o
START GROUP
LOAD C:/ST/STM32CubeIDE_1.15.1/STM32CubeIDE/plugins/com.st.stm32cube.ide.mcu.externaltools.gnu-tools-for-stm32.12.3.rel1.win32_1.0.200.202406191623/tools/bin/../lib/gcc/arm-none-eabi/12.3.1/../../../../arm-none-eabi/lib/thumb/v7e-m+dp/hard\libc_nano.a
LOAD C:/ST/STM32CubeIDE_1.15.1/STM32CubeIDE/plugins/com.st.stm32cube.ide.mcu.externaltools.gnu-tools-for-stm32.12.3.rel1.win32_1.0.200.202406191623/tools/bin/../lib/gcc/arm-none-eabi/12.3.1/../../../../arm-none-eabi/lib/thumb/v7e-m+dp/hard\libm.a
END GROUP
START GROUP
LOAD C:/ST/STM32CubeIDE_1.15.1/STM32CubeIDE/plugins/com.st.stm32cube.ide.mcu.externaltools.gnu-tools-for-stm32.12.3.rel1.win32_1.0.200.202406191623/tools/bin/../lib/gcc/arm-none-eabi/12.3.1/thumb/v7e-m+dp/hard\libgcc.a
LOAD C:/ST/STM32CubeIDE_1.15.1/STM32CubeIDE/plugins/com.st.stm32cube.ide.mcu.externaltools.gnu-tools-for-stm32.12.3.rel1.win32_1.0.200.202406191623/tools/bin/../lib/gcc/arm-none-eabi/12.3.1/../../../../arm-none-eabi/lib/thumb/v7e-m+dp/hard\libc_nano.a
END GROUP
START GROUP
LOAD C:/ST/STM32CubeIDE_1.15.1/STM32CubeIDE/plugins/com.st.stm32cube.ide.mcu.externaltools.gnu-tools-for-stm32.12.3.rel1.win32_1.0.200.202406191623/tools/bin/../lib/gcc/arm-none-eabi/12.3.1/thumb/v7e-m+dp/hard\libgcc.a
LOAD C:/ST/STM32CubeIDE_1.15.1/STM32CubeIDE/plugins/com.st.stm32cube.ide.mcu.externaltools.gnu-tools-for-stm32.12.3.rel1.win32_1.0.200.202406191623/tools/bin/../lib/gcc/arm-none-eabi/12.3.1/../../../../arm-none-eabi/lib/thumb/v7e-m+dp/hard\libc_nano.a
LOAD C:/ST/STM32CubeIDE_1.15.1/STM32CubeIDE/plugins/com.st.stm32cube.ide.mcu.externaltools.gnu-tools-for-stm32.12.3.rel1.win32_1.0.200.202406191623/tools/bin/../lib/gcc/arm-none-eabi/12.3.1/../../../../arm-none-eabi/lib/thumb/v7e-m+dp/hard\libnosys.a
END GROUP
START GROUP
LOAD C:/ST/STM32CubeIDE_1.15.1/STM32CubeIDE/plugins/com.st.stm32cube.ide.mcu.externaltools.gnu-tools-for-stm32.12.3.rel1.win32_1.0.200.202406191623/tools/bin/../lib/gcc/arm-none-eabi/12.3.1/thumb/v7e-m+dp/hard\libgcc.a
LOAD C:/ST/STM32CubeIDE_1.15.1/STM32CubeIDE/plugins/com.st.stm32cube.ide.mcu.externaltools.gnu-tools-for-stm32.12.3.rel1.win32_1.0.200.202406191623/tools/bin/../lib/gcc/arm-none-eabi/12.3.1/../../../../arm-none-eabi/lib/thumb/v7e-m+dp/hard\libc_nano.a
LOAD C:/ST/STM32CubeIDE_1.15.1/STM32CubeIDE/plugins/com.st.stm32cube.ide.mcu.externaltools.gnu-tools-for-stm32.12.3.rel1.win32_1.0.200.202406191623/tools/bin/../lib/gcc/arm-none-eabi/12.3.1/../../../../arm-none-eabi/lib/thumb/v7e-m+dp/hard\libnosys.a
END GROUP
LOAD C:/ST/STM32CubeIDE_1.15.1/STM32CubeIDE/plugins/com.st.stm32cube.ide.mcu.externaltools.gnu-tools-for-stm32.12.3.rel1.win32_1.0.200.202406191623/tools/bin/../lib/gcc/arm-none-eabi/12.3.1/thumb/v7e-m+dp/hard/crtend.o
LOAD C:/ST/STM32CubeIDE_1.15.1/STM32CubeIDE/plugins/com.st.stm32cube.ide.mcu.externaltools.gnu-tools-for-stm32.12.3.rel1.win32_1.0.200.202406191623/tools/bin/../lib/gcc/arm-none-eabi/12.3.1/thumb/v7e-m+dp/hard/crtn.o
                0x24100000                        _estack = (ORIGIN (RAM) + LENGTH (RAM))
                0x00000200                        _Min_Heap_Size = 0x200
                0x00000400                        _Min_Stack_Size = 0x400

.isr_vector     0x08000000      0x2ac
                0x08000000                        . = ALIGN (0x4)
 *(.isr_vector)
 .isr_vector    0x08000000      0x2ac ./Core/Startup/startup_stm32h7a3vitx.o
                0x08000000                g_pfnVectors
                0x080002ac                        . = ALIGN (0x4)

.text           0x080002ac    0x11320
                0x080002ac                        . = ALIGN (0x4)
 *(.text)
 .text          0x080002ac       0x40 C:/ST/STM32CubeIDE_1.15.1/STM32CubeIDE/plugins/com.st.stm32cube.ide.mcu.externaltools.gnu-tools-for-stm32.12.3.rel1.win32_1.0.200.202406191623/tools/bin/../lib/gcc/arm-none-eabi/12.3.1/thumb/v7e-m+dp/hard/crtbegin.o
 .text          0x080002ec       0x30 C:/ST/STM32CubeIDE_1.15.1/STM32CubeIDE/plugins/com.st.stm32cube.ide.mcu.externaltools.gnu-tools-for-stm32.12.3.rel1.win32_1.0.200.202406191623/tools/bin/../lib/gcc/arm-none-eabi/12.3.1/thumb/v7e-m+dp/hard\libgcc.a(_aeabi_uldivmod.o)
                0x080002ec                __aeabi_uldivmod
 .text          0x0800031c      0x2bc C:/ST/STM32CubeIDE_1.15.1/STM32CubeIDE/plugins/com.st.stm32cube.ide.mcu.externaltools.gnu-tools-for-stm32.12.3.rel1.win32_1.0.200.202406191623/tools/bin/../lib/gcc/arm-none-eabi/12.3.1/thumb/v7e-m+dp/hard\libgcc.a(_udivmoddi4.o)
                0x0800031c                __udivmoddi4
 .text          0x080005d8        0x4 C:/ST/STM32CubeIDE_1.15.1/STM32CubeIDE/plugins/com.st.stm32cube.ide.mcu.externaltools.gnu-tools-for-stm32.12.3.rel1.win32_1.0.200.202406191623/tools/bin/../lib/gcc/arm-none-eabi/12.3.1/thumb/v7e-m+dp/hard\libgcc.a(_dvmd_tls.o)
                0x080005d8                __aeabi_idiv0
                0x080005d8                __aeabi_ldiv0
 *(.text*)
 .text.main     0x080005dc       0x44 ./Core/Src/main.o
                0x080005dc                main
 .text.SystemClock_Config
                0x08000620       0xec ./Core/Src/main.o
                0x08000620                SystemClock_Config
 .text.MX_I2C1_Init
                0x0800070c       0x80 ./Core/Src/main.o
 .text.MX_I2C2_Init
                0x0800078c       0x80 ./Core/Src/main.o
 .text.MX_I2C4_Init
                0x0800080c       0x80 ./Core/Src/main.o
 .text.MX_SDMMC1_SD_Init
                0x0800088c       0x48 ./Core/Src/main.o
 .text.MX_SPI1_Init
                0x080008d4       0xac ./Core/Src/main.o
 .text.MX_SPI4_Init
                0x08000980       0xac ./Core/Src/main.o
 .text.MX_TIM1_Init
                0x08000a2c      0x150 ./Core/Src/main.o
 .text.MX_TIM3_Init
                0x08000b7c       0xb4 ./Core/Src/main.o
 .text.MX_USART2_UART_Init
                0x08000c30       0x98 ./Core/Src/main.o
 .text.MX_USART3_Init
                0x08000cc8       0xbc ./Core/Src/main.o
 .text.MX_GPIO_Init
                0x08000d84      0x208 ./Core/Src/main.o
 .text.MPU_Config
                0x08000f8c       0x58 ./Core/Src/main.o
 .text.Error_Handler
                0x08000fe4        0xc ./Core/Src/main.o
                0x08000fe4                Error_Handler
 .text.HAL_MspInit
                0x08000ff0       0x34 ./Core/Src/stm32h7xx_hal_msp.o
                0x08000ff0                HAL_MspInit
 .text.HAL_I2C_MspInit
                0x08001024      0x210 ./Core/Src/stm32h7xx_hal_msp.o
                0x08001024                HAL_I2C_MspInit
 .text.HAL_SD_MspInit
                0x08001234      0x11c ./Core/Src/stm32h7xx_hal_msp.o
                0x08001234                HAL_SD_MspInit
 .text.HAL_SPI_MspInit
                0x08001350      0x170 ./Core/Src/stm32h7xx_hal_msp.o
                0x08001350                HAL_SPI_MspInit
 .text.HAL_TIM_PWM_MspInit
                0x080014c0       0x74 ./Core/Src/stm32h7xx_hal_msp.o
                0x080014c0                HAL_TIM_PWM_MspInit
 .text.HAL_TIM_MspPostInit
                0x08001534       0xc8 ./Core/Src/stm32h7xx_hal_msp.o
                0x08001534                HAL_TIM_MspPostInit
 .text.HAL_UART_MspInit
                0x080015fc       0xd0 ./Core/Src/stm32h7xx_hal_msp.o
                0x080015fc                HAL_UART_MspInit
 .text.HAL_USART_MspInit
                0x080016cc      0x120 ./Core/Src/stm32h7xx_hal_msp.o
                0x080016cc                HAL_USART_MspInit
 .text.NMI_Handler
                0x080017ec        0x8 ./Core/Src/stm32h7xx_it.o
                0x080017ec                NMI_Handler
 .text.HardFault_Handler
                0x080017f4        0x8 ./Core/Src/stm32h7xx_it.o
                0x080017f4                HardFault_Handler
 .text.MemManage_Handler
                0x080017fc        0x8 ./Core/Src/stm32h7xx_it.o
                0x080017fc                MemManage_Handler
 .text.BusFault_Handler
                0x08001804        0x8 ./Core/Src/stm32h7xx_it.o
                0x08001804                BusFault_Handler
 .text.UsageFault_Handler
                0x0800180c        0x8 ./Core/Src/stm32h7xx_it.o
                0x0800180c                UsageFault_Handler
 .text.SVC_Handler
                0x08001814        0xe ./Core/Src/stm32h7xx_it.o
                0x08001814                SVC_Handler
 .text.DebugMon_Handler
                0x08001822        0xe ./Core/Src/stm32h7xx_it.o
                0x08001822                DebugMon_Handler
 .text.PendSV_Handler
                0x08001830        0xe ./Core/Src/stm32h7xx_it.o
                0x08001830                PendSV_Handler
 .text.SysTick_Handler
                0x0800183e        0xc ./Core/Src/stm32h7xx_it.o
                0x0800183e                SysTick_Handler
 *fill*         0x0800184a        0x2 
 .text.OTG_HS_IRQHandler
                0x0800184c       0x14 ./Core/Src/stm32h7xx_it.o
                0x0800184c                OTG_HS_IRQHandler
 .text.SystemInit
                0x08001860       0xf0 ./Core/Src/system_stm32h7xx.o
                0x08001860                SystemInit
 .text.Reset_Handler
                0x08001950       0x50 ./Core/Startup/startup_stm32h7a3vitx.o
                0x08001950                Reset_Handler
 .text.Default_Handler
                0x080019a0        0x2 ./Core/Startup/startup_stm32h7a3vitx.o
                0x080019a0                RTC_Alarm_IRQHandler
                0x080019a0                EXTI2_IRQHandler
                0x080019a0                TIM8_CC_IRQHandler
                0x080019a0                UART8_IRQHandler
                0x080019a0                BDMA2_Channel1_IRQHandler
                0x080019a0                SPI4_IRQHandler
                0x080019a0                BDMA2_Channel0_IRQHandler
                0x080019a0                TIM1_CC_IRQHandler
                0x080019a0                DMA2_Stream5_IRQHandler
                0x080019a0                JPEG_IRQHandler
                0x080019a0                DMA1_Stream5_IRQHandler
                0x080019a0                EXTI3_IRQHandler
                0x080019a0                LPTIM4_IRQHandler
                0x080019a0                TIM8_TRG_COM_TIM14_IRQHandler
                0x080019a0                LPTIM2_IRQHandler
                0x080019a0                DFSDM1_FLT1_IRQHandler
                0x080019a0                DMAMUX2_OVR_IRQHandler
                0x080019a0                GFXMMU_IRQHandler
                0x080019a0                TIM8_UP_TIM13_IRQHandler
                0x080019a0                I2C3_ER_IRQHandler
                0x080019a0                DFSDM1_FLT2_IRQHandler
                0x080019a0                USART10_IRQHandler
                0x080019a0                MDMA_IRQHandler
                0x080019a0                LPTIM3_IRQHandler
                0x080019a0                BDMA2_Channel3_IRQHandler
                0x080019a0                HSEM1_IRQHandler
                0x080019a0                EXTI0_IRQHandler
                0x080019a0                I2C2_EV_IRQHandler
                0x080019a0                DAC2_IRQHandler
                0x080019a0                DMA1_Stream2_IRQHandler
                0x080019a0                FPU_IRQHandler
                0x080019a0                OTG_HS_WKUP_IRQHandler
                0x080019a0                FDCAN1_IT1_IRQHandler
                0x080019a0                LTDC_ER_IRQHandler
                0x080019a0                DMA2_Stream2_IRQHandler
                0x080019a0                SPI1_IRQHandler
                0x080019a0                OCTOSPI1_IRQHandler
                0x080019a0                TIM6_DAC_IRQHandler
                0x080019a0                BDMA2_Channel6_IRQHandler
                0x080019a0                DMA2_Stream3_IRQHandler
                0x080019a0                OCTOSPI2_IRQHandler
                0x080019a0                SAI2_IRQHandler
                0x080019a0                BDMA1_IRQHandler
                0x080019a0                DFSDM1_FLT3_IRQHandler
                0x080019a0                USART6_IRQHandler
                0x080019a0                TIM17_IRQHandler
                0x080019a0                USART3_IRQHandler
                0x080019a0                LPTIM5_IRQHandler
                0x080019a0                UART5_IRQHandler
                0x080019a0                DMA2_Stream0_IRQHandler
                0x080019a0                TIM4_IRQHandler
                0x080019a0                I2C1_EV_IRQHandler
                0x080019a0                DMA1_Stream6_IRQHandler
                0x080019a0                DMAMUX1_OVR_IRQHandler
                0x080019a0                DMA1_Stream1_IRQHandler
                0x080019a0                TIM16_IRQHandler
                0x080019a0                UART4_IRQHandler
                0x080019a0                TIM3_IRQHandler
                0x080019a0                RCC_IRQHandler
                0x080019a0                UART9_IRQHandler
                0x080019a0                TIM8_BRK_TIM12_IRQHandler
                0x080019a0                TIM1_TRG_COM_IRQHandler
                0x080019a0                Default_Handler
                0x080019a0                ECC_IRQHandler
                0x080019a0                BDMA2_Channel2_IRQHandler
                0x080019a0                CEC_IRQHandler
                0x080019a0                EXTI15_10_IRQHandler
                0x080019a0                DFSDM1_FLT4_IRQHandler
                0x080019a0                ADC_IRQHandler
                0x080019a0                DMA1_Stream7_IRQHandler
                0x080019a0                SPI5_IRQHandler
                0x080019a0                TIM7_IRQHandler
                0x080019a0                SDMMC1_IRQHandler
                0x080019a0                TIM5_IRQHandler
                0x080019a0                DMA2_Stream7_IRQHandler
                0x080019a0                TIM15_IRQHandler
                0x080019a0                I2C3_EV_IRQHandler
                0x080019a0                DFSDM2_IRQHandler
                0x080019a0                EXTI9_5_IRQHandler
                0x080019a0                RTC_WKUP_IRQHandler
                0x080019a0                LTDC_IRQHandler
                0x080019a0                SPDIF_RX_IRQHandler
                0x080019a0                PVD_PVM_IRQHandler
                0x080019a0                SPI2_IRQHandler
                0x080019a0                OTG_HS_EP1_IN_IRQHandler
                0x080019a0                DFSDM1_FLT5_IRQHandler
                0x080019a0                DMA1_Stream0_IRQHandler
                0x080019a0                CRS_IRQHandler
                0x080019a0                EXTI4_IRQHandler
                0x080019a0                DFSDM1_FLT6_IRQHandler
                0x080019a0                RNG_IRQHandler
                0x080019a0                FDCAN2_IT1_IRQHandler
                0x080019a0                COMP_IRQHandler
                0x080019a0                TIM1_UP_IRQHandler
                0x080019a0                OTG_HS_EP1_OUT_IRQHandler
                0x080019a0                WWDG_IRQHandler
                0x080019a0                SPI6_IRQHandler
                0x080019a0                MDIOS_IRQHandler
                0x080019a0                I2C4_EV_IRQHandler
                0x080019a0                FDCAN2_IT0_IRQHandler
                0x080019a0                LPUART1_IRQHandler
                0x080019a0                FDCAN1_IT0_IRQHandler
                0x080019a0                TIM2_IRQHandler
                0x080019a0                BDMA2_Channel5_IRQHandler
                0x080019a0                DMA2D_IRQHandler
                0x080019a0                TIM1_BRK_IRQHandler
                0x080019a0                EXTI1_IRQHandler
                0x080019a0                SDMMC2_IRQHandler
                0x080019a0                DTS_IRQHandler
                0x080019a0                UART7_IRQHandler
                0x080019a0                MDIOS_WKUP_IRQHandler
                0x080019a0                USART2_IRQHandler
                0x080019a0                DFSDM1_FLT0_IRQHandler
                0x080019a0                I2C2_ER_IRQHandler
                0x080019a0                DMA2_Stream1_IRQHandler
                0x080019a0                DFSDM1_FLT7_IRQHandler
                0x080019a0                FLASH_IRQHandler
                0x080019a0                DMA2_Stream4_IRQHandler
                0x080019a0                USART1_IRQHandler
                0x080019a0                SPI3_IRQHandler
                0x080019a0                WAKEUP_PIN_IRQHandler
                0x080019a0                DMA1_Stream4_IRQHandler
                0x080019a0                I2C1_ER_IRQHandler
                0x080019a0                FMC_IRQHandler
                0x080019a0                BDMA2_Channel7_IRQHandler
                0x080019a0                FDCAN_CAL_IRQHandler
                0x080019a0                SWPMI1_IRQHandler
                0x080019a0                LPTIM1_IRQHandler
                0x080019a0                DCMI_PSSI_IRQHandler
                0x080019a0                I2C4_ER_IRQHandler
                0x080019a0                DMA2_Stream6_IRQHandler
                0x080019a0                SAI1_IRQHandler
                0x080019a0                DMA1_Stream3_IRQHandler
                0x080019a0                RTC_TAMP_STAMP_CSS_LSE_IRQHandler
                0x080019a0                BDMA2_Channel4_IRQHandler
 *fill*         0x080019a2        0x2 
 .text.HAL_Init
                0x080019a4       0x78 ./Drivers/STM32H7xx_HAL_Driver/Src/stm32h7xx_hal.o
                0x080019a4                HAL_Init
 .text.HAL_InitTick
                0x08001a1c       0x6c ./Drivers/STM32H7xx_HAL_Driver/Src/stm32h7xx_hal.o
                0x08001a1c                HAL_InitTick
 .text.HAL_IncTick
                0x08001a88       0x28 ./Drivers/STM32H7xx_HAL_Driver/Src/stm32h7xx_hal.o
                0x08001a88                HAL_IncTick
 .text.HAL_GetTick
                0x08001ab0       0x18 ./Drivers/STM32H7xx_HAL_Driver/Src/stm32h7xx_hal.o
                0x08001ab0                HAL_GetTick
 .text.HAL_Delay
                0x08001ac8       0x48 ./Drivers/STM32H7xx_HAL_Driver/Src/stm32h7xx_hal.o
                0x08001ac8                HAL_Delay
 .text.__NVIC_SetPriorityGrouping
                0x08001b10       0x48 ./Drivers/STM32H7xx_HAL_Driver/Src/stm32h7xx_hal_cortex.o
 .text.__NVIC_GetPriorityGrouping
                0x08001b58       0x1c ./Drivers/STM32H7xx_HAL_Driver/Src/stm32h7xx_hal_cortex.o
 .text.__NVIC_EnableIRQ
                0x08001b74       0x3c ./Drivers/STM32H7xx_HAL_Driver/Src/stm32h7xx_hal_cortex.o
 .text.__NVIC_SetPriority
                0x08001bb0       0x54 ./Drivers/STM32H7xx_HAL_Driver/Src/stm32h7xx_hal_cortex.o
 .text.NVIC_EncodePriority
                0x08001c04       0x66 ./Drivers/STM32H7xx_HAL_Driver/Src/stm32h7xx_hal_cortex.o
 *fill*         0x08001c6a        0x2 
 .text.SysTick_Config
                0x08001c6c       0x44 ./Drivers/STM32H7xx_HAL_Driver/Src/stm32h7xx_hal_cortex.o
 .text.HAL_NVIC_SetPriorityGrouping
                0x08001cb0       0x16 ./Drivers/STM32H7xx_HAL_Driver/Src/stm32h7xx_hal_cortex.o
                0x08001cb0                HAL_NVIC_SetPriorityGrouping
 .text.HAL_NVIC_SetPriority
                0x08001cc6       0x34 ./Drivers/STM32H7xx_HAL_Driver/Src/stm32h7xx_hal_cortex.o
                0x08001cc6                HAL_NVIC_SetPriority
 .text.HAL_NVIC_EnableIRQ
                0x08001cfa       0x1c ./Drivers/STM32H7xx_HAL_Driver/Src/stm32h7xx_hal_cortex.o
                0x08001cfa                HAL_NVIC_EnableIRQ
 .text.HAL_SYSTICK_Config
                0x08001d16       0x18 ./Drivers/STM32H7xx_HAL_Driver/Src/stm32h7xx_hal_cortex.o
                0x08001d16                HAL_SYSTICK_Config
 *fill*         0x08001d2e        0x2 
 .text.HAL_MPU_Disable
                0x08001d30       0x30 ./Drivers/STM32H7xx_HAL_Driver/Src/stm32h7xx_hal_cortex.o
                0x08001d30                HAL_MPU_Disable
 .text.HAL_MPU_Enable
                0x08001d60       0x40 ./Drivers/STM32H7xx_HAL_Driver/Src/stm32h7xx_hal_cortex.o
                0x08001d60                HAL_MPU_Enable
 .text.HAL_MPU_ConfigRegion
                0x08001da0       0x80 ./Drivers/STM32H7xx_HAL_Driver/Src/stm32h7xx_hal_cortex.o
                0x08001da0                HAL_MPU_ConfigRegion
 .text.HAL_GPIO_Init
                0x08001e20      0x360 ./Drivers/STM32H7xx_HAL_Driver/Src/stm32h7xx_hal_gpio.o
                0x08001e20                HAL_GPIO_Init
 .text.HAL_GPIO_WritePin
                0x08002180       0x32 ./Drivers/STM32H7xx_HAL_Driver/Src/stm32h7xx_hal_gpio.o
                0x08002180                HAL_GPIO_WritePin
 *fill*         0x080021b2        0x2 
 .text.HAL_I2C_Init
                0x080021b4      0x138 ./Drivers/STM32H7xx_HAL_Driver/Src/stm32h7xx_hal_i2c.o
                0x080021b4                HAL_I2C_Init
 .text.HAL_I2CEx_ConfigAnalogFilter
                0x080022ec       0x96 ./Drivers/STM32H7xx_HAL_Driver/Src/stm32h7xx_hal_i2c_ex.o
                0x080022ec                HAL_I2CEx_ConfigAnalogFilter
 .text.HAL_I2CEx_ConfigDigitalFilter
                0x08002382       0x98 ./Drivers/STM32H7xx_HAL_Driver/Src/stm32h7xx_hal_i2c_ex.o
                0x08002382                HAL_I2CEx_ConfigDigitalFilter
 .text.HAL_PCD_Init
                0x0800241a      0x218 ./Drivers/STM32H7xx_HAL_Driver/Src/stm32h7xx_hal_pcd.o
                0x0800241a                HAL_PCD_Init
 .text.HAL_PCD_Start
                0x08002632       0x6a ./Drivers/STM32H7xx_HAL_Driver/Src/stm32h7xx_hal_pcd.o
                0x08002632                HAL_PCD_Start
 .text.HAL_PCD_IRQHandler
                0x0800269c      0x99c ./Drivers/STM32H7xx_HAL_Driver/Src/stm32h7xx_hal_pcd.o
                0x0800269c                HAL_PCD_IRQHandler
 .text.HAL_PCD_SetAddress
                0x08003038       0x48 ./Drivers/STM32H7xx_HAL_Driver/Src/stm32h7xx_hal_pcd.o
                0x08003038                HAL_PCD_SetAddress
 .text.HAL_PCD_EP_Open
                0x08003080       0xd0 ./Drivers/STM32H7xx_HAL_Driver/Src/stm32h7xx_hal_pcd.o
                0x08003080                HAL_PCD_EP_Open
 .text.HAL_PCD_EP_Close
                0x08003150       0x94 ./Drivers/STM32H7xx_HAL_Driver/Src/stm32h7xx_hal_pcd.o
                0x08003150                HAL_PCD_EP_Close
 .text.HAL_PCD_EP_Receive
                0x080031e4       0x76 ./Drivers/STM32H7xx_HAL_Driver/Src/stm32h7xx_hal_pcd.o
                0x080031e4                HAL_PCD_EP_Receive
 .text.HAL_PCD_EP_GetRxCount
                0x0800325a       0x30 ./Drivers/STM32H7xx_HAL_Driver/Src/stm32h7xx_hal_pcd.o
                0x0800325a                HAL_PCD_EP_GetRxCount
 .text.HAL_PCD_EP_Transmit
                0x0800328a       0x74 ./Drivers/STM32H7xx_HAL_Driver/Src/stm32h7xx_hal_pcd.o
                0x0800328a                HAL_PCD_EP_Transmit
 .text.HAL_PCD_EP_SetStall
                0x080032fe       0xc6 ./Drivers/STM32H7xx_HAL_Driver/Src/stm32h7xx_hal_pcd.o
                0x080032fe                HAL_PCD_EP_SetStall
 .text.HAL_PCD_EP_ClrStall
                0x080033c4       0xac ./Drivers/STM32H7xx_HAL_Driver/Src/stm32h7xx_hal_pcd.o
                0x080033c4                HAL_PCD_EP_ClrStall
 .text.HAL_PCD_EP_Abort
                0x08003470       0x62 ./Drivers/STM32H7xx_HAL_Driver/Src/stm32h7xx_hal_pcd.o
                0x08003470                HAL_PCD_EP_Abort
 .text.HAL_PCD_EP_Flush
                0x080034d2       0x5a ./Drivers/STM32H7xx_HAL_Driver/Src/stm32h7xx_hal_pcd.o
                0x080034d2                HAL_PCD_EP_Flush
 .text.PCD_WriteEmptyTxFifo
                0x0800352c      0x118 ./Drivers/STM32H7xx_HAL_Driver/Src/stm32h7xx_hal_pcd.o
 .text.PCD_EP_OutXfrComplete_int
                0x08003644      0x1d0 ./Drivers/STM32H7xx_HAL_Driver/Src/stm32h7xx_hal_pcd.o
 .text.PCD_EP_OutSetupPacket_int
                0x08003814       0x8c ./Drivers/STM32H7xx_HAL_Driver/Src/stm32h7xx_hal_pcd.o
 .text.HAL_PCDEx_SetTxFiFo
                0x080038a0       0x8e ./Drivers/STM32H7xx_HAL_Driver/Src/stm32h7xx_hal_pcd_ex.o
                0x080038a0                HAL_PCDEx_SetTxFiFo
 .text.HAL_PCDEx_SetRxFiFo
                0x0800392e       0x22 ./Drivers/STM32H7xx_HAL_Driver/Src/stm32h7xx_hal_pcd_ex.o
                0x0800392e                HAL_PCDEx_SetRxFiFo
 .text.HAL_PCDEx_ActivateLPM
                0x08003950       0x48 ./Drivers/STM32H7xx_HAL_Driver/Src/stm32h7xx_hal_pcd_ex.o
                0x08003950                HAL_PCDEx_ActivateLPM
 .text.HAL_PCDEx_LPM_Callback
                0x08003998       0x18 ./Drivers/STM32H7xx_HAL_Driver/Src/stm32h7xx_hal_pcd_ex.o
                0x08003998                HAL_PCDEx_LPM_Callback
 .text.HAL_PWREx_ConfigSupply
                0x080039b0       0x74 ./Drivers/STM32H7xx_HAL_Driver/Src/stm32h7xx_hal_pwr_ex.o
                0x080039b0                HAL_PWREx_ConfigSupply
 .text.HAL_PWREx_EnableUSBVoltageDetector
                0x08003a24       0x20 ./Drivers/STM32H7xx_HAL_Driver/Src/stm32h7xx_hal_pwr_ex.o
                0x08003a24                HAL_PWREx_EnableUSBVoltageDetector
 .text.HAL_RCC_OscConfig
                0x08003a44      0x864 ./Drivers/STM32H7xx_HAL_Driver/Src/stm32h7xx_hal_rcc.o
                0x08003a44                HAL_RCC_OscConfig
 .text.HAL_RCC_ClockConfig
                0x080042a8      0x36c ./Drivers/STM32H7xx_HAL_Driver/Src/stm32h7xx_hal_rcc.o
                0x080042a8                HAL_RCC_ClockConfig
 .text.HAL_RCC_GetSysClockFreq
                0x08004614      0x2f4 ./Drivers/STM32H7xx_HAL_Driver/Src/stm32h7xx_hal_rcc.o
                0x08004614                HAL_RCC_GetSysClockFreq
 .text.HAL_RCC_GetHCLKFreq
                0x08004908       0x60 ./Drivers/STM32H7xx_HAL_Driver/Src/stm32h7xx_hal_rcc.o
                0x08004908                HAL_RCC_GetHCLKFreq
 .text.HAL_RCC_GetPCLK1Freq
                0x08004968       0x2c ./Drivers/STM32H7xx_HAL_Driver/Src/stm32h7xx_hal_rcc.o
                0x08004968                HAL_RCC_GetPCLK1Freq
 .text.HAL_RCC_GetPCLK2Freq
                0x08004994       0x2c ./Drivers/STM32H7xx_HAL_Driver/Src/stm32h7xx_hal_rcc.o
                0x08004994                HAL_RCC_GetPCLK2Freq
 .text.HAL_RCCEx_PeriphCLKConfig
                0x080049c0     0x137c ./Drivers/STM32H7xx_HAL_Driver/Src/stm32h7xx_hal_rcc_ex.o
                0x080049c0                HAL_RCCEx_PeriphCLKConfig
 .text.HAL_RCCEx_GetPeriphCLKFreq
                0x08005d3c      0x9b0 ./Drivers/STM32H7xx_HAL_Driver/Src/stm32h7xx_hal_rcc_ex.o
                0x08005d3c                HAL_RCCEx_GetPeriphCLKFreq
 .text.HAL_RCCEx_GetD3PCLK1Freq
                0x080066ec       0x2c ./Drivers/STM32H7xx_HAL_Driver/Src/stm32h7xx_hal_rcc_ex.o
                0x080066ec                HAL_RCCEx_GetD3PCLK1Freq
 .text.HAL_RCCEx_GetPLL2ClockFreq
                0x08006718      0x2a8 ./Drivers/STM32H7xx_HAL_Driver/Src/stm32h7xx_hal_rcc_ex.o
                0x08006718                HAL_RCCEx_GetPLL2ClockFreq
 .text.HAL_RCCEx_GetPLL3ClockFreq
                0x080069c0      0x2a8 ./Drivers/STM32H7xx_HAL_Driver/Src/stm32h7xx_hal_rcc_ex.o
                0x080069c0                HAL_RCCEx_GetPLL3ClockFreq
 .text.HAL_RCCEx_GetPLL1ClockFreq
                0x08006c68      0x2a4 ./Drivers/STM32H7xx_HAL_Driver/Src/stm32h7xx_hal_rcc_ex.o
                0x08006c68                HAL_RCCEx_GetPLL1ClockFreq
 .text.RCCEx_PLL2_Config
                0x08006f0c      0x164 ./Drivers/STM32H7xx_HAL_Driver/Src/stm32h7xx_hal_rcc_ex.o
 .text.RCCEx_PLL3_Config
                0x08007070      0x164 ./Drivers/STM32H7xx_HAL_Driver/Src/stm32h7xx_hal_rcc_ex.o
 .text.HAL_SD_Init
                0x080071d4      0x106 ./Drivers/STM32H7xx_HAL_Driver/Src/stm32h7xx_hal_sd.o
                0x080071d4                HAL_SD_Init
 *fill*         0x080072da        0x2 
 .text.HAL_SD_InitCard
                0x080072dc      0x138 ./Drivers/STM32H7xx_HAL_Driver/Src/stm32h7xx_hal_sd.o
                0x080072dc                HAL_SD_InitCard
 .text.HAL_SD_GetCardCSD
                0x08007414      0x348 ./Drivers/STM32H7xx_HAL_Driver/Src/stm32h7xx_hal_sd.o
                0x08007414                HAL_SD_GetCardCSD
 .text.HAL_SD_GetCardStatus
                0x0800775c      0x17c ./Drivers/STM32H7xx_HAL_Driver/Src/stm32h7xx_hal_sd.o
                0x0800775c                HAL_SD_GetCardStatus
 .text.HAL_SD_ConfigWideBusOperation
                0x080078d8      0x224 ./Drivers/STM32H7xx_HAL_Driver/Src/stm32h7xx_hal_sd.o
                0x080078d8                HAL_SD_ConfigWideBusOperation
 .text.HAL_SD_GetCardState
                0x08007afc       0x40 ./Drivers/STM32H7xx_HAL_Driver/Src/stm32h7xx_hal_sd.o
                0x08007afc                HAL_SD_GetCardState
 .text.SD_InitCard
                0x08007b3c      0x19c ./Drivers/STM32H7xx_HAL_Driver/Src/stm32h7xx_hal_sd.o
 .text.SD_PowerON
                0x08007cd8      0x11c ./Drivers/STM32H7xx_HAL_Driver/Src/stm32h7xx_hal_sd.o
 .text.SD_SendSDStatus
                0x08007df4      0x1a0 ./Drivers/STM32H7xx_HAL_Driver/Src/stm32h7xx_hal_sd.o
 .text.SD_SendStatus
                0x08007f94       0x50 ./Drivers/STM32H7xx_HAL_Driver/Src/stm32h7xx_hal_sd.o
 .text.SD_WideBus_Enable
                0x08007fe4       0x96 ./Drivers/STM32H7xx_HAL_Driver/Src/stm32h7xx_hal_sd.o
 .text.SD_WideBus_Disable
                0x0800807a       0x96 ./Drivers/STM32H7xx_HAL_Driver/Src/stm32h7xx_hal_sd.o
 .text.SD_FindSCR
                0x08008110      0x1a0 ./Drivers/STM32H7xx_HAL_Driver/Src/stm32h7xx_hal_sd.o
 .text.HAL_SPI_Init
                0x080082b0      0x248 ./Drivers/STM32H7xx_HAL_Driver/Src/stm32h7xx_hal_spi.o
                0x080082b0                HAL_SPI_Init
 .text.SPI_GetPacketSize
                0x080084f8       0x36 ./Drivers/STM32H7xx_HAL_Driver/Src/stm32h7xx_hal_spi.o
 .text.HAL_TIM_PWM_Init
                0x0800852e       0xae ./Drivers/STM32H7xx_HAL_Driver/Src/stm32h7xx_hal_tim.o
                0x0800852e                HAL_TIM_PWM_Init
 .text.HAL_TIM_PWM_ConfigChannel
                0x080085dc      0x228 ./Drivers/STM32H7xx_HAL_Driver/Src/stm32h7xx_hal_tim.o
                0x080085dc                HAL_TIM_PWM_ConfigChannel
 .text.TIM_Base_SetConfig
                0x08008804      0x14c ./Drivers/STM32H7xx_HAL_Driver/Src/stm32h7xx_hal_tim.o
                0x08008804                TIM_Base_SetConfig
 .text.TIM_OC1_SetConfig
                0x08008950      0x120 ./Drivers/STM32H7xx_HAL_Driver/Src/stm32h7xx_hal_tim.o
 .text.TIM_OC2_SetConfig
                0x08008a70      0x114 ./Drivers/STM32H7xx_HAL_Driver/Src/stm32h7xx_hal_tim.o
                0x08008a70                TIM_OC2_SetConfig
 .text.TIM_OC3_SetConfig
                0x08008b84      0x110 ./Drivers/STM32H7xx_HAL_Driver/Src/stm32h7xx_hal_tim.o
 .text.TIM_OC4_SetConfig
                0x08008c94       0xd4 ./Drivers/STM32H7xx_HAL_Driver/Src/stm32h7xx_hal_tim.o
 .text.TIM_OC5_SetConfig
                0x08008d68       0xc8 ./Drivers/STM32H7xx_HAL_Driver/Src/stm32h7xx_hal_tim.o
 .text.TIM_OC6_SetConfig
                0x08008e30       0xcc ./Drivers/STM32H7xx_HAL_Driver/Src/stm32h7xx_hal_tim.o
 .text.HAL_TIMEx_MasterConfigSynchronization
                0x08008efc      0x11c ./Drivers/STM32H7xx_HAL_Driver/Src/stm32h7xx_hal_tim_ex.o
                0x08008efc                HAL_TIMEx_MasterConfigSynchronization
 .text.HAL_TIMEx_ConfigBreakDeadTime
                0x08009018      0x118 ./Drivers/STM32H7xx_HAL_Driver/Src/stm32h7xx_hal_tim_ex.o
                0x08009018                HAL_TIMEx_ConfigBreakDeadTime
 .text.HAL_UART_Init
                0x08009130       0xa0 ./Drivers/STM32H7xx_HAL_Driver/Src/stm32h7xx_hal_uart.o
                0x08009130                HAL_UART_Init
 .text.UART_SetConfig
                0x080091d0      0xcd8 ./Drivers/STM32H7xx_HAL_Driver/Src/stm32h7xx_hal_uart.o
                0x080091d0                UART_SetConfig
 .text.UART_AdvFeatureConfig
                0x08009ea8      0x144 ./Drivers/STM32H7xx_HAL_Driver/Src/stm32h7xx_hal_uart.o
                0x08009ea8                UART_AdvFeatureConfig
 .text.UART_CheckIdleState
                0x08009fec      0x154 ./Drivers/STM32H7xx_HAL_Driver/Src/stm32h7xx_hal_uart.o
                0x08009fec                UART_CheckIdleState
 .text.UART_WaitOnFlagUntilTimeout
                0x0800a140       0xda ./Drivers/STM32H7xx_HAL_Driver/Src/stm32h7xx_hal_uart.o
                0x0800a140                UART_WaitOnFlagUntilTimeout
 *fill*         0x0800a21a        0x2 
 .text.UART_EndRxTransfer
                0x0800a21c       0xcc ./Drivers/STM32H7xx_HAL_Driver/Src/stm32h7xx_hal_uart.o
 .text.HAL_UARTEx_DisableFifoMode
                0x0800a2e8       0x72 ./Drivers/STM32H7xx_HAL_Driver/Src/stm32h7xx_hal_uart_ex.o
                0x0800a2e8                HAL_UARTEx_DisableFifoMode
 .text.HAL_UARTEx_SetTxFifoThreshold
                0x0800a35a       0x7c ./Drivers/STM32H7xx_HAL_Driver/Src/stm32h7xx_hal_uart_ex.o
                0x0800a35a                HAL_UARTEx_SetTxFifoThreshold
 .text.HAL_UARTEx_SetRxFifoThreshold
                0x0800a3d6       0x7c ./Drivers/STM32H7xx_HAL_Driver/Src/stm32h7xx_hal_uart_ex.o
                0x0800a3d6                HAL_UARTEx_SetRxFifoThreshold
 *fill*         0x0800a452        0x2 
 .text.UARTEx_SetNbDataToProcess
                0x0800a454       0x9c ./Drivers/STM32H7xx_HAL_Driver/Src/stm32h7xx_hal_uart_ex.o
 .text.HAL_USART_Init
                0x0800a4f0       0x94 ./Drivers/STM32H7xx_HAL_Driver/Src/stm32h7xx_hal_usart.o
                0x0800a4f0                HAL_USART_Init
 .text.USART_WaitOnFlagUntilTimeout
                0x0800a584       0x6c ./Drivers/STM32H7xx_HAL_Driver/Src/stm32h7xx_hal_usart.o
 .text.USART_SetConfig
                0x0800a5f0      0xb44 ./Drivers/STM32H7xx_HAL_Driver/Src/stm32h7xx_hal_usart.o
 .text.USART_CheckIdleState
                0x0800b134       0x86 ./Drivers/STM32H7xx_HAL_Driver/Src/stm32h7xx_hal_usart.o
 .text.HAL_USARTEx_EnableSlaveMode
                0x0800b1ba       0xaa ./Drivers/STM32H7xx_HAL_Driver/Src/stm32h7xx_hal_usart_ex.o
                0x0800b1ba                HAL_USARTEx_EnableSlaveMode
 .text.HAL_USARTEx_ConfigNSS
                0x0800b264       0x7a ./Drivers/STM32H7xx_HAL_Driver/Src/stm32h7xx_hal_usart_ex.o
                0x0800b264                HAL_USARTEx_ConfigNSS
 .text.HAL_USARTEx_DisableFifoMode
                0x0800b2de       0x72 ./Drivers/STM32H7xx_HAL_Driver/Src/stm32h7xx_hal_usart_ex.o
                0x0800b2de                HAL_USARTEx_DisableFifoMode
 .text.HAL_USARTEx_SetTxFifoThreshold
                0x0800b350       0x7c ./Drivers/STM32H7xx_HAL_Driver/Src/stm32h7xx_hal_usart_ex.o
                0x0800b350                HAL_USARTEx_SetTxFifoThreshold
 .text.HAL_USARTEx_SetRxFifoThreshold
                0x0800b3cc       0x7c ./Drivers/STM32H7xx_HAL_Driver/Src/stm32h7xx_hal_usart_ex.o
                0x0800b3cc                HAL_USARTEx_SetRxFifoThreshold
 .text.USARTEx_SetNbDataToProcess
                0x0800b448       0x94 ./Drivers/STM32H7xx_HAL_Driver/Src/stm32h7xx_hal_usart_ex.o
 .text.SDMMC_Init
                0x0800b4dc       0x54 ./Drivers/STM32H7xx_HAL_Driver/Src/stm32h7xx_ll_sdmmc.o
                0x0800b4dc                SDMMC_Init
 .text.SDMMC_ReadFIFO
                0x0800b530       0x1a ./Drivers/STM32H7xx_HAL_Driver/Src/stm32h7xx_ll_sdmmc.o
                0x0800b530                SDMMC_ReadFIFO
 .text.SDMMC_PowerState_ON
                0x0800b54a       0x22 ./Drivers/STM32H7xx_HAL_Driver/Src/stm32h7xx_ll_sdmmc.o
                0x0800b54a                SDMMC_PowerState_ON
 .text.SDMMC_GetPowerState
                0x0800b56c       0x1c ./Drivers/STM32H7xx_HAL_Driver/Src/stm32h7xx_ll_sdmmc.o
                0x0800b56c                SDMMC_GetPowerState
 .text.SDMMC_SendCommand
                0x0800b588       0x54 ./Drivers/STM32H7xx_HAL_Driver/Src/stm32h7xx_ll_sdmmc.o
                0x0800b588                SDMMC_SendCommand
 .text.SDMMC_GetCommandResponse
                0x0800b5dc       0x1a ./Drivers/STM32H7xx_HAL_Driver/Src/stm32h7xx_ll_sdmmc.o
                0x0800b5dc                SDMMC_GetCommandResponse
 .text.SDMMC_GetResponse
                0x0800b5f6       0x26 ./Drivers/STM32H7xx_HAL_Driver/Src/stm32h7xx_ll_sdmmc.o
                0x0800b5f6                SDMMC_GetResponse
 .text.SDMMC_ConfigData
                0x0800b61c       0x58 ./Drivers/STM32H7xx_HAL_Driver/Src/stm32h7xx_ll_sdmmc.o
                0x0800b61c                SDMMC_ConfigData
 .text.SDMMC_CmdBlockLength
                0x0800b674       0x46 ./Drivers/STM32H7xx_HAL_Driver/Src/stm32h7xx_ll_sdmmc.o
                0x0800b674                SDMMC_CmdBlockLength
 .text.SDMMC_CmdSelDesel
                0x0800b6ba       0x46 ./Drivers/STM32H7xx_HAL_Driver/Src/stm32h7xx_ll_sdmmc.o
                0x0800b6ba                SDMMC_CmdSelDesel
 .text.SDMMC_CmdGoIdleState
                0x0800b700       0x3c ./Drivers/STM32H7xx_HAL_Driver/Src/stm32h7xx_ll_sdmmc.o
                0x0800b700                SDMMC_CmdGoIdleState
 .text.SDMMC_CmdOperCond
                0x0800b73c       0x40 ./Drivers/STM32H7xx_HAL_Driver/Src/stm32h7xx_ll_sdmmc.o
                0x0800b73c                SDMMC_CmdOperCond
 .text.SDMMC_CmdAppCommand
                0x0800b77c       0x46 ./Drivers/STM32H7xx_HAL_Driver/Src/stm32h7xx_ll_sdmmc.o
                0x0800b77c                SDMMC_CmdAppCommand
 .text.SDMMC_CmdAppOperCommand
                0x0800b7c2       0x40 ./Drivers/STM32H7xx_HAL_Driver/Src/stm32h7xx_ll_sdmmc.o
                0x0800b7c2                SDMMC_CmdAppOperCommand
 .text.SDMMC_CmdBusWidth
                0x0800b802       0x46 ./Drivers/STM32H7xx_HAL_Driver/Src/stm32h7xx_ll_sdmmc.o
                0x0800b802                SDMMC_CmdBusWidth
 .text.SDMMC_CmdSendSCR
                0x0800b848       0x44 ./Drivers/STM32H7xx_HAL_Driver/Src/stm32h7xx_ll_sdmmc.o
                0x0800b848                SDMMC_CmdSendSCR
 .text.SDMMC_CmdSendCID
                0x0800b88c       0x3e ./Drivers/STM32H7xx_HAL_Driver/Src/stm32h7xx_ll_sdmmc.o
                0x0800b88c                SDMMC_CmdSendCID
 .text.SDMMC_CmdSendCSD
                0x0800b8ca       0x40 ./Drivers/STM32H7xx_HAL_Driver/Src/stm32h7xx_ll_sdmmc.o
                0x0800b8ca                SDMMC_CmdSendCSD
 .text.SDMMC_CmdSetRelAdd
                0x0800b90a       0x44 ./Drivers/STM32H7xx_HAL_Driver/Src/stm32h7xx_ll_sdmmc.o
                0x0800b90a                SDMMC_CmdSetRelAdd
 .text.SDMMC_CmdSendStatus
                0x0800b94e       0x46 ./Drivers/STM32H7xx_HAL_Driver/Src/stm32h7xx_ll_sdmmc.o
                0x0800b94e                SDMMC_CmdSendStatus
 .text.SDMMC_CmdStatusRegister
                0x0800b994       0x44 ./Drivers/STM32H7xx_HAL_Driver/Src/stm32h7xx_ll_sdmmc.o
                0x0800b994                SDMMC_CmdStatusRegister
 .text.SDMMC_GetCmdResp1
                0x0800b9d8      0x1e4 ./Drivers/STM32H7xx_HAL_Driver/Src/stm32h7xx_ll_sdmmc.o
                0x0800b9d8                SDMMC_GetCmdResp1
 .text.SDMMC_GetCmdResp2
                0x0800bbbc       0x94 ./Drivers/STM32H7xx_HAL_Driver/Src/stm32h7xx_ll_sdmmc.o
                0x0800bbbc                SDMMC_GetCmdResp2
 .text.SDMMC_GetCmdResp3
                0x0800bc50       0x80 ./Drivers/STM32H7xx_HAL_Driver/Src/stm32h7xx_ll_sdmmc.o
                0x0800bc50                SDMMC_GetCmdResp3
 .text.SDMMC_GetCmdResp6
                0x0800bcd0       0xf0 ./Drivers/STM32H7xx_HAL_Driver/Src/stm32h7xx_ll_sdmmc.o
                0x0800bcd0                SDMMC_GetCmdResp6
 .text.SDMMC_GetCmdResp7
                0x0800bdc0       0x9c ./Drivers/STM32H7xx_HAL_Driver/Src/stm32h7xx_ll_sdmmc.o
                0x0800bdc0                SDMMC_GetCmdResp7
 .text.SDMMC_GetCmdError
                0x0800be5c       0x5c ./Drivers/STM32H7xx_HAL_Driver/Src/stm32h7xx_ll_sdmmc.o
 .text.USB_CoreInit
                0x0800beb8       0xe4 ./Drivers/STM32H7xx_HAL_Driver/Src/stm32h7xx_ll_usb.o
                0x0800beb8                USB_CoreInit
 .text.USB_SetTurnaroundTime
                0x0800bf9c      0x144 ./Drivers/STM32H7xx_HAL_Driver/Src/stm32h7xx_ll_usb.o
                0x0800bf9c                USB_SetTurnaroundTime
 .text.USB_EnableGlobalInt
                0x0800c0e0       0x22 ./Drivers/STM32H7xx_HAL_Driver/Src/stm32h7xx_ll_usb.o
                0x0800c0e0                USB_EnableGlobalInt
 .text.USB_DisableGlobalInt
                0x0800c102       0x22 ./Drivers/STM32H7xx_HAL_Driver/Src/stm32h7xx_ll_usb.o
                0x0800c102                USB_DisableGlobalInt
 .text.USB_SetCurrentMode
                0x0800c124       0x98 ./Drivers/STM32H7xx_HAL_Driver/Src/stm32h7xx_ll_usb.o
                0x0800c124                USB_SetCurrentMode
 .text.USB_DevInit
                0x0800c1bc      0x2bc ./Drivers/STM32H7xx_HAL_Driver/Src/stm32h7xx_ll_usb.o
                0x0800c1bc                USB_DevInit
 .text.USB_FlushTxFifo
                0x0800c478       0x64 ./Drivers/STM32H7xx_HAL_Driver/Src/stm32h7xx_ll_usb.o
                0x0800c478                USB_FlushTxFifo
 .text.USB_FlushRxFifo
                0x0800c4dc       0x5c ./Drivers/STM32H7xx_HAL_Driver/Src/stm32h7xx_ll_usb.o
                0x0800c4dc                USB_FlushRxFifo
 .text.USB_SetDevSpeed
                0x0800c538       0x32 ./Drivers/STM32H7xx_HAL_Driver/Src/stm32h7xx_ll_usb.o
                0x0800c538                USB_SetDevSpeed
 .text.USB_GetDevSpeed
                0x0800c56a       0x4a ./Drivers/STM32H7xx_HAL_Driver/Src/stm32h7xx_ll_usb.o
                0x0800c56a                USB_GetDevSpeed
 .text.USB_ActivateEndpoint
                0x0800c5b4      0x110 ./Drivers/STM32H7xx_HAL_Driver/Src/stm32h7xx_ll_usb.o
                0x0800c5b4                USB_ActivateEndpoint
 .text.USB_DeactivateEndpoint
                0x0800c6c4      0x1b8 ./Drivers/STM32H7xx_HAL_Driver/Src/stm32h7xx_ll_usb.o
                0x0800c6c4                USB_DeactivateEndpoint
 .text.USB_EPStartXfer
                0x0800c87c      0x540 ./Drivers/STM32H7xx_HAL_Driver/Src/stm32h7xx_ll_usb.o
                0x0800c87c                USB_EPStartXfer
 .text.USB_EPStopXfer
                0x0800cdbc      0x154 ./Drivers/STM32H7xx_HAL_Driver/Src/stm32h7xx_ll_usb.o
                0x0800cdbc                USB_EPStopXfer
 .text.USB_WritePacket
                0x0800cf10       0x7c ./Drivers/STM32H7xx_HAL_Driver/Src/stm32h7xx_ll_usb.o
                0x0800cf10                USB_WritePacket
 .text.USB_ReadPacket
                0x0800cf8c       0xb0 ./Drivers/STM32H7xx_HAL_Driver/Src/stm32h7xx_ll_usb.o
                0x0800cf8c                USB_ReadPacket
 .text.USB_EPSetStall
                0x0800d03c       0xdc ./Drivers/STM32H7xx_HAL_Driver/Src/stm32h7xx_ll_usb.o
                0x0800d03c                USB_EPSetStall
 .text.USB_EPClearStall
                0x0800d118       0xcc ./Drivers/STM32H7xx_HAL_Driver/Src/stm32h7xx_ll_usb.o
                0x0800d118                USB_EPClearStall
 .text.USB_SetDevAddress
                0x0800d1e4       0x4c ./Drivers/STM32H7xx_HAL_Driver/Src/stm32h7xx_ll_usb.o
                0x0800d1e4                USB_SetDevAddress
 .text.USB_DevConnect
                0x0800d230       0x42 ./Drivers/STM32H7xx_HAL_Driver/Src/stm32h7xx_ll_usb.o
                0x0800d230                USB_DevConnect
 .text.USB_DevDisconnect
                0x0800d272       0x42 ./Drivers/STM32H7xx_HAL_Driver/Src/stm32h7xx_ll_usb.o
                0x0800d272                USB_DevDisconnect
 .text.USB_ReadInterrupts
                0x0800d2b4       0x26 ./Drivers/STM32H7xx_HAL_Driver/Src/stm32h7xx_ll_usb.o
                0x0800d2b4                USB_ReadInterrupts
 .text.USB_ReadDevAllOutEpInterrupt
                0x0800d2da       0x34 ./Drivers/STM32H7xx_HAL_Driver/Src/stm32h7xx_ll_usb.o
                0x0800d2da                USB_ReadDevAllOutEpInterrupt
 .text.USB_ReadDevAllInEpInterrupt
                0x0800d30e       0x34 ./Drivers/STM32H7xx_HAL_Driver/Src/stm32h7xx_ll_usb.o
                0x0800d30e                USB_ReadDevAllInEpInterrupt
 .text.USB_ReadDevOutEPInterrupt
                0x0800d342       0x3c ./Drivers/STM32H7xx_HAL_Driver/Src/stm32h7xx_ll_usb.o
                0x0800d342                USB_ReadDevOutEPInterrupt
 .text.USB_ReadDevInEPInterrupt
                0x0800d37e       0x5c ./Drivers/STM32H7xx_HAL_Driver/Src/stm32h7xx_ll_usb.o
                0x0800d37e                USB_ReadDevInEPInterrupt
 .text.USB_GetMode
                0x0800d3da       0x1c ./Drivers/STM32H7xx_HAL_Driver/Src/stm32h7xx_ll_usb.o
                0x0800d3da                USB_GetMode
 *fill*         0x0800d3f6        0x2 
 .text.USB_ActivateSetup
                0x0800d3f8       0x48 ./Drivers/STM32H7xx_HAL_Driver/Src/stm32h7xx_ll_usb.o
                0x0800d3f8                USB_ActivateSetup
 .text.USB_EP0_OutStart
                0x0800d440       0xbc ./Drivers/STM32H7xx_HAL_Driver/Src/stm32h7xx_ll_usb.o
                0x0800d440                USB_EP0_OutStart
 .text.USB_CoreReset
                0x0800d4fc       0x62 ./Drivers/STM32H7xx_HAL_Driver/Src/stm32h7xx_ll_usb.o
 *fill*         0x0800d55e        0x2 
 .text.USBD_MSC_Init
                0x0800d560      0x120 ./Middlewares/ST/STM32_USB_Device_Library/Class/MSC/Src/usbd_msc.o
                0x0800d560                USBD_MSC_Init
 .text.USBD_MSC_DeInit
                0x0800d680       0xb0 ./Middlewares/ST/STM32_USB_Device_Library/Class/MSC/Src/usbd_msc.o
                0x0800d680                USBD_MSC_DeInit
 .text.USBD_MSC_Setup
                0x0800d730      0x1f8 ./Middlewares/ST/STM32_USB_Device_Library/Class/MSC/Src/usbd_msc.o
                0x0800d730                USBD_MSC_Setup
 .text.USBD_MSC_DataIn
                0x0800d928       0x20 ./Middlewares/ST/STM32_USB_Device_Library/Class/MSC/Src/usbd_msc.o
                0x0800d928                USBD_MSC_DataIn
 .text.USBD_MSC_DataOut
                0x0800d948       0x20 ./Middlewares/ST/STM32_USB_Device_Library/Class/MSC/Src/usbd_msc.o
                0x0800d948                USBD_MSC_DataOut
 .text.USBD_MSC_GetHSCfgDesc
                0x0800d968       0x58 ./Middlewares/ST/STM32_USB_Device_Library/Class/MSC/Src/usbd_msc.o
                0x0800d968                USBD_MSC_GetHSCfgDesc
 .text.USBD_MSC_GetFSCfgDesc
                0x0800d9c0       0x58 ./Middlewares/ST/STM32_USB_Device_Library/Class/MSC/Src/usbd_msc.o
                0x0800d9c0                USBD_MSC_GetFSCfgDesc
 .text.USBD_MSC_GetOtherSpeedCfgDesc
                0x0800da18       0x58 ./Middlewares/ST/STM32_USB_Device_Library/Class/MSC/Src/usbd_msc.o
                0x0800da18                USBD_MSC_GetOtherSpeedCfgDesc
 .text.USBD_MSC_GetDeviceQualifierDescriptor
                0x0800da70       0x20 ./Middlewares/ST/STM32_USB_Device_Library/Class/MSC/Src/usbd_msc.o
                0x0800da70                USBD_MSC_GetDeviceQualifierDescriptor
 .text.USBD_MSC_RegisterStorage
                0x0800da90       0x34 ./Middlewares/ST/STM32_USB_Device_Library/Class/MSC/Src/usbd_msc.o
                0x0800da90                USBD_MSC_RegisterStorage
 .text.MSC_BOT_Init
                0x0800dac4       0x94 ./Middlewares/ST/STM32_USB_Device_Library/Class/MSC/Src/usbd_msc_bot.o
                0x0800dac4                MSC_BOT_Init
 .text.MSC_BOT_Reset
                0x0800db58       0x68 ./Middlewares/ST/STM32_USB_Device_Library/Class/MSC/Src/usbd_msc_bot.o
                0x0800db58                MSC_BOT_Reset
 .text.MSC_BOT_DeInit
                0x0800dbc0       0x30 ./Middlewares/ST/STM32_USB_Device_Library/Class/MSC/Src/usbd_msc_bot.o
                0x0800dbc0                MSC_BOT_DeInit
 .text.MSC_BOT_DataIn
                0x0800dbf0       0x74 ./Middlewares/ST/STM32_USB_Device_Library/Class/MSC/Src/usbd_msc_bot.o
                0x0800dbf0                MSC_BOT_DataIn
 .text.MSC_BOT_DataOut
                0x0800dc64       0x68 ./Middlewares/ST/STM32_USB_Device_Library/Class/MSC/Src/usbd_msc_bot.o
                0x0800dc64                MSC_BOT_DataOut
 .text.MSC_BOT_CBW_Decode
                0x0800dccc      0x128 ./Middlewares/ST/STM32_USB_Device_Library/Class/MSC/Src/usbd_msc_bot.o
 .text.MSC_BOT_SendData
                0x0800ddf4       0x6c ./Middlewares/ST/STM32_USB_Device_Library/Class/MSC/Src/usbd_msc_bot.o
 .text.MSC_BOT_SendCSW
                0x0800de60       0x74 ./Middlewares/ST/STM32_USB_Device_Library/Class/MSC/Src/usbd_msc_bot.o
                0x0800de60                MSC_BOT_SendCSW
 .text.MSC_BOT_Abort
                0x0800ded4       0x84 ./Middlewares/ST/STM32_USB_Device_Library/Class/MSC/Src/usbd_msc_bot.o
 .text.MSC_BOT_CplClrFeature
                0x0800df58       0x74 ./Middlewares/ST/STM32_USB_Device_Library/Class/MSC/Src/usbd_msc_bot.o
                0x0800df58                MSC_BOT_CplClrFeature
 .text.SCSI_ProcessCmd
                0x0800dfcc      0x304 ./Middlewares/ST/STM32_USB_Device_Library/Class/MSC/Src/usbd_msc_scsi.o
                0x0800dfcc                SCSI_ProcessCmd
 .text.SCSI_TestUnitReady
                0x0800e2d0       0xb2 ./Middlewares/ST/STM32_USB_Device_Library/Class/MSC/Src/usbd_msc_scsi.o
 *fill*         0x0800e382        0x2 
 .text.SCSI_Inquiry
                0x0800e384       0xf8 ./Middlewares/ST/STM32_USB_Device_Library/Class/MSC/Src/usbd_msc_scsi.o
 .text.SCSI_ReadCapacity10
                0x0800e47c       0xfc ./Middlewares/ST/STM32_USB_Device_Library/Class/MSC/Src/usbd_msc_scsi.o
 .text.SCSI_ReadCapacity16
                0x0800e578      0x168 ./Middlewares/ST/STM32_USB_Device_Library/Class/MSC/Src/usbd_msc_scsi.o
 .text.SCSI_ReadFormatCapacity
                0x0800e6e0       0xf6 ./Middlewares/ST/STM32_USB_Device_Library/Class/MSC/Src/usbd_msc_scsi.o
 *fill*         0x0800e7d6        0x2 
 .text.SCSI_ModeSense6
                0x0800e7d8       0x8c ./Middlewares/ST/STM32_USB_Device_Library/Class/MSC/Src/usbd_msc_scsi.o
 .text.SCSI_ModeSense10
                0x0800e864       0x8c ./Middlewares/ST/STM32_USB_Device_Library/Class/MSC/Src/usbd_msc_scsi.o
 .text.SCSI_RequestSense
                0x0800e8f0      0x106 ./Middlewares/ST/STM32_USB_Device_Library/Class/MSC/Src/usbd_msc_scsi.o
 .text.SCSI_SenseCode
                0x0800e9f6       0x96 ./Middlewares/ST/STM32_USB_Device_Library/Class/MSC/Src/usbd_msc_scsi.o
                0x0800e9f6                SCSI_SenseCode
 .text.SCSI_StartStopUnit
                0x0800ea8c       0xaa ./Middlewares/ST/STM32_USB_Device_Library/Class/MSC/Src/usbd_msc_scsi.o
 .text.SCSI_AllowPreventRemovable
                0x0800eb36       0x5a ./Middlewares/ST/STM32_USB_Device_Library/Class/MSC/Src/usbd_msc_scsi.o
 .text.SCSI_Read10
                0x0800eb90      0x154 ./Middlewares/ST/STM32_USB_Device_Library/Class/MSC/Src/usbd_msc_scsi.o
 .text.SCSI_Read12
                0x0800ece4      0x168 ./Middlewares/ST/STM32_USB_Device_Library/Class/MSC/Src/usbd_msc_scsi.o
 .text.SCSI_Write10
                0x0800ee4c      0x1ac ./Middlewares/ST/STM32_USB_Device_Library/Class/MSC/Src/usbd_msc_scsi.o
 .text.SCSI_Write12
                0x0800eff8      0x1cc ./Middlewares/ST/STM32_USB_Device_Library/Class/MSC/Src/usbd_msc_scsi.o
 .text.SCSI_Verify10
                0x0800f1c4       0x7a ./Middlewares/ST/STM32_USB_Device_Library/Class/MSC/Src/usbd_msc_scsi.o
 .text.SCSI_CheckAddressRange
                0x0800f23e       0x58 ./Middlewares/ST/STM32_USB_Device_Library/Class/MSC/Src/usbd_msc_scsi.o
 *fill*         0x0800f296        0x2 
 .text.SCSI_ProcessRead
                0x0800f298      0x10c ./Middlewares/ST/STM32_USB_Device_Library/Class/MSC/Src/usbd_msc_scsi.o
 .text.SCSI_ProcessWrite
                0x0800f3a4      0x12c ./Middlewares/ST/STM32_USB_Device_Library/Class/MSC/Src/usbd_msc_scsi.o
 .text.SCSI_UpdateBotData
                0x0800f4d0       0x52 ./Middlewares/ST/STM32_USB_Device_Library/Class/MSC/Src/usbd_msc_scsi.o
 .text.USBD_Init
                0x0800f522       0x60 ./Middlewares/ST/STM32_USB_Device_Library/Core/Src/usbd_core.o
                0x0800f522                USBD_Init
 .text.USBD_RegisterClass
                0x0800f582       0x6c ./Middlewares/ST/STM32_USB_Device_Library/Core/Src/usbd_core.o
                0x0800f582                USBD_RegisterClass
 .text.USBD_Start
                0x0800f5ee       0x18 ./Middlewares/ST/STM32_USB_Device_Library/Core/Src/usbd_core.o
                0x0800f5ee                USBD_Start
 .text.USBD_RunTestMode
                0x0800f606       0x16 ./Middlewares/ST/STM32_USB_Device_Library/Core/Src/usbd_core.o
                0x0800f606                USBD_RunTestMode
 .text.USBD_SetClassConfig
                0x0800f61c       0x38 ./Middlewares/ST/STM32_USB_Device_Library/Core/Src/usbd_core.o
                0x0800f61c                USBD_SetClassConfig
 .text.USBD_ClrClassConfig
                0x0800f654       0x34 ./Middlewares/ST/STM32_USB_Device_Library/Core/Src/usbd_core.o
                0x0800f654                USBD_ClrClassConfig
 .text.USBD_LL_SetupStage
                0x0800f688       0xaa ./Middlewares/ST/STM32_USB_Device_Library/Core/Src/usbd_core.o
                0x0800f688                USBD_LL_SetupStage
 .text.USBD_LL_DataOutStage
                0x0800f732      0x166 ./Middlewares/ST/STM32_USB_Device_Library/Core/Src/usbd_core.o
                0x0800f732                USBD_LL_DataOutStage
 .text.USBD_LL_DataInStage
                0x0800f898      0x164 ./Middlewares/ST/STM32_USB_Device_Library/Core/Src/usbd_core.o
                0x0800f898                USBD_LL_DataInStage
 .text.USBD_LL_Reset
                0x0800f9fc       0xa4 ./Middlewares/ST/STM32_USB_Device_Library/Core/Src/usbd_core.o
                0x0800f9fc                USBD_LL_Reset
 .text.USBD_LL_SetSpeed
                0x0800faa0       0x20 ./Middlewares/ST/STM32_USB_Device_Library/Core/Src/usbd_core.o
                0x0800faa0                USBD_LL_SetSpeed
 .text.USBD_LL_Suspend
                0x0800fac0       0x38 ./Middlewares/ST/STM32_USB_Device_Library/Core/Src/usbd_core.o
                0x0800fac0                USBD_LL_Suspend
 .text.USBD_LL_Resume
                0x0800faf8       0x30 ./Middlewares/ST/STM32_USB_Device_Library/Core/Src/usbd_core.o
                0x0800faf8                USBD_LL_Resume
 .text.USBD_LL_SOF
                0x0800fb28       0x40 ./Middlewares/ST/STM32_USB_Device_Library/Core/Src/usbd_core.o
                0x0800fb28                USBD_LL_SOF
 .text.USBD_LL_IsoINIncomplete
                0x0800fb68       0x64 ./Middlewares/ST/STM32_USB_Device_Library/Core/Src/usbd_core.o
                0x0800fb68                USBD_LL_IsoINIncomplete
 .text.USBD_LL_IsoOUTIncomplete
                0x0800fbcc       0x64 ./Middlewares/ST/STM32_USB_Device_Library/Core/Src/usbd_core.o
                0x0800fbcc                USBD_LL_IsoOUTIncomplete
 .text.USBD_LL_DevConnected
                0x0800fc30       0x16 ./Middlewares/ST/STM32_USB_Device_Library/Core/Src/usbd_core.o
                0x0800fc30                USBD_LL_DevConnected
 .text.USBD_LL_DevDisconnected
                0x0800fc46       0x46 ./Middlewares/ST/STM32_USB_Device_Library/Core/Src/usbd_core.o
                0x0800fc46                USBD_LL_DevDisconnected
 .text.USBD_CoreFindIF
                0x0800fc8c       0x1a ./Middlewares/ST/STM32_USB_Device_Library/Core/Src/usbd_core.o
                0x0800fc8c                USBD_CoreFindIF
 .text.USBD_CoreFindEP
                0x0800fca6       0x1a ./Middlewares/ST/STM32_USB_Device_Library/Core/Src/usbd_core.o
                0x0800fca6                USBD_CoreFindEP
 .text.USBD_GetEpDesc
                0x0800fcc0       0x70 ./Middlewares/ST/STM32_USB_Device_Library/Core/Src/usbd_core.o
                0x0800fcc0                USBD_GetEpDesc
 .text.USBD_GetNextDesc
                0x0800fd30       0x38 ./Middlewares/ST/STM32_USB_Device_Library/Core/Src/usbd_core.o
                0x0800fd30                USBD_GetNextDesc
 .text.SWAPBYTE
                0x0800fd68       0x3c ./Middlewares/ST/STM32_USB_Device_Library/Core/Src/usbd_ctlreq.o
 .text.USBD_StdDevReq
                0x0800fda4       0xe4 ./Middlewares/ST/STM32_USB_Device_Library/Core/Src/usbd_ctlreq.o
                0x0800fda4                USBD_StdDevReq
 .text.USBD_StdItfReq
                0x0800fe88       0xd8 ./Middlewares/ST/STM32_USB_Device_Library/Core/Src/usbd_ctlreq.o
                0x0800fe88                USBD_StdItfReq
 .text.USBD_StdEPReq
                0x0800ff60      0x33a ./Middlewares/ST/STM32_USB_Device_Library/Core/Src/usbd_ctlreq.o
                0x0800ff60                USBD_StdEPReq
 *fill*         0x0801029a        0x2 
 .text.USBD_GetDescriptor
                0x0801029c      0x328 ./Middlewares/ST/STM32_USB_Device_Library/Core/Src/usbd_ctlreq.o
 .text.USBD_SetAddress
                0x080105c4       0x88 ./Middlewares/ST/STM32_USB_Device_Library/Core/Src/usbd_ctlreq.o
 .text.USBD_SetConfig
                0x0801064c      0x154 ./Middlewares/ST/STM32_USB_Device_Library/Core/Src/usbd_ctlreq.o
 .text.USBD_GetConfig
                0x080107a0       0x6c ./Middlewares/ST/STM32_USB_Device_Library/Core/Src/usbd_ctlreq.o
 .text.USBD_GetStatus
                0x0801080c       0x68 ./Middlewares/ST/STM32_USB_Device_Library/Core/Src/usbd_ctlreq.o
 .text.USBD_SetFeature
                0x08010874       0x52 ./Middlewares/ST/STM32_USB_Device_Library/Core/Src/usbd_ctlreq.o
 .text.USBD_ClrFeature
                0x080108c6       0x44 ./Middlewares/ST/STM32_USB_Device_Library/Core/Src/usbd_ctlreq.o
 .text.USBD_ParseSetupRequest
                0x0801090a       0x74 ./Middlewares/ST/STM32_USB_Device_Library/Core/Src/usbd_ctlreq.o
                0x0801090a                USBD_ParseSetupRequest
 .text.USBD_CtlError
                0x0801097e       0x22 ./Middlewares/ST/STM32_USB_Device_Library/Core/Src/usbd_ctlreq.o
                0x0801097e                USBD_CtlError
 .text.USBD_GetString
                0x080109a0       0xa4 ./Middlewares/ST/STM32_USB_Device_Library/Core/Src/usbd_ctlreq.o
                0x080109a0                USBD_GetString
 .text.USBD_GetLen
                0x08010a44       0x34 ./Middlewares/ST/STM32_USB_Device_Library/Core/Src/usbd_ctlreq.o
 .text.USBD_CtlSendData
                0x08010a78       0x36 ./Middlewares/ST/STM32_USB_Device_Library/Core/Src/usbd_ioreq.o
                0x08010a78                USBD_CtlSendData
 .text.USBD_CtlContinueSendData
                0x08010aae       0x22 ./Middlewares/ST/STM32_USB_Device_Library/Core/Src/usbd_ioreq.o
                0x08010aae                USBD_CtlContinueSendData
 .text.USBD_CtlContinueRx
                0x08010ad0       0x22 ./Middlewares/ST/STM32_USB_Device_Library/Core/Src/usbd_ioreq.o
                0x08010ad0                USBD_CtlContinueRx
 .text.USBD_CtlSendStatus
                0x08010af2       0x26 ./Middlewares/ST/STM32_USB_Device_Library/Core/Src/usbd_ioreq.o
                0x08010af2                USBD_CtlSendStatus
 .text.USBD_CtlReceiveStatus
                0x08010b18       0x26 ./Middlewares/ST/STM32_USB_Device_Library/Core/Src/usbd_ioreq.o
                0x08010b18                USBD_CtlReceiveStatus
 *fill*         0x08010b3e        0x2 
 .text.MX_USB_DEVICE_Init
                0x08010b40       0x64 ./USB_DEVICE/App/usb_device.o
                0x08010b40                MX_USB_DEVICE_Init
 .text.USBD_HS_DeviceDescriptor
                0x08010ba4       0x24 ./USB_DEVICE/App/usbd_desc.o
                0x08010ba4                USBD_HS_DeviceDescriptor
 .text.USBD_HS_LangIDStrDescriptor
                0x08010bc8       0x24 ./USB_DEVICE/App/usbd_desc.o
                0x08010bc8                USBD_HS_LangIDStrDescriptor
 .text.USBD_HS_ProductStrDescriptor
                0x08010bec       0x3c ./USB_DEVICE/App/usbd_desc.o
                0x08010bec                USBD_HS_ProductStrDescriptor
 .text.USBD_HS_ManufacturerStrDescriptor
                0x08010c28       0x28 ./USB_DEVICE/App/usbd_desc.o
                0x08010c28                USBD_HS_ManufacturerStrDescriptor
 .text.USBD_HS_SerialStrDescriptor
                0x08010c50       0x24 ./USB_DEVICE/App/usbd_desc.o
                0x08010c50                USBD_HS_SerialStrDescriptor
 .text.USBD_HS_ConfigStrDescriptor
                0x08010c74       0x3c ./USB_DEVICE/App/usbd_desc.o
                0x08010c74                USBD_HS_ConfigStrDescriptor
 .text.USBD_HS_InterfaceStrDescriptor
                0x08010cb0       0x3c ./USB_DEVICE/App/usbd_desc.o
                0x08010cb0                USBD_HS_InterfaceStrDescriptor
 .text.Get_SerialNum
                0x08010cec       0x58 ./USB_DEVICE/App/usbd_desc.o
 .text.IntToUnicode
                0x08010d44       0x7e ./USB_DEVICE/App/usbd_desc.o
 .text.STORAGE_Init_HS
                0x08010dc2       0x18 ./USB_DEVICE/App/usbd_storage_if.o
 .text.STORAGE_GetCapacity_HS
                0x08010dda       0x2c ./USB_DEVICE/App/usbd_storage_if.o
 .text.STORAGE_IsReady_HS
                0x08010e06       0x18 ./USB_DEVICE/App/usbd_storage_if.o
 .text.STORAGE_IsWriteProtected_HS
                0x08010e1e       0x18 ./USB_DEVICE/App/usbd_storage_if.o
 .text.STORAGE_Read_HS
                0x08010e36       0x22 ./USB_DEVICE/App/usbd_storage_if.o
 .text.STORAGE_Write_HS
                0x08010e58       0x22 ./USB_DEVICE/App/usbd_storage_if.o
 .text.STORAGE_GetMaxLun_HS
                0x08010e7a       0x10 ./USB_DEVICE/App/usbd_storage_if.o
 *fill*         0x08010e8a        0x2 
 .text.HAL_PCD_MspInit
                0x08010e8c      0x104 ./USB_DEVICE/Target/usbd_conf.o
                0x08010e8c                HAL_PCD_MspInit
 .text.HAL_PCD_SetupStageCallback
                0x08010f90       0x24 ./USB_DEVICE/Target/usbd_conf.o
                0x08010f90                HAL_PCD_SetupStageCallback
 .text.HAL_PCD_DataOutStageCallback
                0x08010fb4       0x36 ./USB_DEVICE/Target/usbd_conf.o
                0x08010fb4                HAL_PCD_DataOutStageCallback
 .text.HAL_PCD_DataInStageCallback
                0x08010fea       0x34 ./USB_DEVICE/Target/usbd_conf.o
                0x08010fea                HAL_PCD_DataInStageCallback
 .text.HAL_PCD_SOFCallback
                0x0801101e       0x1c ./USB_DEVICE/Target/usbd_conf.o
                0x0801101e                HAL_PCD_SOFCallback
 .text.HAL_PCD_ResetCallback
                0x0801103a       0x50 ./USB_DEVICE/Target/usbd_conf.o
                0x0801103a                HAL_PCD_ResetCallback
 *fill*         0x0801108a        0x2 
 .text.HAL_PCD_SuspendCallback
                0x0801108c       0x4c ./USB_DEVICE/Target/usbd_conf.o
                0x0801108c                HAL_PCD_SuspendCallback
 .text.HAL_PCD_ResumeCallback
                0x080110d8       0x1c ./USB_DEVICE/Target/usbd_conf.o
                0x080110d8                HAL_PCD_ResumeCallback
 .text.HAL_PCD_ISOOUTIncompleteCallback
                0x080110f4       0x24 ./USB_DEVICE/Target/usbd_conf.o
                0x080110f4                HAL_PCD_ISOOUTIncompleteCallback
 .text.HAL_PCD_ISOINIncompleteCallback
                0x08011118       0x24 ./USB_DEVICE/Target/usbd_conf.o
                0x08011118                HAL_PCD_ISOINIncompleteCallback
 .text.HAL_PCD_ConnectCallback
                0x0801113c       0x1c ./USB_DEVICE/Target/usbd_conf.o
                0x0801113c                HAL_PCD_ConnectCallback
 .text.HAL_PCD_DisconnectCallback
                0x08011158       0x1c ./USB_DEVICE/Target/usbd_conf.o
                0x08011158                HAL_PCD_DisconnectCallback
 .text.USBD_LL_Init
                0x08011174       0xa4 ./USB_DEVICE/Target/usbd_conf.o
                0x08011174                USBD_LL_Init
 .text.USBD_LL_Start
                0x08011218       0x36 ./USB_DEVICE/Target/usbd_conf.o
                0x08011218                USBD_LL_Start
 .text.USBD_LL_OpenEP
                0x0801124e       0x4c ./USB_DEVICE/Target/usbd_conf.o
                0x0801124e                USBD_LL_OpenEP
 .text.USBD_LL_CloseEP
                0x0801129a       0x3e ./USB_DEVICE/Target/usbd_conf.o
                0x0801129a                USBD_LL_CloseEP
 .text.USBD_LL_FlushEP
                0x080112d8       0x3e ./USB_DEVICE/Target/usbd_conf.o
                0x080112d8                USBD_LL_FlushEP
 .text.USBD_LL_StallEP
                0x08011316       0x3e ./USB_DEVICE/Target/usbd_conf.o
                0x08011316                USBD_LL_StallEP
 .text.USBD_LL_ClearStallEP
                0x08011354       0x3e ./USB_DEVICE/Target/usbd_conf.o
                0x08011354                USBD_LL_ClearStallEP
 .text.USBD_LL_IsStallEP
                0x08011392       0x58 ./USB_DEVICE/Target/usbd_conf.o
                0x08011392                USBD_LL_IsStallEP
 .text.USBD_LL_SetUSBAddress
                0x080113ea       0x3e ./USB_DEVICE/Target/usbd_conf.o
                0x080113ea                USBD_LL_SetUSBAddress
 .text.USBD_LL_Transmit
                0x08011428       0x42 ./USB_DEVICE/Target/usbd_conf.o
                0x08011428                USBD_LL_Transmit
 .text.USBD_LL_PrepareReceive
                0x0801146a       0x42 ./USB_DEVICE/Target/usbd_conf.o
                0x0801146a                USBD_LL_PrepareReceive
 .text.USBD_LL_GetRxDataSize
                0x080114ac       0x26 ./USB_DEVICE/Target/usbd_conf.o
                0x080114ac                USBD_LL_GetRxDataSize
 *fill*         0x080114d2        0x2 
 .text.USBD_static_malloc
                0x080114d4       0x1c ./USB_DEVICE/Target/usbd_conf.o
                0x080114d4                USBD_static_malloc
 .text.USBD_static_free
                0x080114f0       0x14 ./USB_DEVICE/Target/usbd_conf.o
                0x080114f0                USBD_static_free
 .text.USBD_Get_USB_Status
                0x08011504       0x58 ./USB_DEVICE/Target/usbd_conf.o
                0x08011504                USBD_Get_USB_Status
 .text.memset   0x0801155c       0x10 C:/ST/STM32CubeIDE_1.15.1/STM32CubeIDE/plugins/com.st.stm32cube.ide.mcu.externaltools.gnu-tools-for-stm32.12.3.rel1.win32_1.0.200.202406191623/tools/bin/../lib/gcc/arm-none-eabi/12.3.1/../../../../arm-none-eabi/lib/thumb/v7e-m+dp/hard\libc_nano.a(libc_a-memset.o)
                0x0801155c                memset
 .text.__libc_init_array
                0x0801156c       0x48 C:/ST/STM32CubeIDE_1.15.1/STM32CubeIDE/plugins/com.st.stm32cube.ide.mcu.externaltools.gnu-tools-for-stm32.12.3.rel1.win32_1.0.200.202406191623/tools/bin/../lib/gcc/arm-none-eabi/12.3.1/../../../../arm-none-eabi/lib/thumb/v7e-m+dp/hard\libc_nano.a(libc_a-init.o)
                0x0801156c                __libc_init_array
 *(.glue_7)
 .glue_7        0x080115b4        0x0 linker stubs
 *(.glue_7t)
 .glue_7t       0x080115b4        0x0 linker stubs
 *(.eh_frame)
 .eh_frame      0x080115b4        0x0 C:/ST/STM32CubeIDE_1.15.1/STM32CubeIDE/plugins/com.st.stm32cube.ide.mcu.externaltools.gnu-tools-for-stm32.12.3.rel1.win32_1.0.200.202406191623/tools/bin/../lib/gcc/arm-none-eabi/12.3.1/thumb/v7e-m+dp/hard/crtbegin.o
 *(.init)
 .init          0x080115b4        0x4 C:/ST/STM32CubeIDE_1.15.1/STM32CubeIDE/plugins/com.st.stm32cube.ide.mcu.externaltools.gnu-tools-for-stm32.12.3.rel1.win32_1.0.200.202406191623/tools/bin/../lib/gcc/arm-none-eabi/12.3.1/thumb/v7e-m+dp/hard/crti.o
                0x080115b4                _init
 .init          0x080115b8        0x8 C:/ST/STM32CubeIDE_1.15.1/STM32CubeIDE/plugins/com.st.stm32cube.ide.mcu.externaltools.gnu-tools-for-stm32.12.3.rel1.win32_1.0.200.202406191623/tools/bin/../lib/gcc/arm-none-eabi/12.3.1/thumb/v7e-m+dp/hard/crtn.o
 *(.fini)
 .fini          0x080115c0        0x4 C:/ST/STM32CubeIDE_1.15.1/STM32CubeIDE/plugins/com.st.stm32cube.ide.mcu.externaltools.gnu-tools-for-stm32.12.3.rel1.win32_1.0.200.202406191623/tools/bin/../lib/gcc/arm-none-eabi/12.3.1/thumb/v7e-m+dp/hard/crti.o
                0x080115c0                _fini
 .fini          0x080115c4        0x8 C:/ST/STM32CubeIDE_1.15.1/STM32CubeIDE/plugins/com.st.stm32cube.ide.mcu.externaltools.gnu-tools-for-stm32.12.3.rel1.win32_1.0.200.202406191623/tools/bin/../lib/gcc/arm-none-eabi/12.3.1/thumb/v7e-m+dp/hard/crtn.o
                0x080115cc                        . = ALIGN (0x4)
                0x080115cc                        _etext = .

.vfp11_veneer   0x080115cc        0x0
 .vfp11_veneer  0x080115cc        0x0 linker stubs

.v4_bx          0x080115cc        0x0
 .v4_bx         0x080115cc        0x0 linker stubs

.iplt           0x080115cc        0x0
 .iplt          0x080115cc        0x0 C:/ST/STM32CubeIDE_1.15.1/STM32CubeIDE/plugins/com.st.stm32cube.ide.mcu.externaltools.gnu-tools-for-stm32.12.3.rel1.win32_1.0.200.202406191623/tools/bin/../lib/gcc/arm-none-eabi/12.3.1/thumb/v7e-m+dp/hard/crtbegin.o

.rodata         0x080115cc       0xb0
                0x080115cc                        . = ALIGN (0x4)
 *(.rodata)
 .rodata        0x080115cc       0x42 ./USB_DEVICE/App/usbd_desc.o
 *(.rodata*)
 *fill*         0x0801160e        0x2 
 .rodata.D1CorePrescTable
                0x08011610       0x10 ./Core/Src/system_stm32h7xx.o
                0x08011610                D1CorePrescTable
 .rodata.UARTPrescTable
                0x08011620       0x18 ./Drivers/STM32H7xx_HAL_Driver/Src/stm32h7xx_hal_uart.o
                0x08011620                UARTPrescTable
 .rodata.numerator.1
                0x08011638        0x8 ./Drivers/STM32H7xx_HAL_Driver/Src/stm32h7xx_hal_uart_ex.o
 .rodata.denominator.0
                0x08011640        0x8 ./Drivers/STM32H7xx_HAL_Driver/Src/stm32h7xx_hal_uart_ex.o
 .rodata.numerator.1
                0x08011648        0x8 ./Drivers/STM32H7xx_HAL_Driver/Src/stm32h7xx_hal_usart_ex.o
 .rodata.denominator.0
                0x08011650        0x8 ./Drivers/STM32H7xx_HAL_Driver/Src/stm32h7xx_hal_usart_ex.o
 .rodata.STORAGE_Inquirydata_HS
                0x08011658       0x24 ./USB_DEVICE/App/usbd_storage_if.o
                0x08011658                STORAGE_Inquirydata_HS
                0x0801167c                        . = ALIGN (0x4)

.ARM.extab
 *(.ARM.extab* .gnu.linkonce.armextab.*)

.ARM            0x0801167c        0x8
                0x0801167c                        __exidx_start = .
 *(.ARM.exidx*)
 .ARM.exidx     0x0801167c        0x8 C:/ST/STM32CubeIDE_1.15.1/STM32CubeIDE/plugins/com.st.stm32cube.ide.mcu.externaltools.gnu-tools-for-stm32.12.3.rel1.win32_1.0.200.202406191623/tools/bin/../lib/gcc/arm-none-eabi/12.3.1/thumb/v7e-m+dp/hard\libgcc.a(_udivmoddi4.o)
                0x08011684                        __exidx_end = .

.preinit_array  0x08011684        0x0
                0x08011684                        PROVIDE (__preinit_array_start = .)
 *(.preinit_array*)
                0x08011684                        PROVIDE (__preinit_array_end = .)

.init_array     0x08011684        0x4
                0x08011684                        PROVIDE (__init_array_start = .)
 *(SORT_BY_NAME(.init_array.*))
 *(.init_array*)
 .init_array    0x08011684        0x4 C:/ST/STM32CubeIDE_1.15.1/STM32CubeIDE/plugins/com.st.stm32cube.ide.mcu.externaltools.gnu-tools-for-stm32.12.3.rel1.win32_1.0.200.202406191623/tools/bin/../lib/gcc/arm-none-eabi/12.3.1/thumb/v7e-m+dp/hard/crtbegin.o
                0x08011688                        PROVIDE (__init_array_end = .)

.fini_array     0x08011688        0x4
                [!provide]                        PROVIDE (__fini_array_start = .)
 *(SORT_BY_NAME(.fini_array.*))
 *(.fini_array*)
 .fini_array    0x08011688        0x4 C:/ST/STM32CubeIDE_1.15.1/STM32CubeIDE/plugins/com.st.stm32cube.ide.mcu.externaltools.gnu-tools-for-stm32.12.3.rel1.win32_1.0.200.202406191623/tools/bin/../lib/gcc/arm-none-eabi/12.3.1/thumb/v7e-m+dp/hard/crtbegin.o
                [!provide]                        PROVIDE (__fini_array_end = .)
                0x0801168c                        _sidata = LOADADDR (.data)

.rel.dyn        0x0801168c        0x0
 .rel.iplt      0x0801168c        0x0 C:/ST/STM32CubeIDE_1.15.1/STM32CubeIDE/plugins/com.st.stm32cube.ide.mcu.externaltools.gnu-tools-for-stm32.12.3.rel1.win32_1.0.200.202406191623/tools/bin/../lib/gcc/arm-none-eabi/12.3.1/thumb/v7e-m+dp/hard/crtbegin.o

.data           0x24000000      0x104 load address 0x0801168c
                0x24000000                        . = ALIGN (0x4)
                0x24000000                        _sdata = .
 *(.data)
 *(.data*)
 .data.SystemCoreClock
                0x24000000        0x4 ./Core/Src/system_stm32h7xx.o
                0x24000000                SystemCoreClock
 .data.SystemD2Clock
                0x24000004        0x4 ./Core/Src/system_stm32h7xx.o
                0x24000004                SystemD2Clock
 .data.uwTickPrio
                0x24000008        0x4 ./Drivers/STM32H7xx_HAL_Driver/Src/stm32h7xx_hal.o
                0x24000008                uwTickPrio
 .data.uwTickFreq
                0x2400000c        0x1 ./Drivers/STM32H7xx_HAL_Driver/Src/stm32h7xx_hal.o
                0x2400000c                uwTickFreq
 *fill*         0x2400000d        0x3 
 .data.USBD_MSC
                0x24000010       0x38 ./Middlewares/ST/STM32_USB_Device_Library/Class/MSC/Src/usbd_msc.o
                0x24000010                USBD_MSC
 .data.USBD_MSC_CfgDesc
                0x24000048       0x20 ./Middlewares/ST/STM32_USB_Device_Library/Class/MSC/Src/usbd_msc.o
 .data.USBD_MSC_DeviceQualifierDesc
                0x24000068        0xa ./Middlewares/ST/STM32_USB_Device_Library/Class/MSC/Src/usbd_msc.o
 .data.MSCInEpAdd
                0x24000072        0x1 ./Middlewares/ST/STM32_USB_Device_Library/Class/MSC/Src/usbd_msc.o
                0x24000072                MSCInEpAdd
 .data.MSCOutEpAdd
                0x24000073        0x1 ./Middlewares/ST/STM32_USB_Device_Library/Class/MSC/Src/usbd_msc.o
                0x24000073                MSCOutEpAdd
 .data.MSC_Page00_Inquiry_Data
                0x24000074        0x6 ./Middlewares/ST/STM32_USB_Device_Library/Class/MSC/Src/usbd_msc_data.o
                0x24000074                MSC_Page00_Inquiry_Data
 *fill*         0x2400007a        0x2 
 .data.MSC_Page80_Inquiry_Data
                0x2400007c        0x8 ./Middlewares/ST/STM32_USB_Device_Library/Class/MSC/Src/usbd_msc_data.o
                0x2400007c                MSC_Page80_Inquiry_Data
 .data.MSC_Mode_Sense6_data
                0x24000084        0x4 ./Middlewares/ST/STM32_USB_Device_Library/Class/MSC/Src/usbd_msc_data.o
                0x24000084                MSC_Mode_Sense6_data
 .data.MSC_Mode_Sense10_data
                0x24000088        0x8 ./Middlewares/ST/STM32_USB_Device_Library/Class/MSC/Src/usbd_msc_data.o
                0x24000088                MSC_Mode_Sense10_data
 .data.HS_Desc  0x24000090       0x20 ./USB_DEVICE/App/usbd_desc.o
                0x24000090                HS_Desc
 .data.USBD_HS_DeviceDesc
                0x240000b0       0x12 ./USB_DEVICE/App/usbd_desc.o
                0x240000b0                USBD_HS_DeviceDesc
 *fill*         0x240000c2        0x2 
 .data.USBD_LangIDDesc
                0x240000c4        0x4 ./USB_DEVICE/App/usbd_desc.o
                0x240000c4                USBD_LangIDDesc
 .data.USBD_StringSerial
                0x240000c8       0x1a ./USB_DEVICE/App/usbd_desc.o
                0x240000c8                USBD_StringSerial
 *fill*         0x240000e2        0x2 
 .data.USBD_Storage_Interface_fops_HS
                0x240000e4       0x20 ./USB_DEVICE/App/usbd_storage_if.o
                0x240000e4                USBD_Storage_Interface_fops_HS
 *(.RamFunc)
 *(.RamFunc*)
                0x24000104                        . = ALIGN (0x4)
                0x24000104                        _edata = .

.igot.plt       0x24000104        0x0 load address 0x08011790
 .igot.plt      0x24000104        0x0 C:/ST/STM32CubeIDE_1.15.1/STM32CubeIDE/plugins/com.st.stm32cube.ide.mcu.externaltools.gnu-tools-for-stm32.12.3.rel1.win32_1.0.200.202406191623/tools/bin/../lib/gcc/arm-none-eabi/12.3.1/thumb/v7e-m+dp/hard/crtbegin.o
                0x24000104                        . = ALIGN (0x4)

.bss            0x24000104     0x1070 load address 0x08011790
                0x24000104                        _sbss = .
                0x24000104                        __bss_start__ = _sbss
 *(.bss)
 .bss           0x24000104       0x1c C:/ST/STM32CubeIDE_1.15.1/STM32CubeIDE/plugins/com.st.stm32cube.ide.mcu.externaltools.gnu-tools-for-stm32.12.3.rel1.win32_1.0.200.202406191623/tools/bin/../lib/gcc/arm-none-eabi/12.3.1/thumb/v7e-m+dp/hard/crtbegin.o
 *(.bss*)
 .bss.hi2c1     0x24000120       0x54 ./Core/Src/main.o
                0x24000120                hi2c1
 .bss.hi2c2     0x24000174       0x54 ./Core/Src/main.o
                0x24000174                hi2c2
 .bss.hi2c4     0x240001c8       0x54 ./Core/Src/main.o
                0x240001c8                hi2c4
 .bss.hsd1      0x2400021c       0x7c ./Core/Src/main.o
                0x2400021c                hsd1
 .bss.hspi1     0x24000298       0x88 ./Core/Src/main.o
                0x24000298                hspi1
 .bss.hspi4     0x24000320       0x88 ./Core/Src/main.o
                0x24000320                hspi4
 .bss.htim1     0x240003a8       0x4c ./Core/Src/main.o
                0x240003a8                htim1
 .bss.htim3     0x240003f4       0x4c ./Core/Src/main.o
                0x240003f4                htim3
 .bss.huart2    0x24000440       0x94 ./Core/Src/main.o
                0x24000440                huart2
 .bss.husart3   0x240004d4       0x60 ./Core/Src/main.o
                0x240004d4                husart3
 .bss.uwTick    0x24000534        0x4 ./Drivers/STM32H7xx_HAL_Driver/Src/stm32h7xx_hal.o
                0x24000534                uwTick
 .bss.cfgidx.0  0x24000538        0x1 ./Middlewares/ST/STM32_USB_Device_Library/Core/Src/usbd_ctlreq.o
 *fill*         0x24000539        0x3 
 .bss.hUsbDeviceHS
                0x2400053c      0x2dc ./USB_DEVICE/App/usb_device.o
                0x2400053c                hUsbDeviceHS
 .bss.USBD_StrDesc
                0x24000818      0x200 ./USB_DEVICE/App/usbd_desc.o
                0x24000818                USBD_StrDesc
 .bss.hpcd_USB_OTG_HS
                0x24000a18      0x4e4 ./USB_DEVICE/Target/usbd_conf.o
                0x24000a18                hpcd_USB_OTG_HS
 .bss.mem.0     0x24000efc      0x278 ./USB_DEVICE/Target/usbd_conf.o
 *(COMMON)
                0x24001174                        . = ALIGN (0x4)
                0x24001174                        _ebss = .
                0x24001174                        __bss_end__ = _ebss

._user_heap_stack
                0x24001174      0x604 load address 0x08011790
                0x24001178                        . = ALIGN (0x8)
 *fill*         0x24001174        0x4 
                [!provide]                        PROVIDE (end = .)
                0x24001178                        PROVIDE (_end = .)
                0x24001378                        . = (. + _Min_Heap_Size)
 *fill*         0x24001178      0x200 
                0x24001778                        . = (. + _Min_Stack_Size)
 *fill*         0x24001378      0x400 
                0x24001778                        . = ALIGN (0x8)

/DISCARD/
 libc.a(*)
 libm.a(*)
 libgcc.a(*)

.ARM.attributes
                0x00000000       0x2e
 *(.ARM.attributes)
 .ARM.attributes
                0x00000000       0x20 C:/ST/STM32CubeIDE_1.15.1/STM32CubeIDE/plugins/com.st.stm32cube.ide.mcu.externaltools.gnu-tools-for-stm32.12.3.rel1.win32_1.0.200.202406191623/tools/bin/../lib/gcc/arm-none-eabi/12.3.1/thumb/v7e-m+dp/hard/crti.o
 .ARM.attributes
                0x00000020       0x32 C:/ST/STM32CubeIDE_1.15.1/STM32CubeIDE/plugins/com.st.stm32cube.ide.mcu.externaltools.gnu-tools-for-stm32.12.3.rel1.win32_1.0.200.202406191623/tools/bin/../lib/gcc/arm-none-eabi/12.3.1/thumb/v7e-m+dp/hard/crtbegin.o
 .ARM.attributes
                0x00000052       0x32 ./Core/Src/main.o
 .ARM.attributes
                0x00000084       0x32 ./Core/Src/stm32h7xx_hal_msp.o
 .ARM.attributes
                0x000000b6       0x32 ./Core/Src/stm32h7xx_it.o
 .ARM.attributes
                0x000000e8       0x32 ./Core/Src/system_stm32h7xx.o
 .ARM.attributes
                0x0000011a       0x21 ./Core/Startup/startup_stm32h7a3vitx.o
 .ARM.attributes
                0x0000013b       0x32 ./Drivers/STM32H7xx_HAL_Driver/Src/stm32h7xx_hal.o
 .ARM.attributes
                0x0000016d       0x32 ./Drivers/STM32H7xx_HAL_Driver/Src/stm32h7xx_hal_cortex.o
 .ARM.attributes
                0x0000019f       0x32 ./Drivers/STM32H7xx_HAL_Driver/Src/stm32h7xx_hal_gpio.o
 .ARM.attributes
                0x000001d1       0x32 ./Drivers/STM32H7xx_HAL_Driver/Src/stm32h7xx_hal_i2c.o
 .ARM.attributes
                0x00000203       0x32 ./Drivers/STM32H7xx_HAL_Driver/Src/stm32h7xx_hal_i2c_ex.o
 .ARM.attributes
                0x00000235       0x32 ./Drivers/STM32H7xx_HAL_Driver/Src/stm32h7xx_hal_pcd.o
 .ARM.attributes
                0x00000267       0x32 ./Drivers/STM32H7xx_HAL_Driver/Src/stm32h7xx_hal_pcd_ex.o
 .ARM.attributes
                0x00000299       0x32 ./Drivers/STM32H7xx_HAL_Driver/Src/stm32h7xx_hal_pwr_ex.o
 .ARM.attributes
                0x000002cb       0x32 ./Drivers/STM32H7xx_HAL_Driver/Src/stm32h7xx_hal_rcc.o
 .ARM.attributes
                0x000002fd       0x32 ./Drivers/STM32H7xx_HAL_Driver/Src/stm32h7xx_hal_rcc_ex.o
 .ARM.attributes
                0x0000032f       0x32 ./Drivers/STM32H7xx_HAL_Driver/Src/stm32h7xx_hal_sd.o
 .ARM.attributes
                0x00000361       0x32 ./Drivers/STM32H7xx_HAL_Driver/Src/stm32h7xx_hal_spi.o
 .ARM.attributes
                0x00000393       0x32 ./Drivers/STM32H7xx_HAL_Driver/Src/stm32h7xx_hal_tim.o
 .ARM.attributes
                0x000003c5       0x32 ./Drivers/STM32H7xx_HAL_Driver/Src/stm32h7xx_hal_tim_ex.o
 .ARM.attributes
                0x000003f7       0x32 ./Drivers/STM32H7xx_HAL_Driver/Src/stm32h7xx_hal_uart.o
 .ARM.attributes
                0x00000429       0x32 ./Drivers/STM32H7xx_HAL_Driver/Src/stm32h7xx_hal_uart_ex.o
 .ARM.attributes
                0x0000045b       0x32 ./Drivers/STM32H7xx_HAL_Driver/Src/stm32h7xx_hal_usart.o
 .ARM.attributes
                0x0000048d       0x32 ./Drivers/STM32H7xx_HAL_Driver/Src/stm32h7xx_hal_usart_ex.o
 .ARM.attributes
                0x000004bf       0x32 ./Drivers/STM32H7xx_HAL_Driver/Src/stm32h7xx_ll_sdmmc.o
 .ARM.attributes
                0x000004f1       0x32 ./Drivers/STM32H7xx_HAL_Driver/Src/stm32h7xx_ll_usb.o
 .ARM.attributes
                0x00000523       0x32 ./Middlewares/ST/STM32_USB_Device_Library/Class/MSC/Src/usbd_msc.o
 .ARM.attributes
                0x00000555       0x32 ./Middlewares/ST/STM32_USB_Device_Library/Class/MSC/Src/usbd_msc_bot.o
 .ARM.attributes
                0x00000587       0x32 ./Middlewares/ST/STM32_USB_Device_Library/Class/MSC/Src/usbd_msc_data.o
 .ARM.attributes
                0x000005b9       0x32 ./Middlewares/ST/STM32_USB_Device_Library/Class/MSC/Src/usbd_msc_scsi.o
 .ARM.attributes
                0x000005eb       0x32 ./Middlewares/ST/STM32_USB_Device_Library/Core/Src/usbd_core.o
 .ARM.attributes
                0x0000061d       0x32 ./Middlewares/ST/STM32_USB_Device_Library/Core/Src/usbd_ctlreq.o
 .ARM.attributes
                0x0000064f       0x32 ./Middlewares/ST/STM32_USB_Device_Library/Core/Src/usbd_ioreq.o
 .ARM.attributes
                0x00000681       0x32 ./USB_DEVICE/App/usb_device.o
 .ARM.attributes
                0x000006b3       0x32 ./USB_DEVICE/App/usbd_desc.o
 .ARM.attributes
                0x000006e5       0x32 ./USB_DEVICE/App/usbd_storage_if.o
 .ARM.attributes
                0x00000717       0x32 ./USB_DEVICE/Target/usbd_conf.o
 .ARM.attributes
                0x00000749       0x32 C:/ST/STM32CubeIDE_1.15.1/STM32CubeIDE/plugins/com.st.stm32cube.ide.mcu.externaltools.gnu-tools-for-stm32.12.3.rel1.win32_1.0.200.202406191623/tools/bin/../lib/gcc/arm-none-eabi/12.3.1/../../../../arm-none-eabi/lib/thumb/v7e-m+dp/hard\libc_nano.a(libc_a-memset.o)
 .ARM.attributes
                0x0000077b       0x32 C:/ST/STM32CubeIDE_1.15.1/STM32CubeIDE/plugins/com.st.stm32cube.ide.mcu.externaltools.gnu-tools-for-stm32.12.3.rel1.win32_1.0.200.202406191623/tools/bin/../lib/gcc/arm-none-eabi/12.3.1/../../../../arm-none-eabi/lib/thumb/v7e-m+dp/hard\libc_nano.a(libc_a-init.o)
 .ARM.attributes
                0x000007ad       0x20 C:/ST/STM32CubeIDE_1.15.1/STM32CubeIDE/plugins/com.st.stm32cube.ide.mcu.externaltools.gnu-tools-for-stm32.12.3.rel1.win32_1.0.200.202406191623/tools/bin/../lib/gcc/arm-none-eabi/12.3.1/thumb/v7e-m+dp/hard\libgcc.a(_aeabi_uldivmod.o)
 .ARM.attributes
                0x000007cd       0x32 C:/ST/STM32CubeIDE_1.15.1/STM32CubeIDE/plugins/com.st.stm32cube.ide.mcu.externaltools.gnu-tools-for-stm32.12.3.rel1.win32_1.0.200.202406191623/tools/bin/../lib/gcc/arm-none-eabi/12.3.1/thumb/v7e-m+dp/hard\libgcc.a(_udivmoddi4.o)
 .ARM.attributes
                0x000007ff       0x20 C:/ST/STM32CubeIDE_1.15.1/STM32CubeIDE/plugins/com.st.stm32cube.ide.mcu.externaltools.gnu-tools-for-stm32.12.3.rel1.win32_1.0.200.202406191623/tools/bin/../lib/gcc/arm-none-eabi/12.3.1/thumb/v7e-m+dp/hard\libgcc.a(_dvmd_tls.o)
 .ARM.attributes
                0x0000081f       0x20 C:/ST/STM32CubeIDE_1.15.1/STM32CubeIDE/plugins/com.st.stm32cube.ide.mcu.externaltools.gnu-tools-for-stm32.12.3.rel1.win32_1.0.200.202406191623/tools/bin/../lib/gcc/arm-none-eabi/12.3.1/thumb/v7e-m+dp/hard/crtn.o
OUTPUT(aerosentinel_argus.elf elf32-littlearm)
LOAD linker stubs
LOAD C:/ST/STM32CubeIDE_1.15.1/STM32CubeIDE/plugins/com.st.stm32cube.ide.mcu.externaltools.gnu-tools-for-stm32.12.3.rel1.win32_1.0.200.202406191623/tools/bin/../lib/gcc/arm-none-eabi/12.3.1/../../../../arm-none-eabi/lib/thumb/v7e-m+dp/hard\libc.a
LOAD C:/ST/STM32CubeIDE_1.15.1/STM32CubeIDE/plugins/com.st.stm32cube.ide.mcu.externaltools.gnu-tools-for-stm32.12.3.rel1.win32_1.0.200.202406191623/tools/bin/../lib/gcc/arm-none-eabi/12.3.1/../../../../arm-none-eabi/lib/thumb/v7e-m+dp/hard\libm.a
LOAD C:/ST/STM32CubeIDE_1.15.1/STM32CubeIDE/plugins/com.st.stm32cube.ide.mcu.externaltools.gnu-tools-for-stm32.12.3.rel1.win32_1.0.200.202406191623/tools/bin/../lib/gcc/arm-none-eabi/12.3.1/thumb/v7e-m+dp/hard\libgcc.a

.debug_info     0x00000000    0x2abc5
 .debug_info    0x00000000     0x26d7 ./Core/Src/main.o
 .debug_info    0x000026d7     0x2479 ./Core/Src/stm32h7xx_hal_msp.o
 .debug_info    0x00004b50      0x6b2 ./Core/Src/stm32h7xx_it.o
 .debug_info    0x00005202      0xc73 ./Core/Src/system_stm32h7xx.o
 .debug_info    0x00005e75       0x30 ./Core/Startup/startup_stm32h7a3vitx.o
 .debug_info    0x00005ea5     0x13f1 ./Drivers/STM32H7xx_HAL_Driver/Src/stm32h7xx_hal.o
 .debug_info    0x00007296     0x108e ./Drivers/STM32H7xx_HAL_Driver/Src/stm32h7xx_hal_cortex.o
 .debug_info    0x00008324      0xb2b ./Drivers/STM32H7xx_HAL_Driver/Src/stm32h7xx_hal_gpio.o
 .debug_info    0x00008e4f     0x22a1 ./Drivers/STM32H7xx_HAL_Driver/Src/stm32h7xx_hal_i2c.o
 .debug_info    0x0000b0f0      0xc64 ./Drivers/STM32H7xx_HAL_Driver/Src/stm32h7xx_hal_i2c_ex.o
 .debug_info    0x0000bd54     0x1561 ./Drivers/STM32H7xx_HAL_Driver/Src/stm32h7xx_hal_pcd.o
 .debug_info    0x0000d2b5      0x8b3 ./Drivers/STM32H7xx_HAL_Driver/Src/stm32h7xx_hal_pcd_ex.o
 .debug_info    0x0000db68      0xef7 ./Drivers/STM32H7xx_HAL_Driver/Src/stm32h7xx_hal_pwr_ex.o
 .debug_info    0x0000ea5f      0xea1 ./Drivers/STM32H7xx_HAL_Driver/Src/stm32h7xx_hal_rcc.o
 .debug_info    0x0000f900     0x11fd ./Drivers/STM32H7xx_HAL_Driver/Src/stm32h7xx_hal_rcc_ex.o
 .debug_info    0x00010afd     0x1a7a ./Drivers/STM32H7xx_HAL_Driver/Src/stm32h7xx_hal_sd.o
 .debug_info    0x00012577     0x1440 ./Drivers/STM32H7xx_HAL_Driver/Src/stm32h7xx_hal_spi.o
 .debug_info    0x000139b7     0x2bae ./Drivers/STM32H7xx_HAL_Driver/Src/stm32h7xx_hal_tim.o
 .debug_info    0x00016565     0x18c1 ./Drivers/STM32H7xx_HAL_Driver/Src/stm32h7xx_hal_tim_ex.o
 .debug_info    0x00017e26     0x4b32 ./Drivers/STM32H7xx_HAL_Driver/Src/stm32h7xx_hal_uart.o
 .debug_info    0x0001c958      0xfbf ./Drivers/STM32H7xx_HAL_Driver/Src/stm32h7xx_hal_uart_ex.o
 .debug_info    0x0001d917     0x1a05 ./Drivers/STM32H7xx_HAL_Driver/Src/stm32h7xx_hal_usart.o
 .debug_info    0x0001f31c      0x970 ./Drivers/STM32H7xx_HAL_Driver/Src/stm32h7xx_hal_usart_ex.o
 .debug_info    0x0001fc8c     0x11d3 ./Drivers/STM32H7xx_HAL_Driver/Src/stm32h7xx_ll_sdmmc.o
 .debug_info    0x00020e5f     0x1a1e ./Drivers/STM32H7xx_HAL_Driver/Src/stm32h7xx_ll_usb.o
 .debug_info    0x0002287d      0xdd9 ./Middlewares/ST/STM32_USB_Device_Library/Class/MSC/Src/usbd_msc.o
 .debug_info    0x00023656      0xc76 ./Middlewares/ST/STM32_USB_Device_Library/Class/MSC/Src/usbd_msc_bot.o
 .debug_info    0x000242cc      0x13d ./Middlewares/ST/STM32_USB_Device_Library/Class/MSC/Src/usbd_msc_data.o
 .debug_info    0x00024409     0x11d9 ./Middlewares/ST/STM32_USB_Device_Library/Class/MSC/Src/usbd_msc_scsi.o
 .debug_info    0x000255e2      0xe20 ./Middlewares/ST/STM32_USB_Device_Library/Core/Src/usbd_core.o
 .debug_info    0x00026402      0xaf9 ./Middlewares/ST/STM32_USB_Device_Library/Core/Src/usbd_ctlreq.o
 .debug_info    0x00026efb      0x770 ./Middlewares/ST/STM32_USB_Device_Library/Core/Src/usbd_ioreq.o
 .debug_info    0x0002766b      0x762 ./USB_DEVICE/App/usb_device.o
 .debug_info    0x00027dcd      0x4c5 ./USB_DEVICE/App/usbd_desc.o
 .debug_info    0x00028292      0x3b6 ./USB_DEVICE/App/usbd_storage_if.o
 .debug_info    0x00028648     0x257d ./USB_DEVICE/Target/usbd_conf.o

.debug_abbrev   0x00000000     0x5452
 .debug_abbrev  0x00000000      0x316 ./Core/Src/main.o
 .debug_abbrev  0x00000316      0x2a9 ./Core/Src/stm32h7xx_hal_msp.o
 .debug_abbrev  0x000005bf      0x1a4 ./Core/Src/stm32h7xx_it.o
 .debug_abbrev  0x00000763      0x14a ./Core/Src/system_stm32h7xx.o
 .debug_abbrev  0x000008ad       0x24 ./Core/Startup/startup_stm32h7a3vitx.o
 .debug_abbrev  0x000008d1      0x291 ./Drivers/STM32H7xx_HAL_Driver/Src/stm32h7xx_hal.o
 .debug_abbrev  0x00000b62      0x339 ./Drivers/STM32H7xx_HAL_Driver/Src/stm32h7xx_hal_cortex.o
 .debug_abbrev  0x00000e9b      0x1fa ./Drivers/STM32H7xx_HAL_Driver/Src/stm32h7xx_hal_gpio.o
 .debug_abbrev  0x00001095      0x25d ./Drivers/STM32H7xx_HAL_Driver/Src/stm32h7xx_hal_i2c.o
 .debug_abbrev  0x000012f2      0x1f1 ./Drivers/STM32H7xx_HAL_Driver/Src/stm32h7xx_hal_i2c_ex.o
 .debug_abbrev  0x000014e3      0x2dc ./Drivers/STM32H7xx_HAL_Driver/Src/stm32h7xx_hal_pcd.o