Archive member included to satisfy reference by file (symbol)

C:/ST/STM32CubeIDE_1.15.1/STM32CubeIDE/plugins/com.st.stm32cube.ide.mcu.externaltools.gnu-tools-for-stm32.12.3.rel1.win32_1.0.200.202406191623/tools/bin/../lib/gcc/arm-none-eabi/12.3.1/../../../../arm-none-eabi/lib/thumb/v7e-m+dp/hard\libc_nano.a(libc_a-exit.o)
                              C:/ST/STM32CubeIDE_1.15.1/STM32CubeIDE/plugins/com.st.stm32cube.ide.mcu.externaltools.gnu-tools-for-stm32.12.3.rel1.win32_1.0.200.202406191623/tools/bin/../lib/gcc/arm-none-eabi/12.3.1/../../../../arm-none-eabi/lib/thumb/v7e-m+dp/hard/crt0.o (exit)
C:/ST/STM32CubeIDE_1.15.1/STM32CubeIDE/plugins/com.st.stm32cube.ide.mcu.externaltools.gnu-tools-for-stm32.12.3.rel1.win32_1.0.200.202406191623/tools/bin/../lib/gcc/arm-none-eabi/12.3.1/../../../../arm-none-eabi/lib/thumb/v7e-m+dp/hard\libc_nano.a(libc_a-findfp.o)
                              C:/ST/STM32CubeIDE_1.15.1/STM32CubeIDE/plugins/com.st.stm32cube.ide.mcu.externaltools.gnu-tools-for-stm32.12.3.rel1.win32_1.0.200.202406191623/tools/bin/../lib/gcc/arm-none-eabi/12.3.1/../../../../arm-none-eabi/lib/thumb/v7e-m+dp/hard\libc_nano.a(libc_a-exit.o) (__stdio_exit_handler)
C:/ST/STM32CubeIDE_1.15.1/STM32CubeIDE/plugins/com.st.stm32cube.ide.mcu.externaltools.gnu-tools-for-stm32.12.3.rel1.win32_1.0.200.202406191623/tools/bin/../lib/gcc/arm-none-eabi/12.3.1/../../../../arm-none-eabi/lib/thumb/v7e-m+dp/hard\libc_nano.a(libc_a-fwalk.o)
                              C:/ST/STM32CubeIDE_1.15.1/STM32CubeIDE/plugins/com.st.stm32cube.ide.mcu.externaltools.gnu-tools-for-stm32.12.3.rel1.win32_1.0.200.202406191623/tools/bin/../lib/gcc/arm-none-eabi/12.3.1/../../../../arm-none-eabi/lib/thumb/v7e-m+dp/hard\libc_nano.a(libc_a-findfp.o) (_fwalk_sglue)
C:/ST/STM32CubeIDE_1.15.1/STM32CubeIDE/plugins/com.st.stm32cube.ide.mcu.externaltools.gnu-tools-for-stm32.12.3.rel1.win32_1.0.200.202406191623/tools/bin/../lib/gcc/arm-none-eabi/12.3.1/../../../../arm-none-eabi/lib/thumb/v7e-m+dp/hard\libc_nano.a(libc_a-stdio.o)
                              C:/ST/STM32CubeIDE_1.15.1/STM32CubeIDE/plugins/com.st.stm32cube.ide.mcu.externaltools.gnu-tools-for-stm32.12.3.rel1.win32_1.0.200.202406191623/tools/bin/../lib/gcc/arm-none-eabi/12.3.1/../../../../arm-none-eabi/lib/thumb/v7e-m+dp/hard\libc_nano.a(libc_a-findfp.o) (__sread)
C:/ST/STM32CubeIDE_1.15.1/STM32CubeIDE/plugins/com.st.stm32cube.ide.mcu.externaltools.gnu-tools-for-stm32.12.3.rel1.win32_1.0.200.202406191623/tools/bin/../lib/gcc/arm-none-eabi/12.3.1/../../../../arm-none-eabi/lib/thumb/v7e-m+dp/hard\libc_nano.a(libc_a-memset.o)
                              C:/ST/STM32CubeIDE_1.15.1/STM32CubeIDE/plugins/com.st.stm32cube.ide.mcu.externaltools.gnu-tools-for-stm32.12.3.rel1.win32_1.0.200.202406191623/tools/bin/../lib/gcc/arm-none-eabi/12.3.1/../../../../arm-none-eabi/lib/thumb/v7e-m+dp/hard/crt0.o (memset)
C:/ST/STM32CubeIDE_1.15.1/STM32CubeIDE/plugins/com.st.stm32cube.ide.mcu.externaltools.gnu-tools-for-stm32.12.3.rel1.win32_1.0.200.202406191623/tools/bin/../lib/gcc/arm-none-eabi/12.3.1/../../../../arm-none-eabi/lib/thumb/v7e-m+dp/hard\libc_nano.a(libc_a-closer.o)
                              C:/ST/STM32CubeIDE_1.15.1/STM32CubeIDE/plugins/com.st.stm32cube.ide.mcu.externaltools.gnu-tools-for-stm32.12.3.rel1.win32_1.0.200.202406191623/tools/bin/../lib/gcc/arm-none-eabi/12.3.1/../../../../arm-none-eabi/lib/thumb/v7e-m+dp/hard\libc_nano.a(libc_a-stdio.o) (_close_r)
C:/ST/STM32CubeIDE_1.15.1/STM32CubeIDE/plugins/com.st.stm32cube.ide.mcu.externaltools.gnu-tools-for-stm32.12.3.rel1.win32_1.0.200.202406191623/tools/bin/../lib/gcc/arm-none-eabi/12.3.1/../../../../arm-none-eabi/lib/thumb/v7e-m+dp/hard\libc_nano.a(libc_a-reent.o)
                              C:/ST/STM32CubeIDE_1.15.1/STM32CubeIDE/plugins/com.st.stm32cube.ide.mcu.externaltools.gnu-tools-for-stm32.12.3.rel1.win32_1.0.200.202406191623/tools/bin/../lib/gcc/arm-none-eabi/12.3.1/../../../../arm-none-eabi/lib/thumb/v7e-m+dp/hard\libc_nano.a(libc_a-closer.o) (errno)
C:/ST/STM32CubeIDE_1.15.1/STM32CubeIDE/plugins/com.st.stm32cube.ide.mcu.externaltools.gnu-tools-for-stm32.12.3.rel1.win32_1.0.200.202406191623/tools/bin/../lib/gcc/arm-none-eabi/12.3.1/../../../../arm-none-eabi/lib/thumb/v7e-m+dp/hard\libc_nano.a(libc_a-impure.o)
                              C:/ST/STM32CubeIDE_1.15.1/STM32CubeIDE/plugins/com.st.stm32cube.ide.mcu.externaltools.gnu-tools-for-stm32.12.3.rel1.win32_1.0.200.202406191623/tools/bin/../lib/gcc/arm-none-eabi/12.3.1/../../../../arm-none-eabi/lib/thumb/v7e-m+dp/hard\libc_nano.a(libc_a-reent.o) (_impure_ptr)
C:/ST/STM32CubeIDE_1.15.1/STM32CubeIDE/plugins/com.st.stm32cube.ide.mcu.externaltools.gnu-tools-for-stm32.12.3.rel1.win32_1.0.200.202406191623/tools/bin/../lib/gcc/arm-none-eabi/12.3.1/../../../../arm-none-eabi/lib/thumb/v7e-m+dp/hard\libc_nano.a(libc_a-lseekr.o)
[...]
Memory Configuration

Name             Origin             Length             Attributes
ITCMRAM          0x00000000         0x00010000         xrw
FLASH            0x08000000         0x00200000         xr
DTCMRAM1         0x20000000         0x00010000         xrw
DTCMRAM2         0x20010000         0x00010000         xrw
RAM              0x24000000         0x00100000         xrw
RAM_CD           0x30000000         0x00020000         xrw
RAM_SRD          0x38000000         0x00008000         xrw
*default*        0x00000000         0xffffffff

Linker script and memory map

LOAD C:/ST/STM32CubeIDE_1.15.1/STM32CubeIDE/plugins/com.st.stm32cube.ide.mcu.externaltools.gnu-tools-for-stm32.12.3.rel1.win32_1.0.200.202406191623/tools/bin/../lib/gcc/arm-none-eabi/12.3.1/thumb/v7e-m+dp/hard/crti.o
LOAD C:/ST/STM32CubeIDE_1.15.1/STM32CubeIDE/plugins/com.st.stm32cube.ide.mcu.externaltools.gnu-tools-for-stm32.12.3.rel1.win32_1.0.200.202406191623/tools/bin/../lib/gcc/arm-none-eabi/12.3.1/thumb/v7e-m+dp/hard/crtbegin.o
LOAD C:/ST/STM32CubeIDE_1.15.1/STM32CubeIDE/plugins/com.st.stm32cube.ide.mcu.externaltools.gnu-tools-for-stm32.12.3.rel1.win32_1.0.200.202406191623/tools/bin/../lib/gcc/arm-none-eabi/12.3.1/../../../../arm-none-eabi/lib/thumb/v7e-m+dp/hard/crt0.o
LOAD ./Core/Src/main.o
LOAD ./Core/Src/stm32h7xx_hal_msp.o
LOAD ./Core/Src/stm32h7xx_it.o
LOAD ./Core/Src/syscalls.o
LOAD ./Core/Src/sysmem.o
LOAD ./Core/Src/system_stm32h7xx.o
LOAD ./Core/Startup/startup_stm32h7a3vitx.o
LOAD ./Drivers/STM32H7xx_HAL_Driver/Src/stm32h7xx_hal.o
LOAD ./Drivers/STM32H7xx_HAL_Driver/Src/stm32h7xx_hal_cortex.o
LOAD ./Drivers/STM32H7xx_HAL_Driver/Src/stm32h7xx_hal_dma.o
LOAD ./Drivers/STM32H7xx_HAL_Driver/Src/stm32h7xx_hal_dma_ex.o
LOAD ./Drivers/STM32H7xx_HAL_Driver/Src/stm32h7xx_hal_exti.o
LOAD ./Drivers/STM32H7xx_HAL_Driver/Src/stm32h7xx_hal_flash.o
LOAD ./Drivers/STM32H7xx_HAL_Driver/Src/stm32h7xx_hal_flash_ex.o
LOAD ./Drivers/STM32H7xx_HAL_Driver/Src/stm32h7xx_hal_gpio.o
LOAD ./Drivers/STM32H7xx_HAL_Driver/Src/stm32h7xx_hal_hsem.o
LOAD ./Drivers/STM32H7xx_HAL_Driver/Src/stm32h7xx_hal_i2c.o
LOAD ./Drivers/STM32H7xx_HAL_Driver/Src/stm32h7xx_hal_i2c_ex.o
LOAD ./Drivers/STM32H7xx_HAL_Driver/Src/stm32h7xx_hal_mdma.o
LOAD ./Drivers/STM32H7xx_HAL_Driver/Src/stm32h7xx_hal_mmc.o
LOAD ./Drivers/STM32H7xx_HAL_Driver/Src/stm32h7xx_hal_mmc_ex.o
LOAD ./Drivers/STM32H7xx_HAL_Driver/Src/stm32h7xx_hal_pcd.o
LOAD ./Drivers/STM32H7xx_HAL_Driver/Src/stm32h7xx_hal_pcd_ex.o
LOAD ./Drivers/STM32H7xx_HAL_Driver/Src/stm32h7xx_hal_pwr.o
LOAD ./Drivers/STM32H7xx_HAL_Driver/Src/stm32h7xx_hal_pwr_ex.o
LOAD ./Drivers/STM32H7xx_HAL_Driver/Src/stm32h7xx_hal_rcc.o
LOAD ./Drivers/STM32H7xx_HAL_Driver/Src/stm32h7xx_hal_rcc_ex.o
LOAD ./Drivers/STM32H7xx_HAL_Driver/Src/stm32h7xx_hal_spi.o
LOAD ./Drivers/STM32H7xx_HAL_Driver/Src/stm32h7xx_hal_spi_ex.o
LOAD ./Drivers/STM32H7xx_HAL_Driver/Src/stm32h7xx_hal_tim.o
LOAD ./Drivers/STM32H7xx_HAL_Driver/Src/stm32h7xx_hal_tim_ex.o
LOAD ./Drivers/STM32H7xx_HAL_Driver/Src/stm32h7xx_hal_uart.o
LOAD ./Drivers/STM32H7xx_HAL_Driver/Src/stm32h7xx_hal_uart_ex.o
LOAD ./Drivers/STM32H7xx_HAL_Driver/Src/stm32h7xx_hal_usart.o
LOAD ./Drivers/STM32H7xx_HAL_Driver/Src/stm32h7xx_hal_usart_ex.o
LOAD ./Drivers/STM32H7xx_HAL_Driver/Src/stm32h7xx_ll_sdmmc.o
LOAD ./Drivers/STM32H7xx_HAL_Driver/Src/stm32h7xx_ll_usb.o
LOAD ./Middlewares/ST/STM32_USB_Device_Library/Class/MSC/Src/usbd_msc.o
LOAD ./Middlewares/ST/STM32_USB_Device_Library/Class/MSC/Src/usbd_msc_bot.o
LOAD ./Middlewares/ST/STM32_USB_Device_Library/Class/MSC/Src/usbd_msc_data.o
LOAD ./Middlewares/ST/STM32_USB_Device_Library/Class/MSC/Src/usbd_msc_scsi.o
LOAD ./Middlewares/ST/STM32_USB_Device_Library/Core/Src/usbd_core.o
LOAD ./Middlewares/ST/STM32_USB_Device_Library/Core/Src/usbd_ctlreq.o
LOAD ./Middlewares/ST/STM32_USB_Device_Library/Core/Src/usbd_ioreq.o
LOAD ./USB_DEVICE/App/usb_device.o
LOAD ./USB_DEVICE/App/usbd_desc.o
LOAD ./USB_DEVICE/App/usbd_storage_if.o
LOAD ./USB_DEVICE/Target/usbd_conf.o
START GROUP
LOAD C:/ST/STM32CubeIDE_1.15.1/STM32CubeIDE/plugins/com.st.stm32cube.ide.mcu.externaltools.gnu-tools-for-stm32.12.3.rel1.win32_1.0.200.202406191623/tools/bin/../lib/gcc/arm-none-eabi/12.3.1/../../../../arm-none-eabi/lib/thumb/v7e-m+dp/hard\libc_nano.a
LOAD C:/ST/STM32CubeIDE_1.15.1/STM32CubeIDE/plugins/com.st.stm32cube.ide.mcu.externaltools.gnu-tools-for-stm32.12.3.rel1.win32_1.0.200.202406191623/tools/bin/../lib/gcc/arm-none-eabi/12.3.1/../../../../arm-none-eabi/lib/thumb/v7e-m+dp/hard\libm.a
END GROUP
START GROUP
LOAD C:/ST/STM32CubeIDE_1.15.1/STM32CubeIDE/plugins/com.st.stm32cube.ide.mcu.externaltools.gnu-tools-for-stm32.12.3.rel1.win32_1.0.200.202406191623/tools/bin/../lib/gcc/arm-none-eabi/12.3.1/thumb/v7e-m+dp/hard\libgcc.a
LOAD C:/ST/STM32CubeIDE_1.15.1/STM32CubeIDE/plugins/com.st.stm32cube.ide.mcu.externaltools.gnu-tools-for-stm32.12.3.rel1.win32_1.0.200.202406191623/tools/bin/../lib/gcc/arm-none-eabi/12.3.1/../../../../arm-none-eabi/lib/thumb/v7e-m+dp/hard\libc_nano.a
END GROUP
START GROUP
LOAD C:/ST/STM32CubeIDE_1.15.1/STM32CubeIDE/plugins/com.st.stm32cube.ide.mcu.externaltools.gnu-tools-for-stm32.12.3.rel1.win32_1.0.200.202406191623/tools/bin/../lib/gcc/arm-none-eabi/12.3.1/thumb/v7e-m+dp/hard\libgcc.a
LOAD C:/ST/STM32CubeIDE_1.15.1/STM32CubeIDE/plugins/com.st.stm32cube.ide.mcu.externaltools.gnu-tools-for-stm32.12.3.rel1.win32_1.0.200.202406191623/tools/bin/../lib/gcc/arm-none-eabi/12.3.1/../../../../arm-none-eabi/lib/thumb/v7e-m+dp/hard\libc_nano.a
LOAD C:/ST/STM32CubeIDE_1.15.1/STM32CubeIDE/plugins/com.st.stm32cube.ide.mcu.externaltools.gnu-tools-for-stm32.12.3.rel1.win32_1.0.200.202406191623/tools/bin/../lib/gcc/arm-none-eabi/12.3.1/../../../../arm-none-eabi/lib/thumb/v7e-m+dp/hard\libnosys.a
END GROUP
START GROUP
LOAD C:/ST/STM32CubeIDE_1.15.1/STM32CubeIDE/plugins/com.st.stm32cube.ide.mcu.externaltools.gnu-tools-for-stm32.12.3.rel1.win32_1.0.200.202406191623/tools/bin/../lib/gcc/arm-none-eabi/12.3.1/thumb/v7e-m+dp/hard\libgcc.a
LOAD C:/ST/STM32CubeIDE_1.15.1/STM32CubeIDE/plugins/com.st.stm32cube.ide.mcu.externaltools.gnu-tools-for-stm32.12.3.rel1.win32_1.0.200.202406191623/tools/bin/../lib/gcc/arm-none-eabi/12.3.1/../../../../arm-none-eabi/lib/thumb/v7e-m+dp/hard\libc_nano.a
LOAD C:/ST/STM32CubeIDE_1.15.1/STM32CubeIDE/plugins/com.st.stm32cube.ide.mcu.externaltools.gnu-tools-for-stm32.12.3.rel1.win32_1.0.200.202406191623/tools/bin/../lib/gcc/arm-none-eabi/12.3.1/../../../../arm-none-eabi/lib/thumb/v7e-m+dp/hard\libnosys.a
END GROUP
LOAD C:/ST/STM32CubeIDE_1.15.1/STM32CubeIDE/plugins/com.st.stm32cube.ide.mcu.externaltools.gnu-tools-for-stm32.12.3.rel1.win32_1.0.200.202406191623/tools/bin/../lib/gcc/arm-none-eabi/12.3.1/thumb/v7e-m+dp/hard/crtend.o
LOAD C:/ST/STM32CubeIDE_1.15.1/STM32CubeIDE/plugins/com.st.stm32cube.ide.mcu.externaltools.gnu-tools-for-stm32.12.3.rel1.win32_1.0.200.202406191623/tools/bin/../lib/gcc/arm-none-eabi/12.3.1/thumb/v7e-m+dp/hard/crtn.o
                0x24100000                        _estack = (ORIGIN (RAM) + LENGTH (RAM))
                0x00000200                        _Min_Heap_Size = 0x200
                0x00000400                        _Min_Stack_Size = 0x400

.isr_vector     0x08000000      0x2ac
                0x08000000                        . = ALIGN (0x4)
 *(.isr_vector)
 .isr_vector    0x08000000      0x2ac ./Core/Startup/startup_stm32h7a3vitx.o
                0x08000000                g_pfnVectors
                0x080002ac                        . = ALIGN (0x4)

.text           0x080002ac     0xff04
                0x080002ac                        . = ALIGN (0x4)
 *(.text)
 .text          0x080002ac       0x40 C:/ST/STM32CubeIDE_1.15.1/STM32CubeIDE/plugins/com.st.stm32cube.ide.mcu.externaltools.gnu-tools-for-stm32.12.3.rel1.win32_1.0.200.202406191623/tools/bin/../lib/gcc/arm-none-eabi/12.3.1/thumb/v7e-m+dp/hard/crtbegin.o
 .text          0x080002ec       0x30 C:/ST/STM32CubeIDE_1.15.1/STM32CubeIDE/plugins/com.st.stm32cube.ide.mcu.externaltools.gnu-tools-for-stm32.12.3.rel1.win32_1.0.200.202406191623/tools/bin/../lib/gcc/arm-none-eabi/12.3.1/thumb/v7e-m+dp/hard\libgcc.a(_aeabi_uldivmod.o)
                0x080002ec                __aeabi_uldivmod
 .text          0x0800031c      0x2bc C:/ST/STM32CubeIDE_1.15.1/STM32CubeIDE/plugins/com.st.stm32cube.ide.mcu.externaltools.gnu-tools-for-stm32.12.3.rel1.win32_1.0.200.202406191623/tools/bin/../lib/gcc/arm-none-eabi/12.3.1/thumb/v7e-m+dp/hard\libgcc.a(_udivmoddi4.o)
                0x0800031c                __udivmoddi4
 .text          0x080005d8        0x4 C:/ST/STM32CubeIDE_1.15.1/STM32CubeIDE/plugins/com.st.stm32cube.ide.mcu.externaltools.gnu-tools-for-stm32.12.3.rel1.win32_1.0.200.202406191623/tools/bin/../lib/gcc/arm-none-eabi/12.3.1/thumb/v7e-m+dp/hard\libgcc.a(_dvmd_tls.o)
                0x080005d8                __aeabi_idiv0
                0x080005d8                __aeabi_ldiv0
 *(.text*)
 .text.main     0x080005dc       0x3c ./Core/Src/main.o
                0x080005dc                main
 .text.SystemClock_Config
                0x08000618       0xec ./Core/Src/main.o
                0x08000618                SystemClock_Config
 .text.MX_I2C1_Init
                0x08000704       0x80 ./Core/Src/main.o
 .text.MX_I2C2_Init
                0x08000784       0x80 ./Core/Src/main.o
 .text.MX_I2C4_Init
                0x08000804       0x80 ./Core/Src/main.o
 .text.MX_SDMMC1_MMC_Init
                0x08000884       0x48 ./Core/Src/main.o
 .text.MX_SPI1_Init
                0x080008cc       0xac ./Core/Src/main.o
 .text.MX_SPI4_Init
                0x08000978       0xac ./Core/Src/main.o
 .text.MX_USART2_UART_Init
                0x08000a24       0x98 ./Core/Src/main.o
 .text.MX_USART3_Init
                0x08000abc       0xbc ./Core/Src/main.o
 .text.MX_GPIO_Init
                0x08000b78      0x1d8 ./Core/Src/main.o
 .text.MPU_Config
                0x08000d50       0x58 ./Core/Src/main.o
 .text.Error_Handler
                0x08000da8        0xc ./Core/Src/main.o
                0x08000da8                Error_Handler
 .text.HAL_MspInit
                0x08000db4       0x34 ./Core/Src/stm32h7xx_hal_msp.o
                0x08000db4                HAL_MspInit
 .text.HAL_I2C_MspInit
                0x08000de8      0x210 ./Core/Src/stm32h7xx_hal_msp.o
                0x08000de8                HAL_I2C_MspInit
 .text.HAL_MMC_MspInit
                0x08000ff8      0x16c ./Core/Src/stm32h7xx_hal_msp.o
                0x08000ff8                HAL_MMC_MspInit
 .text.HAL_SPI_MspInit
                0x08001164      0x170 ./Core/Src/stm32h7xx_hal_msp.o
                0x08001164                HAL_SPI_MspInit
 .text.HAL_UART_MspInit
                0x080012d4       0xd0 ./Core/Src/stm32h7xx_hal_msp.o
                0x080012d4                HAL_UART_MspInit
 .text.HAL_USART_MspInit
                0x080013a4      0x120 ./Core/Src/stm32h7xx_hal_msp.o
                0x080013a4                HAL_USART_MspInit
 .text.NMI_Handler
                0x080014c4        0x8 ./Core/Src/stm32h7xx_it.o
                0x080014c4                NMI_Handler
 .text.HardFault_Handler
                0x080014cc        0x8 ./Core/Src/stm32h7xx_it.o
                0x080014cc                HardFault_Handler
 .text.MemManage_Handler
                0x080014d4        0x8 ./Core/Src/stm32h7xx_it.o
                0x080014d4                MemManage_Handler
 .text.BusFault_Handler
                0x080014dc        0x8 ./Core/Src/stm32h7xx_it.o
                0x080014dc                BusFault_Handler
 .text.UsageFault_Handler
                0x080014e4        0x8 ./Core/Src/stm32h7xx_it.o
                0x080014e4                UsageFault_Handler
 .text.SVC_Handler
                0x080014ec        0xe ./Core/Src/stm32h7xx_it.o
                0x080014ec                SVC_Handler
 .text.DebugMon_Handler
                0x080014fa        0xe ./Core/Src/stm32h7xx_it.o
                0x080014fa                DebugMon_Handler
 .text.PendSV_Handler
                0x08001508        0xe ./Core/Src/stm32h7xx_it.o
                0x08001508                PendSV_Handler
 .text.SysTick_Handler
                0x08001516        0xc ./Core/Src/stm32h7xx_it.o
                0x08001516                SysTick_Handler
 *fill*         0x08001522        0x2 
 .text.OTG_HS_IRQHandler
                0x08001524       0x14 ./Core/Src/stm32h7xx_it.o
                0x08001524                OTG_HS_IRQHandler
 .text.SystemInit
                0x08001538       0xf0 ./Core/Src/system_stm32h7xx.o
                0x08001538                SystemInit
 .text.Reset_Handler
                0x08001628       0x50 ./Core/Startup/startup_stm32h7a3vitx.o
                0x08001628                Reset_Handler
 .text.Default_Handler
                0x08001678        0x2 ./Core/Startup/startup_stm32h7a3vitx.o
                0x08001678                RTC_Alarm_IRQHandler
                0x08001678                EXTI2_IRQHandler
                0x08001678                TIM8_CC_IRQHandler
                0x08001678                UART8_IRQHandler
                0x08001678                BDMA2_Channel1_IRQHandler
                0x08001678                SPI4_IRQHandler
                0x08001678                BDMA2_Channel0_IRQHandler
                0x08001678                TIM1_CC_IRQHandler
                0x08001678                DMA2_Stream5_IRQHandler
                0x08001678                JPEG_IRQHandler
                0x08001678                DMA1_Stream5_IRQHandler
                0x08001678                EXTI3_IRQHandler
                0x08001678                LPTIM4_IRQHandler
                0x08001678                TIM8_TRG_COM_TIM14_IRQHandler
                0x08001678                LPTIM2_IRQHandler
                0x08001678                DFSDM1_FLT1_IRQHandler
                0x08001678                DMAMUX2_OVR_IRQHandler
                0x08001678                GFXMMU_IRQHandler
                0x08001678                TIM8_UP_TIM13_IRQHandler
                0x08001678                I2C3_ER_IRQHandler
                0x08001678                DFSDM1_FLT2_IRQHandler
                0x08001678                USART10_IRQHandler
                0x08001678                MDMA_IRQHandler
                0x08001678                LPTIM3_IRQHandler
                0x08001678                BDMA2_Channel3_IRQHandler
                0x08001678                HSEM1_IRQHandler
                0x08001678                EXTI0_IRQHandler
                0x08001678                I2C2_EV_IRQHandler
                0x08001678                DAC2_IRQHandler
                0x08001678                DMA1_Stream2_IRQHandler
                0x08001678                FPU_IRQHandler
                0x08001678                OTG_HS_WKUP_IRQHandler
                0x08001678                FDCAN1_IT1_IRQHandler
                0x08001678                LTDC_ER_IRQHandler
                0x08001678                DMA2_Stream2_IRQHandler
                0x08001678                SPI1_IRQHandler
                0x08001678                OCTOSPI1_IRQHandler
                0x08001678                TIM6_DAC_IRQHandler
                0x08001678                BDMA2_Channel6_IRQHandler
                0x08001678                DMA2_Stream3_IRQHandler
                0x08001678                OCTOSPI2_IRQHandler
                0x08001678                SAI2_IRQHandler
                0x08001678                BDMA1_IRQHandler
                0x08001678                DFSDM1_FLT3_IRQHandler
                0x08001678                USART6_IRQHandler
                0x08001678                TIM17_IRQHandler
                0x08001678                USART3_IRQHandler
                0x08001678                LPTIM5_IRQHandler
                0x08001678                UART5_IRQHandler
                0x08001678                DMA2_Stream0_IRQHandler
                0x08001678                TIM4_IRQHandler
                0x08001678                I2C1_EV_IRQHandler
                0x08001678                DMA1_Stream6_IRQHandler
                0x08001678                DMAMUX1_OVR_IRQHandler
                0x08001678                DMA1_Stream1_IRQHandler
                0x08001678                TIM16_IRQHandler
                0x08001678                UART4_IRQHandler
                0x08001678                TIM3_IRQHandler
                0x08001678                RCC_IRQHandler
                0x08001678                UART9_IRQHandler
                0x08001678                TIM8_BRK_TIM12_IRQHandler
                0x08001678                TIM1_TRG_COM_IRQHandler
                0x08001678                Default_Handler
                0x08001678                ECC_IRQHandler
                0x08001678                BDMA2_Channel2_IRQHandler
                0x08001678                CEC_IRQHandler
                0x08001678                EXTI15_10_IRQHandler
                0x08001678                DFSDM1_FLT4_IRQHandler
                0x08001678                ADC_IRQHandler
                0x08001678                DMA1_Stream7_IRQHandler
                0x08001678                SPI5_IRQHandler
                0x08001678                TIM7_IRQHandler
                0x08001678                SDMMC1_IRQHandler
                0x08001678                TIM5_IRQHandler
                0x08001678                DMA2_Stream7_IRQHandler
                0x08001678                TIM15_IRQHandler
                0x08001678                I2C3_EV_IRQHandler
                0x08001678                DFSDM2_IRQHandler
                0x08001678                EXTI9_5_IRQHandler
                0x08001678                RTC_WKUP_IRQHandler
                0x08001678                LTDC_IRQHandler
                0x08001678                SPDIF_RX_IRQHandler
                0x08001678                PVD_PVM_IRQHandler
                0x08001678                SPI2_IRQHandler
                0x08001678                OTG_HS_EP1_IN_IRQHandler
                0x08001678                DFSDM1_FLT5_IRQHandler
                0x08001678                DMA1_Stream0_IRQHandler
                0x08001678                CRS_IRQHandler
                0x08001678                EXTI4_IRQHandler
                0x08001678                DFSDM1_FLT6_IRQHandler
                0x08001678                RNG_IRQHandler
                0x08001678                FDCAN2_IT1_IRQHandler
                0x08001678                COMP_IRQHandler
                0x08001678                TIM1_UP_IRQHandler
                0x08001678                OTG_HS_EP1_OUT_IRQHandler
                0x08001678                WWDG_IRQHandler
                0x08001678                SPI6_IRQHandler
                0x08001678                MDIOS_IRQHandler
                0x08001678                I2C4_EV_IRQHandler
                0x08001678                FDCAN2_IT0_IRQHandler
                0x08001678                LPUART1_IRQHandler
                0x08001678                FDCAN1_IT0_IRQHandler
                0x08001678                TIM2_IRQHandler
                0x08001678                BDMA2_Channel5_IRQHandler
                0x08001678                DMA2D_IRQHandler
                0x08001678                TIM1_BRK_IRQHandler
                0x08001678                EXTI1_IRQHandler
                0x08001678                SDMMC2_IRQHandler
                0x08001678                DTS_IRQHandler
                0x08001678                UART7_IRQHandler
                0x08001678                MDIOS_WKUP_IRQHandler
                0x08001678                USART2_IRQHandler
                0x08001678                DFSDM1_FLT0_IRQHandler
                0x08001678                I2C2_ER_IRQHandler
                0x08001678                DMA2_Stream1_IRQHandler
                0x08001678                DFSDM1_FLT7_IRQHandler
                0x08001678                FLASH_IRQHandler
                0x08001678                DMA2_Stream4_IRQHandler
                0x08001678                USART1_IRQHandler
                0x08001678                SPI3_IRQHandler
                0x08001678                WAKEUP_PIN_IRQHandler
                0x08001678                DMA1_Stream4_IRQHandler
                0x08001678                I2C1_ER_IRQHandler
                0x08001678                FMC_IRQHandler
                0x08001678                BDMA2_Channel7_IRQHandler
                0x08001678                FDCAN_CAL_IRQHandler
                0x08001678                SWPMI1_IRQHandler
                0x08001678                LPTIM1_IRQHandler
                0x08001678                DCMI_PSSI_IRQHandler
                0x08001678                I2C4_ER_IRQHandler
                0x08001678                DMA2_Stream6_IRQHandler
                0x08001678                SAI1_IRQHandler
                0x08001678                DMA1_Stream3_IRQHandler
                0x08001678                RTC_TAMP_STAMP_CSS_LSE_IRQHandler
                0x08001678                BDMA2_Channel4_IRQHandler
 *fill*         0x0800167a        0x2 
 .text.HAL_Init
                0x0800167c       0x78 ./Drivers/STM32H7xx_HAL_Driver/Src/stm32h7xx_hal.o
                0x0800167c                HAL_Init
 .text.HAL_InitTick
                0x080016f4       0x6c ./Drivers/STM32H7xx_HAL_Driver/Src/stm32h7xx_hal.o
                0x080016f4                HAL_InitTick
 .text.HAL_IncTick
                0x08001760       0x28 ./Drivers/STM32H7xx_HAL_Driver/Src/stm32h7xx_hal.o
                0x08001760                HAL_IncTick
 .text.HAL_GetTick
                0x08001788       0x18 ./Drivers/STM32H7xx_HAL_Driver/Src/stm32h7xx_hal.o
                0x08001788                HAL_GetTick
 .text.HAL_Delay
                0x080017a0       0x48 ./Drivers/STM32H7xx_HAL_Driver/Src/stm32h7xx_hal.o
                0x080017a0                HAL_Delay
 .text.__NVIC_SetPriorityGrouping
                0x080017e8       0x48 ./Drivers/STM32H7xx_HAL_Driver/Src/stm32h7xx_hal_cortex.o
 .text.__NVIC_GetPriorityGrouping
                0x08001830       0x1c ./Drivers/STM32H7xx_HAL_Driver/Src/stm32h7xx_hal_cortex.o
 .text.__NVIC_EnableIRQ
                0x0800184c       0x3c ./Drivers/STM32H7xx_HAL_Driver/Src/stm32h7xx_hal_cortex.o
 .text.__NVIC_SetPriority
                0x08001888       0x54 ./Drivers/STM32H7xx_HAL_Driver/Src/stm32h7xx_hal_cortex.o
 .text.NVIC_EncodePriority
                0x080018dc       0x66 ./Drivers/STM32H7xx_HAL_Driver/Src/stm32h7xx_hal_cortex.o
 *fill*         0x08001942        0x2 
 .text.SysTick_Config
                0x08001944       0x44 ./Drivers/STM32H7xx_HAL_Driver/Src/stm32h7xx_hal_cortex.o
 .text.HAL_NVIC_SetPriorityGrouping
                0x08001988       0x16 ./Drivers/STM32H7xx_HAL_Driver/Src/stm32h7xx_hal_cortex.o
                0x08001988                HAL_NVIC_SetPriorityGrouping
 .text.HAL_NVIC_SetPriority
                0x0800199e       0x34 ./Drivers/STM32H7xx_HAL_Driver/Src/stm32h7xx_hal_cortex.o
                0x0800199e                HAL_NVIC_SetPriority
 .text.HAL_NVIC_EnableIRQ
                0x080019d2       0x1c ./Drivers/STM32H7xx_HAL_Driver/Src/stm32h7xx_hal_cortex.o
                0x080019d2                HAL_NVIC_EnableIRQ
 .text.HAL_SYSTICK_Config
                0x080019ee       0x18 ./Drivers/STM32H7xx_HAL_Driver/Src/stm32h7xx_hal_cortex.o
                0x080019ee                HAL_SYSTICK_Config
 *fill*         0x08001a06        0x2 
 .text.HAL_MPU_Disable
                0x08001a08       0x30 ./Drivers/STM32H7xx_HAL_Driver/Src/stm32h7xx_hal_cortex.o
                0x08001a08                HAL_MPU_Disable
 .text.HAL_MPU_Enable
                0x08001a38       0x40 ./Drivers/STM32H7xx_HAL_Driver/Src/stm32h7xx_hal_cortex.o
                0x08001a38                HAL_MPU_Enable
 .text.HAL_MPU_ConfigRegion
                0x08001a78       0x80 ./Drivers/STM32H7xx_HAL_Driver/Src/stm32h7xx_hal_cortex.o
                0x08001a78                HAL_MPU_ConfigRegion
 .text.HAL_GPIO_Init
                0x08001af8      0x360 ./Drivers/STM32H7xx_HAL_Driver/Src/stm32h7xx_hal_gpio.o
                0x08001af8                HAL_GPIO_Init
 .text.HAL_GPIO_WritePin
                0x08001e58       0x32 ./Drivers/STM32H7xx_HAL_Driver/Src/stm32h7xx_hal_gpio.o
                0x08001e58                HAL_GPIO_WritePin
 *fill*         0x08001e8a        0x2 
 .text.HAL_I2C_Init
                0x08001e8c      0x138 ./Drivers/STM32H7xx_HAL_Driver/Src/stm32h7xx_hal_i2c.o
                0x08001e8c                HAL_I2C_Init
 .text.HAL_I2CEx_ConfigAnalogFilter
                0x08001fc4       0x96 ./Drivers/STM32H7xx_HAL_Driver/Src/stm32h7xx_hal_i2c_ex.o
                0x08001fc4                HAL_I2CEx_ConfigAnalogFilter
 .text.HAL_I2CEx_ConfigDigitalFilter
                0x0800205a       0x98 ./Drivers/STM32H7xx_HAL_Driver/Src/stm32h7xx_hal_i2c_ex.o
                0x0800205a                HAL_I2CEx_ConfigDigitalFilter
 .text.HAL_MMC_Init
                0x080020f2       0x7e ./Drivers/STM32H7xx_HAL_Driver/Src/stm32h7xx_hal_mmc.o
                0x080020f2                HAL_MMC_Init
 .text.HAL_MMC_InitCard
                0x08002170      0x138 ./Drivers/STM32H7xx_HAL_Driver/Src/stm32h7xx_hal_mmc.o
                0x08002170                HAL_MMC_InitCard
 .text.HAL_MMC_GetCardCSD
                0x080022a8      0x348 ./Drivers/STM32H7xx_HAL_Driver/Src/stm32h7xx_hal_mmc.o
                0x080022a8                HAL_MMC_GetCardCSD
 .text.HAL_MMC_GetCardExtCSD
                0x080025f0      0x1f8 ./Drivers/STM32H7xx_HAL_Driver/Src/stm32h7xx_hal_mmc.o
                0x080025f0                HAL_MMC_GetCardExtCSD
 .text.HAL_MMC_ConfigWideBusOperation
                0x080027e8      0x198 ./Drivers/STM32H7xx_HAL_Driver/Src/stm32h7xx_hal_mmc.o
                0x080027e8                HAL_MMC_ConfigWideBusOperation
 .text.MMC_InitCard
                0x08002980      0x1fa ./Drivers/STM32H7xx_HAL_Driver/Src/stm32h7xx_hal_mmc.o
 *fill*         0x08002b7a        0x2 
 .text.MMC_PowerON
                0x08002b7c       0xa0 ./Drivers/STM32H7xx_HAL_Driver/Src/stm32h7xx_hal_mmc.o
 .text.MMC_ReadExtCSD
                0x08002c1c      0x1e8 ./Drivers/STM32H7xx_HAL_Driver/Src/stm32h7xx_hal_mmc.o
 .text.MMC_PwrClassUpdate
                0x08002e04      0x140 ./Drivers/STM32H7xx_HAL_Driver/Src/stm32h7xx_hal_mmc.o
 .text.HAL_PCD_Init
                0x08002f44      0x218 ./Drivers/STM32H7xx_HAL_Driver/Src/stm32h7xx_hal_pcd.o
                0x08002f44                HAL_PCD_Init
 .text.HAL_PCD_Start
                0x0800315c       0x6a ./Drivers/STM32H7xx_HAL_Driver/Src/stm32h7xx_hal_pcd.o
                0x0800315c                HAL_PCD_Start
 .text.HAL_PCD_IRQHandler
                0x080031c6      0x99c ./Drivers/STM32H7xx_HAL_Driver/Src/stm32h7xx_hal_pcd.o
                0x080031c6                HAL_PCD_IRQHandler
 .text.HAL_PCD_SetAddress
                0x08003b62       0x48 ./Drivers/STM32H7xx_HAL_Driver/Src/stm32h7xx_hal_pcd.o
                0x08003b62                HAL_PCD_SetAddress
 .text.HAL_PCD_EP_Open
                0x08003baa       0xd0 ./Drivers/STM32H7xx_HAL_Driver/Src/stm32h7xx_hal_pcd.o
                0x08003baa                HAL_PCD_EP_Open
 .text.HAL_PCD_EP_Close
                0x08003c7a       0x94 ./Drivers/STM32H7xx_HAL_Driver/Src/stm32h7xx_hal_pcd.o
                0x08003c7a                HAL_PCD_EP_Close
 .text.HAL_PCD_EP_Receive
                0x08003d0e       0x76 ./Drivers/STM32H7xx_HAL_Driver/Src/stm32h7xx_hal_pcd.o
                0x08003d0e                HAL_PCD_EP_Receive
 .text.HAL_PCD_EP_GetRxCount
                0x08003d84       0x30 ./Drivers/STM32H7xx_HAL_Driver/Src/stm32h7xx_hal_pcd.o
                0x08003d84                HAL_PCD_EP_GetRxCount
 .text.HAL_PCD_EP_Transmit
                0x08003db4       0x74 ./Drivers/STM32H7xx_HAL_Driver/Src/stm32h7xx_hal_pcd.o
                0x08003db4                HAL_PCD_EP_Transmit
 .text.HAL_PCD_EP_SetStall
                0x08003e28       0xc6 ./Drivers/STM32H7xx_HAL_Driver/Src/stm32h7xx_hal_pcd.o
                0x08003e28                HAL_PCD_EP_SetStall
 .text.HAL_PCD_EP_ClrStall
                0x08003eee       0xac ./Drivers/STM32H7xx_HAL_Driver/Src/stm32h7xx_hal_pcd.o
                0x08003eee                HAL_PCD_EP_ClrStall
 .text.HAL_PCD_EP_Abort
                0x08003f9a       0x62 ./Drivers/STM32H7xx_HAL_Driver/Src/stm32h7xx_hal_pcd.o
                0x08003f9a                HAL_PCD_EP_Abort
 .text.HAL_PCD_EP_Flush
                0x08003ffc       0x5a ./Drivers/STM32H7xx_HAL_Driver/Src/stm32h7xx_hal_pcd.o
                0x08003ffc                HAL_PCD_EP_Flush
 .text.PCD_WriteEmptyTxFifo
                0x08004056      0x118 ./Drivers/STM32H7xx_HAL_Driver/Src/stm32h7xx_hal_pcd.o
 *fill*         0x0800416e        0x2 
 .text.PCD_EP_OutXfrComplete_int
                0x08004170      0x1d0 ./Drivers/STM32H7xx_HAL_Driver/Src/stm32h7xx_hal_pcd.o
 .text.PCD_EP_OutSetupPacket_int
                0x08004340       0x8c ./Drivers/STM32H7xx_HAL_Driver/Src/stm32h7xx_hal_pcd.o
 .text.HAL_PCDEx_SetTxFiFo
                0x080043cc       0x8e ./Drivers/STM32H7xx_HAL_Driver/Src/stm32h7xx_hal_pcd_ex.o
                0x080043cc                HAL_PCDEx_SetTxFiFo
 .text.HAL_PCDEx_SetRxFiFo
                0x0800445a       0x22 ./Drivers/STM32H7xx_HAL_Driver/Src/stm32h7xx_hal_pcd_ex.o
                0x0800445a                HAL_PCDEx_SetRxFiFo
 .text.HAL_PCDEx_ActivateLPM
                0x0800447c       0x48 ./Drivers/STM32H7xx_HAL_Driver/Src/stm32h7xx_hal_pcd_ex.o
                0x0800447c                HAL_PCDEx_ActivateLPM
 .text.HAL_PCDEx_LPM_Callback
                0x080044c4       0x18 ./Drivers/STM32H7xx_HAL_Driver/Src/stm32h7xx_hal_pcd_ex.o
                0x080044c4                HAL_PCDEx_LPM_Callback
 .text.HAL_PWREx_ConfigSupply
                0x080044dc       0x74 ./Drivers/STM32H7xx_HAL_Driver/Src/stm32h7xx_hal_pwr_ex.o
                0x080044dc                HAL_PWREx_ConfigSupply
 .text.HAL_PWREx_EnableUSBVoltageDetector
                0x08004550       0x20 ./Drivers/STM32H7xx_HAL_Driver/Src/stm32h7xx_hal_pwr_ex.o
                0x08004550                HAL_PWREx_EnableUSBVoltageDetector
 .text.HAL_RCC_OscConfig
                0x08004570      0x864 ./Drivers/STM32H7xx_HAL_Driver/Src/stm32h7xx_hal_rcc.o
                0x08004570                HAL_RCC_OscConfig
 .text.HAL_RCC_ClockConfig
                0x08004dd4      0x36c ./Drivers/STM32H7xx_HAL_Driver/Src/stm32h7xx_hal_rcc.o
                0x08004dd4                HAL_RCC_ClockConfig
 .text.HAL_RCC_GetSysClockFreq
                0x08005140      0x2f4 ./Drivers/STM32H7xx_HAL_Driver/Src/stm32h7xx_hal_rcc.o
                0x08005140                HAL_RCC_GetSysClockFreq
 .text.HAL_RCC_GetHCLKFreq
                0x08005434       0x60 ./Drivers/STM32H7xx_HAL_Driver/Src/stm32h7xx_hal_rcc.o
                0x08005434                HAL_RCC_GetHCLKFreq
 .text.HAL_RCC_GetPCLK1Freq
                0x08005494       0x2c ./Drivers/STM32H7xx_HAL_Driver/Src/stm32h7xx_hal_rcc.o
                0x08005494                HAL_RCC_GetPCLK1Freq
 .text.HAL_RCC_GetPCLK2Freq
                0x080054c0       0x2c ./Drivers/STM32H7xx_HAL_Driver/Src/stm32h7xx_hal_rcc.o
                0x080054c0                HAL_RCC_GetPCLK2Freq
 .text.HAL_RCCEx_PeriphCLKConfig
                0x080054ec     0x137c ./Drivers/STM32H7xx_HAL_Driver/Src/stm32h7xx_hal_rcc_ex.o
                0x080054ec                HAL_RCCEx_PeriphCLKConfig
 .text.HAL_RCCEx_GetPeriphCLKFreq
                0x08006868      0x9b0 ./Drivers/STM32H7xx_HAL_Driver/Src/stm32h7xx_hal_rcc_ex.o
                0x08006868                HAL_RCCEx_GetPeriphCLKFreq
 .text.HAL_RCCEx_GetD3PCLK1Freq
                0x08007218       0x2c ./Drivers/STM32H7xx_HAL_Driver/Src/stm32h7xx_hal_rcc_ex.o
                0x08007218                HAL_RCCEx_GetD3PCLK1Freq
 .text.HAL_RCCEx_GetPLL2ClockFreq
                0x08007244      0x2a8 ./Drivers/STM32H7xx_HAL_Driver/Src/stm32h7xx_hal_rcc_ex.o
                0x08007244                HAL_RCCEx_GetPLL2ClockFreq
 .text.HAL_RCCEx_GetPLL3ClockFreq
                0x080074ec      0x2a8 ./Drivers/STM32H7xx_HAL_Driver/Src/stm32h7xx_hal_rcc_ex.o
                0x080074ec                HAL_RCCEx_GetPLL3ClockFreq
 .text.HAL_RCCEx_GetPLL1ClockFreq
                0x08007794      0x2a4 ./Drivers/STM32H7xx_HAL_Driver/Src/stm32h7xx_hal_rcc_ex.o
                0x08007794                HAL_RCCEx_GetPLL1ClockFreq
 .text.RCCEx_PLL2_Config
                0x08007a38      0x164 ./Drivers/STM32H7xx_HAL_Driver/Src/stm32h7xx_hal_rcc_ex.o
 .text.RCCEx_PLL3_Config
                0x08007b9c      0x164 ./Drivers/STM32H7xx_HAL_Driver/Src/stm32h7xx_hal_rcc_ex.o
 .text.HAL_SPI_Init
                0x08007d00      0x248 ./Drivers/STM32H7xx_HAL_Driver/Src/stm32h7xx_hal_spi.o
                0x08007d00                HAL_SPI_Init
 .text.SPI_GetPacketSize
                0x08007f48       0x36 ./Drivers/STM32H7xx_HAL_Driver/Src/stm32h7xx_hal_spi.o
 .text.HAL_UART_Init
                0x08007f7e       0xa0 ./Drivers/STM32H7xx_HAL_Driver/Src/stm32h7xx_hal_uart.o
                0x08007f7e                HAL_UART_Init
 *fill*         0x0800801e        0x2 
 .text.UART_SetConfig
                0x08008020      0xcd8 ./Drivers/STM32H7xx_HAL_Driver/Src/stm32h7xx_hal_uart.o
                0x08008020                UART_SetConfig
 .text.UART_AdvFeatureConfig
                0x08008cf8      0x144 ./Drivers/STM32H7xx_HAL_Driver/Src/stm32h7xx_hal_uart.o
                0x08008cf8                UART_AdvFeatureConfig
 .text.UART_CheckIdleState
                0x08008e3c      0x154 ./Drivers/STM32H7xx_HAL_Driver/Src/stm32h7xx_hal_uart.o
                0x08008e3c                UART_CheckIdleState
 .text.UART_WaitOnFlagUntilTimeout
                0x08008f90       0xda ./Drivers/STM32H7xx_HAL_Driver/Src/stm32h7xx_hal_uart.o
                0x08008f90                UART_WaitOnFlagUntilTimeout
 *fill*         0x0800906a        0x2 
 .text.UART_EndRxTransfer
                0x0800906c       0xcc ./Drivers/STM32H7xx_HAL_Driver/Src/stm32h7xx_hal_uart.o
 .text.HAL_UARTEx_DisableFifoMode
                0x08009138       0x72 ./Drivers/STM32H7xx_HAL_Driver/Src/stm32h7xx_hal_uart_ex.o
                0x08009138                HAL_UARTEx_DisableFifoMode
 .text.HAL_UARTEx_SetTxFifoThreshold
                0x080091aa       0x7c ./Drivers/STM32H7xx_HAL_Driver/Src/stm32h7xx_hal_uart_ex.o
                0x080091aa                HAL_UARTEx_SetTxFifoThreshold
 .text.HAL_UARTEx_SetRxFifoThreshold
                0x08009226       0x7c ./Drivers/STM32H7xx_HAL_Driver/Src/stm32h7xx_hal_uart_ex.o
                0x08009226                HAL_UARTEx_SetRxFifoThreshold
 *fill*         0x080092a2        0x2 
 .text.UARTEx_SetNbDataToProcess
                0x080092a4       0x9c ./Drivers/STM32H7xx_HAL_Driver/Src/stm32h7xx_hal_uart_ex.o
 .text.HAL_USART_Init
                0x08009340       0x94 ./Drivers/STM32H7xx_HAL_Driver/Src/stm32h7xx_hal_usart.o
                0x08009340                HAL_USART_Init
 .text.USART_WaitOnFlagUntilTimeout
                0x080093d4       0x6c ./Drivers/STM32H7xx_HAL_Driver/Src/stm32h7xx_hal_usart.o
 .text.USART_SetConfig
                0x08009440      0xb44 ./Drivers/STM32H7xx_HAL_Driver/Src/stm32h7xx_hal_usart.o
 .text.USART_CheckIdleState
                0x08009f84       0x86 ./Drivers/STM32H7xx_HAL_Driver/Src/stm32h7xx_hal_usart.o
 .text.HAL_USARTEx_EnableSlaveMode
                0x0800a00a       0xaa ./Drivers/STM32H7xx_HAL_Driver/Src/stm32h7xx_hal_usart_ex.o
                0x0800a00a                HAL_USARTEx_EnableSlaveMode
 .text.HAL_USARTEx_ConfigNSS
                0x0800a0b4       0x7a ./Drivers/STM32H7xx_HAL_Driver/Src/stm32h7xx_hal_usart_ex.o
                0x0800a0b4                HAL_USARTEx_ConfigNSS
 .text.HAL_USARTEx_DisableFifoMode
                0x0800a12e       0x72 ./Drivers/STM32H7xx_HAL_Driver/Src/stm32h7xx_hal_usart_ex.o
                0x0800a12e                HAL_USARTEx_DisableFifoMode
 .text.HAL_USARTEx_SetTxFifoThreshold
                0x0800a1a0       0x7c ./Drivers/STM32H7xx_HAL_Driver/Src/stm32h7xx_hal_usart_ex.o
                0x0800a1a0                HAL_USARTEx_SetTxFifoThreshold
 .text.HAL_USARTEx_SetRxFifoThreshold
                0x0800a21c       0x7c ./Drivers/STM32H7xx_HAL_Driver/Src/stm32h7xx_hal_usart_ex.o
                0x0800a21c                HAL_USARTEx_SetRxFifoThreshold
 .text.USARTEx_SetNbDataToProcess
                0x0800a298       0x94 ./Drivers/STM32H7xx_HAL_Driver/Src/stm32h7xx_hal_usart_ex.o
 .text.SDMMC_Init
                0x0800a32c       0x54 ./Drivers/STM32H7xx_HAL_Driver/Src/stm32h7xx_ll_sdmmc.o
                0x0800a32c                SDMMC_Init
 .text.SDMMC_ReadFIFO
                0x0800a380       0x1a ./Drivers/STM32H7xx_HAL_Driver/Src/stm32h7xx_ll_sdmmc.o
                0x0800a380                SDMMC_ReadFIFO
 .text.SDMMC_PowerState_ON
                0x0800a39a       0x22 ./Drivers/STM32H7xx_HAL_Driver/Src/stm32h7xx_ll_sdmmc.o
                0x0800a39a                SDMMC_PowerState_ON
 .text.SDMMC_GetPowerState
                0x0800a3bc       0x1c ./Drivers/STM32H7xx_HAL_Driver/Src/stm32h7xx_ll_sdmmc.o
                0x0800a3bc                SDMMC_GetPowerState
 .text.SDMMC_SendCommand
                0x0800a3d8       0x54 ./Drivers/STM32H7xx_HAL_Driver/Src/stm32h7xx_ll_sdmmc.o
                0x0800a3d8                SDMMC_SendCommand
 .text.SDMMC_GetCommandResponse
                0x0800a42c       0x1a ./Drivers/STM32H7xx_HAL_Driver/Src/stm32h7xx_ll_sdmmc.o
                0x0800a42c                SDMMC_GetCommandResponse
 .text.SDMMC_GetResponse
                0x0800a446       0x26 ./Drivers/STM32H7xx_HAL_Driver/Src/stm32h7xx_ll_sdmmc.o
                0x0800a446                SDMMC_GetResponse
 .text.SDMMC_ConfigData
                0x0800a46c       0x58 ./Drivers/STM32H7xx_HAL_Driver/Src/stm32h7xx_ll_sdmmc.o
                0x0800a46c                SDMMC_ConfigData
 .text.SDMMC_CmdBlockLength
                0x0800a4c4       0x46 ./Drivers/STM32H7xx_HAL_Driver/Src/stm32h7xx_ll_sdmmc.o
                0x0800a4c4                SDMMC_CmdBlockLength
 .text.SDMMC_CmdSelDesel
                0x0800a50a       0x46 ./Drivers/STM32H7xx_HAL_Driver/Src/stm32h7xx_ll_sdmmc.o
                0x0800a50a                SDMMC_CmdSelDesel
 .text.SDMMC_CmdGoIdleState
                0x0800a550       0x3c ./Drivers/STM32H7xx_HAL_Driver/Src/stm32h7xx_ll_sdmmc.o
                0x0800a550                SDMMC_CmdGoIdleState
 .text.SDMMC_CmdSendCID
                0x0800a58c       0x3e ./Drivers/STM32H7xx_HAL_Driver/Src/stm32h7xx_ll_sdmmc.o
                0x0800a58c                SDMMC_CmdSendCID
 .text.SDMMC_CmdSendCSD
                0x0800a5ca       0x40 ./Drivers/STM32H7xx_HAL_Driver/Src/stm32h7xx_ll_sdmmc.o
                0x0800a5ca                SDMMC_CmdSendCSD
 .text.SDMMC_CmdSetRelAddMmc
                0x0800a60a       0x4a ./Drivers/STM32H7xx_HAL_Driver/Src/stm32h7xx_ll_sdmmc.o
                0x0800a60a                SDMMC_CmdSetRelAddMmc
 .text.SDMMC_CmdSendStatus
                0x0800a654       0x46 ./Drivers/STM32H7xx_HAL_Driver/Src/stm32h7xx_ll_sdmmc.o
                0x0800a654                SDMMC_CmdSendStatus
 .text.SDMMC_CmdOpCondition
                0x0800a69a       0x40 ./Drivers/STM32H7xx_HAL_Driver/Src/stm32h7xx_ll_sdmmc.o
                0x0800a69a                SDMMC_CmdOpCondition
 .text.SDMMC_CmdSwitch
                0x0800a6da       0x46 ./Drivers/STM32H7xx_HAL_Driver/Src/stm32h7xx_ll_sdmmc.o
                0x0800a6da                SDMMC_CmdSwitch
 .text.SDMMC_CmdSendEXTCSD
                0x0800a720       0x46 ./Drivers/STM32H7xx_HAL_Driver/Src/stm32h7xx_ll_sdmmc.o
                0x0800a720                SDMMC_CmdSendEXTCSD
 *fill*         0x0800a766        0x2 
 .text.SDMMC_GetCmdResp1
                0x0800a768      0x1e4 ./Drivers/STM32H7xx_HAL_Driver/Src/stm32h7xx_ll_sdmmc.o
                0x0800a768                SDMMC_GetCmdResp1
 .text.SDMMC_GetCmdResp2
                0x0800a94c       0x94 ./Drivers/STM32H7xx_HAL_Driver/Src/stm32h7xx_ll_sdmmc.o
                0x0800a94c                SDMMC_GetCmdResp2
 .text.SDMMC_GetCmdResp3
                0x0800a9e0       0x80 ./Drivers/STM32H7xx_HAL_Driver/Src/stm32h7xx_ll_sdmmc.o
                0x0800a9e0                SDMMC_GetCmdResp3
 .text.SDMMC_GetCmdError
                0x0800aa60       0x5c ./Drivers/STM32H7xx_HAL_Driver/Src/stm32h7xx_ll_sdmmc.o
 .text.USB_CoreInit
                0x0800aabc       0xe4 ./Drivers/STM32H7xx_HAL_Driver/Src/stm32h7xx_ll_usb.o
                0x0800aabc                USB_CoreInit
 .text.USB_SetTurnaroundTime
                0x0800aba0      0x144 ./Drivers/STM32H7xx_HAL_Driver/Src/stm32h7xx_ll_usb.o
                0x0800aba0                USB_SetTurnaroundTime
 .text.USB_EnableGlobalInt
                0x0800ace4       0x22 ./Drivers/STM32H7xx_HAL_Driver/Src/stm32h7xx_ll_usb.o
                0x0800ace4                USB_EnableGlobalInt
 .text.USB_DisableGlobalInt
                0x0800ad06       0x22 ./Drivers/STM32H7xx_HAL_Driver/Src/stm32h7xx_ll_usb.o
                0x0800ad06                USB_DisableGlobalInt
 .text.USB_SetCurrentMode
                0x0800ad28       0x98 ./Drivers/STM32H7xx_HAL_Driver/Src/stm32h7xx_ll_usb.o
                0x0800ad28                USB_SetCurrentMode
 .text.USB_DevInit
                0x0800adc0      0x2bc ./Drivers/STM32H7xx_HAL_Driver/Src/stm32h7xx_ll_usb.o
                0x0800adc0                USB_DevInit
 .text.USB_FlushTxFifo
                0x0800b07c       0x64 ./Drivers/STM32H7xx_HAL_Driver/Src/stm32h7xx_ll_usb.o
                0x0800b07c                USB_FlushTxFifo
 .text.USB_FlushRxFifo
                0x0800b0e0       0x5c ./Drivers/STM32H7xx_HAL_Driver/Src/stm32h7xx_ll_usb.o
                0x0800b0e0                USB_FlushRxFifo
 .text.USB_SetDevSpeed
                0x0800b13c       0x32 ./Drivers/STM32H7xx_HAL_Driver/Src/stm32h7xx_ll_usb.o
                0x0800b13c                USB_SetDevSpeed
 .text.USB_GetDevSpeed
                0x0800b16e       0x4a ./Drivers/STM32H7xx_HAL_Driver/Src/stm32h7xx_ll_usb.o
                0x0800b16e                USB_GetDevSpeed
 .text.USB_ActivateEndpoint
                0x0800b1b8      0x110 ./Drivers/STM32H7xx_HAL_Driver/Src/stm32h7xx_ll_usb.o
                0x0800b1b8                USB_ActivateEndpoint
 .text.USB_DeactivateEndpoint
                0x0800b2c8      0x1b8 ./Drivers/STM32H7xx_HAL_Driver/Src/stm32h7xx_ll_usb.o
                0x0800b2c8                USB_DeactivateEndpoint
 .text.USB_EPStartXfer
                0x0800b480      0x540 ./Drivers/STM32H7xx_HAL_Driver/Src/stm32h7xx_ll_usb.o
                0x0800b480                USB_EPStartXfer
 .text.USB_EPStopXfer
                0x0800b9c0      0x154 ./Drivers/STM32H7xx_HAL_Driver/Src/stm32h7xx_ll_usb.o
                0x0800b9c0                USB_EPStopXfer
 .text.USB_WritePacket
                0x0800bb14       0x7c ./Drivers/STM32H7xx_HAL_Driver/Src/stm32h7xx_ll_usb.o
                0x0800bb14                USB_WritePacket
 .text.USB_ReadPacket
                0x0800bb90       0xb0 ./Drivers/STM32H7xx_HAL_Driver/Src/stm32h7xx_ll_usb.o
                0x0800bb90                USB_ReadPacket
 .text.USB_EPSetStall
                0x0800bc40       0xdc ./Drivers/STM32H7xx_HAL_Driver/Src/stm32h7xx_ll_usb.o
                0x0800bc40                USB_EPSetStall
 .text.USB_EPClearStall
                0x0800bd1c       0xcc ./Drivers/STM32H7xx_HAL_Driver/Src/stm32h7xx_ll_usb.o
                0x0800bd1c                USB_EPClearStall
 .text.USB_SetDevAddress
                0x0800bde8       0x4c ./Drivers/STM32H7xx_HAL_Driver/Src/stm32h7xx_ll_usb.o
                0x0800bde8                USB_SetDevAddress
 .text.USB_DevConnect
                0x0800be34       0x42 ./Drivers/STM32H7xx_HAL_Driver/Src/stm32h7xx_ll_usb.o
                0x0800be34                USB_DevConnect
 .text.USB_DevDisconnect
                0x0800be76       0x42 ./Drivers/STM32H7xx_HAL_Driver/Src/stm32h7xx_ll_usb.o
                0x0800be76                USB_DevDisconnect
 .text.USB_ReadInterrupts
                0x0800beb8       0x26 ./Drivers/STM32H7xx_HAL_Driver/Src/stm32h7xx_ll_usb.o
                0x0800beb8                USB_ReadInterrupts
 .text.USB_ReadDevAllOutEpInterrupt
                0x0800bede       0x34 ./Drivers/STM32H7xx_HAL_Driver/Src/stm32h7xx_ll_usb.o
                0x0800bede                USB_ReadDevAllOutEpInterrupt
 .text.USB_ReadDevAllInEpInterrupt
                0x0800bf12       0x34 ./Drivers/STM32H7xx_HAL_Driver/Src/stm32h7xx_ll_usb.o
                0x0800bf12                USB_ReadDevAllInEpInterrupt
 .text.USB_ReadDevOutEPInterrupt
                0x0800bf46       0x3c ./Drivers/STM32H7xx_HAL_Driver/Src/stm32h7xx_ll_usb.o
                0x0800bf46                USB_ReadDevOutEPInterrupt
 .text.USB_ReadDevInEPInterrupt
                0x0800bf82       0x5c ./Drivers/STM32H7xx_HAL_Driver/Src/stm32h7xx_ll_usb.o
                0x0800bf82                USB_ReadDevInEPInterrupt
 .text.USB_GetMode
                0x0800bfde       0x1c ./Drivers/STM32H7xx_HAL_Driver/Src/stm32h7xx_ll_usb.o
                0x0800bfde                USB_GetMode
 *fill*         0x0800bffa        0x2 
 .text.USB_ActivateSetup
                0x0800bffc       0x48 ./Drivers/STM32H7xx_HAL_Driver/Src/stm32h7xx_ll_usb.o
                0x0800bffc                USB_ActivateSetup
 .text.USB_EP0_OutStart
                0x0800c044       0xbc ./Drivers/STM32H7xx_HAL_Driver/Src/stm32h7xx_ll_usb.o
                0x0800c044                USB_EP0_OutStart
 .text.USB_CoreReset
                0x0800c100       0x62 ./Drivers/STM32H7xx_HAL_Driver/Src/stm32h7xx_ll_usb.o
 *fill*         0x0800c162        0x2 
 .text.USBD_MSC_Init
                0x0800c164      0x120 ./Middlewares/ST/STM32_USB_Device_Library/Class/MSC/Src/usbd_msc.o
                0x0800c164                USBD_MSC_Init
 .text.USBD_MSC_DeInit
                0x0800c284       0xb0 ./Middlewares/ST/STM32_USB_Device_Library/Class/MSC/Src/usbd_msc.o
                0x0800c284                USBD_MSC_DeInit
 .text.USBD_MSC_Setup
                0x0800c334      0x1f8 ./Middlewares/ST/STM32_USB_Device_Library/Class/MSC/Src/usbd_msc.o
                0x0800c334                USBD_MSC_Setup
 .text.USBD_MSC_DataIn
                0x0800c52c       0x20 ./Middlewares/ST/STM32_USB_Device_Library/Class/MSC/Src/usbd_msc.o
                0x0800c52c                USBD_MSC_DataIn
 .text.USBD_MSC_DataOut
                0x0800c54c       0x20 ./Middlewares/ST/STM32_USB_Device_Library/Class/MSC/Src/usbd_msc.o
                0x0800c54c                USBD_MSC_DataOut
 .text.USBD_MSC_GetHSCfgDesc
                0x0800c56c       0x58 ./Middlewares/ST/STM32_USB_Device_Library/Class/MSC/Src/usbd_msc.o
                0x0800c56c                USBD_MSC_GetHSCfgDesc
 .text.USBD_MSC_GetFSCfgDesc
                0x0800c5c4       0x58 ./Middlewares/ST/STM32_USB_Device_Library/Class/MSC/Src/usbd_msc.o
                0x0800c5c4                USBD_MSC_GetFSCfgDesc
 .text.USBD_MSC_GetOtherSpeedCfgDesc
                0x0800c61c       0x58 ./Middlewares/ST/STM32_USB_Device_Library/Class/MSC/Src/usbd_msc.o
                0x0800c61c                USBD_MSC_GetOtherSpeedCfgDesc
 .text.USBD_MSC_GetDeviceQualifierDescriptor
                0x0800c674       0x20 ./Middlewares/ST/STM32_USB_Device_Library/Class/MSC/Src/usbd_msc.o
                0x0800c674                USBD_MSC_GetDeviceQualifierDescriptor
 .text.USBD_MSC_RegisterStorage
                0x0800c694       0x34 ./Middlewares/ST/STM32_USB_Device_Library/Class/MSC/Src/usbd_msc.o
                0x0800c694                USBD_MSC_RegisterStorage
 .text.MSC_BOT_Init
                0x0800c6c8       0x94 ./Middlewares/ST/STM32_USB_Device_Library/Class/MSC/Src/usbd_msc_bot.o
                0x0800c6c8                MSC_BOT_Init
 .text.MSC_BOT_Reset
                0x0800c75c       0x68 ./Middlewares/ST/STM32_USB_Device_Library/Class/MSC/Src/usbd_msc_bot.o
                0x0800c75c                MSC_BOT_Reset
 .text.MSC_BOT_DeInit
                0x0800c7c4       0x30 ./Middlewares/ST/STM32_USB_Device_Library/Class/MSC/Src/usbd_msc_bot.o
                0x0800c7c4                MSC_BOT_DeInit
 .text.MSC_BOT_DataIn
                0x0800c7f4       0x74 ./Middlewares/ST/STM32_USB_Device_Library/Class/MSC/Src/usbd_msc_bot.o
                0x0800c7f4                MSC_BOT_DataIn
 .text.MSC_BOT_DataOut
                0x0800c868       0x68 ./Middlewares/ST/STM32_USB_Device_Library/Class/MSC/Src/usbd_msc_bot.o
                0x0800c868                MSC_BOT_DataOut
 .text.MSC_BOT_CBW_Decode
                0x0800c8d0      0x128 ./Middlewares/ST/STM32_USB_Device_Library/Class/MSC/Src/usbd_msc_bot.o
 .text.MSC_BOT_SendData
                0x0800c9f8       0x6c ./Middlewares/ST/STM32_USB_Device_Library/Class/MSC/Src/usbd_msc_bot.o
 .text.MSC_BOT_SendCSW
                0x0800ca64       0x74 ./Middlewares/ST/STM32_USB_Device_Library/Class/MSC/Src/usbd_msc_bot.o
                0x0800ca64                MSC_BOT_SendCSW
 .text.MSC_BOT_Abort
                0x0800cad8       0x84 ./Middlewares/ST/STM32_USB_Device_Library/Class/MSC/Src/usbd_msc_bot.o
 .text.MSC_BOT_CplClrFeature
                0x0800cb5c       0x74 ./Middlewares/ST/STM32_USB_Device_Library/Class/MSC/Src/usbd_msc_bot.o
                0x0800cb5c                MSC_BOT_CplClrFeature
 .text.SCSI_ProcessCmd
                0x0800cbd0      0x304 ./Middlewares/ST/STM32_USB_Device_Library/Class/MSC/Src/usbd_msc_scsi.o
                0x0800cbd0                SCSI_ProcessCmd
 .text.SCSI_TestUnitReady
                0x0800ced4       0xb2 ./Middlewares/ST/STM32_USB_Device_Library/Class/MSC/Src/usbd_msc_scsi.o
 *fill*         0x0800cf86        0x2 
 .text.SCSI_Inquiry
                0x0800cf88       0xf8 ./Middlewares/ST/STM32_USB_Device_Library/Class/MSC/Src/usbd_msc_scsi.o
 .text.SCSI_ReadCapacity10
                0x0800d080       0xfc ./Middlewares/ST/STM32_USB_Device_Library/Class/MSC/Src/usbd_msc_scsi.o
 .text.SCSI_ReadCapacity16
                0x0800d17c      0x168 ./Middlewares/ST/STM32_USB_Device_Library/Class/MSC/Src/usbd_msc_scsi.o
 .text.SCSI_ReadFormatCapacity
                0x0800d2e4       0xf6 ./Middlewares/ST/STM32_USB_Device_Library/Class/MSC/Src/usbd_msc_scsi.o
 *fill*         0x0800d3da        0x2 
 .text.SCSI_ModeSense6
                0x0800d3dc       0x8c ./Middlewares/ST/STM32_USB_Device_Library/Class/MSC/Src/usbd_msc_scsi.o
 .text.SCSI_ModeSense10
                0x0800d468       0x8c ./Middlewares/ST/STM32_USB_Device_Library/Class/MSC/Src/usbd_msc_scsi.o
 .text.SCSI_RequestSense
                0x0800d4f4      0x106 ./Middlewares/ST/STM32_USB_Device_Library/Class/MSC/Src/usbd_msc_scsi.o
 .text.SCSI_SenseCode
                0x0800d5fa       0x96 ./Middlewares/ST/STM32_USB_Device_Library/Class/MSC/Src/usbd_msc_scsi.o
                0x0800d5fa                SCSI_SenseCode
 .text.SCSI_StartStopUnit
                0x0800d690       0xaa ./Middlewares/ST/STM32_USB_Device_Library/Class/MSC/Src/usbd_msc_scsi.o
 .text.SCSI_AllowPreventRemovable
                0x0800d73a       0x5a ./Middlewares/ST/STM32_USB_Device_Library/Class/MSC/Src/usbd_msc_scsi.o
 .text.SCSI_Read10
                0x0800d794      0x154 ./Middlewares/ST/STM32_USB_Device_Library/Class/MSC/Src/usbd_msc_scsi.o
 .text.SCSI_Read12
                0x0800d8e8      0x168 ./Middlewares/ST/STM32_USB_Device_Library/Class/MSC/Src/usbd_msc_scsi.o
 .text.SCSI_Write10
                0x0800da50      0x1ac ./Middlewares/ST/STM32_USB_Device_Library/Class/MSC/Src/usbd_msc_scsi.o
 .text.SCSI_Write12
                0x0800dbfc      0x1cc ./Middlewares/ST/STM32_USB_Device_Library/Class/MSC/Src/usbd_msc_scsi.o
 .text.SCSI_Verify10
                0x0800ddc8       0x7a ./Middlewares/ST/STM32_USB_Device_Library/Class/MSC/Src/usbd_msc_scsi.o
 .text.SCSI_CheckAddressRange
                0x0800de42       0x58 ./Middlewares/ST/STM32_USB_Device_Library/Class/MSC/Src/usbd_msc_scsi.o
 *fill*         0x0800de9a        0x2 
 .text.SCSI_ProcessRead
                0x0800de9c      0x10c ./Middlewares/ST/STM32_USB_Device_Library/Class/MSC/Src/usbd_msc_scsi.o
 .text.SCSI_ProcessWrite
                0x0800dfa8      0x12c ./Middlewares/ST/STM32_USB_Device_Library/Class/MSC/Src/usbd_msc_scsi.o
 .text.SCSI_UpdateBotData
                0x0800e0d4       0x52 ./Middlewares/ST/STM32_USB_Device_Library/Class/MSC/Src/usbd_msc_scsi.o
 .text.USBD_Init
                0x0800e126       0x60 ./Middlewares/ST/STM32_USB_Device_Library/Core/Src/usbd_core.o
                0x0800e126                USBD_Init
 .text.USBD_RegisterClass
                0x0800e186       0x6c ./Middlewares/ST/STM32_USB_Device_Library/Core/Src/usbd_core.o
                0x0800e186                USBD_RegisterClass
 .text.USBD_Start
                0x0800e1f2       0x18 ./Middlewares/ST/STM32_USB_Device_Library/Core/Src/usbd_core.o
                0x0800e1f2                USBD_Start
 .text.USBD_RunTestMode
                0x0800e20a       0x16 ./Middlewares/ST/STM32_USB_Device_Library/Core/Src/usbd_core.o
                0x0800e20a                USBD_RunTestMode
 .text.USBD_SetClassConfig
                0x0800e220       0x38 ./Middlewares/ST/STM32_USB_Device_Library/Core/Src/usbd_core.o
                0x0800e220                USBD_SetClassConfig
 .text.USBD_ClrClassConfig
                0x0800e258       0x34 ./Middlewares/ST/STM32_USB_Device_Library/Core/Src/usbd_core.o
                0x0800e258                USBD_ClrClassConfig
 .text.USBD_LL_SetupStage
                0x0800e28c       0xaa ./Middlewares/ST/STM32_USB_Device_Library/Core/Src/usbd_core.o
                0x0800e28c                USBD_LL_SetupStage
 .text.USBD_LL_DataOutStage
                0x0800e336      0x166 ./Middlewares/ST/STM32_USB_Device_Library/Core/Src/usbd_core.o
                0x0800e336                USBD_LL_DataOutStage
 .text.USBD_LL_DataInStage
                0x0800e49c      0x164 ./Middlewares/ST/STM32_USB_Device_Library/Core/Src/usbd_core.o
                0x0800e49c                USBD_LL_DataInStage
 .text.USBD_LL_Reset
                0x0800e600       0xa4 ./Middlewares/ST/STM32_USB_Device_Library/Core/Src/usbd_core.o
                0x0800e600                USBD_LL_Reset
 .text.USBD_LL_SetSpeed
                0x0800e6a4       0x20 ./Middlewares/ST/STM32_USB_Device_Library/Core/Src/usbd_core.o
                0x0800e6a4                USBD_LL_SetSpeed
 .text.USBD_LL_Suspend
                0x0800e6c4       0x38 ./Middlewares/ST/STM32_USB_Device_Library/Core/Src/usbd_core.o
                0x0800e6c4                USBD_LL_Suspend
 .text.USBD_LL_Resume
                0x0800e6fc       0x30 ./Middlewares/ST/STM32_USB_Device_Library/Core/Src/usbd_core.o
                0x0800e6fc                USBD_LL_Resume
 .text.USBD_LL_SOF
                0x0800e72c       0x40 ./Middlewares/ST/STM32_USB_Device_Library/Core/Src/usbd_core.o
                0x0800e72c                USBD_LL_SOF
 .text.USBD_LL_IsoINIncomplete
                0x0800e76c       0x64 ./Middlewares/ST/STM32_USB_Device_Library/Core/Src/usbd_core.o
                0x0800e76c                USBD_LL_IsoINIncomplete
 .text.USBD_LL_IsoOUTIncomplete
                0x0800e7d0       0x64 ./Middlewares/ST/STM32_USB_Device_Library/Core/Src/usbd_core.o
                0x0800e7d0                USBD_LL_IsoOUTIncomplete
 .text.USBD_LL_DevConnected
                0x0800e834       0x16 ./Middlewares/ST/STM32_USB_Device_Library/Core/Src/usbd_core.o
                0x0800e834                USBD_LL_DevConnected
 .text.USBD_LL_DevDisconnected
                0x0800e84a       0x46 ./Middlewares/ST/STM32_USB_Device_Library/Core/Src/usbd_core.o
                0x0800e84a                USBD_LL_DevDisconnected
 .text.USBD_CoreFindIF
                0x0800e890       0x1a ./Middlewares/ST/STM32_USB_Device_Library/Core/Src/usbd_core.o
                0x0800e890                USBD_CoreFindIF
 .text.USBD_CoreFindEP
                0x0800e8aa       0x1a ./Middlewares/ST/STM32_USB_Device_Library/Core/Src/usbd_core.o
                0x0800e8aa                USBD_CoreFindEP
 .text.USBD_GetEpDesc
                0x0800e8c4       0x70 ./Middlewares/ST/STM32_USB_Device_Library/Core/Src/usbd_core.o
                0x0800e8c4                USBD_GetEpDesc
 .text.USBD_GetNextDesc
                0x0800e934       0x38 ./Middlewares/ST/STM32_USB_Device_Library/Core/Src/usbd_core.o
                0x0800e934                USBD_GetNextDesc
 .text.SWAPBYTE
                0x0800e96c       0x3c ./Middlewares/ST/STM32_USB_Device_Library/Core/Src/usbd_ctlreq.o
 .text.USBD_StdDevReq
                0x0800e9a8       0xe4 ./Middlewares/ST/STM32_USB_Device_Library/Core/Src/usbd_ctlreq.o
                0x0800e9a8                USBD_StdDevReq
 .text.USBD_StdItfReq
                0x0800ea8c       0xd8 ./Middlewares/ST/STM32_USB_Device_Library/Core/Src/usbd_ctlreq.o
                0x0800ea8c                USBD_StdItfReq
 .text.USBD_StdEPReq
                0x0800eb64      0x33a ./Middlewares/ST/STM32_USB_Device_Library/Core/Src/usbd_ctlreq.o
                0x0800eb64                USBD_StdEPReq
 *fill*         0x0800ee9e        0x2 
 .text.USBD_GetDescriptor
                0x0800eea0      0x328 ./Middlewares/ST/STM32_USB_Device_Library/Core/Src/usbd_ctlreq.o
 .text.USBD_SetAddress
                0x0800f1c8       0x88 ./Middlewares/ST/STM32_USB_Device_Library/Core/Src/usbd_ctlreq.o
 .text.USBD_SetConfig
                0x0800f250      0x154 ./Middlewares/ST/STM32_USB_Device_Library/Core/Src/usbd_ctlreq.o
 .text.USBD_GetConfig
                0x0800f3a4       0x6c ./Middlewares/ST/STM32_USB_Device_Library/Core/Src/usbd_ctlreq.o
 .text.USBD_GetStatus
                0x0800f410       0x68 ./Middlewares/ST/STM32_USB_Device_Library/Core/Src/usbd_ctlreq.o
 .text.USBD_SetFeature
                0x0800f478       0x52 ./Middlewares/ST/STM32_USB_Device_Library/Core/Src/usbd_ctlreq.o
 .text.USBD_ClrFeature
                0x0800f4ca       0x44 ./Middlewares/ST/STM32_USB_Device_Library/Core/Src/usbd_ctlreq.o
 .text.USBD_ParseSetupRequest
                0x0800f50e       0x74 ./Middlewares/ST/STM32_USB_Device_Library/Core/Src/usbd_ctlreq.o
                0x0800f50e                USBD_ParseSetupRequest
 .text.USBD_CtlError
                0x0800f582       0x22 ./Middlewares/ST/STM32_USB_Device_Library/Core/Src/usbd_ctlreq.o
                0x0800f582                USBD_CtlError
 .text.USBD_GetString
                0x0800f5a4       0xa4 ./Middlewares/ST/STM32_USB_Device_Library/Core/Src/usbd_ctlreq.o
                0x0800f5a4                USBD_GetString
 .text.USBD_GetLen
                0x0800f648       0x34 ./Middlewares/ST/STM32_USB_Device_Library/Core/Src/usbd_ctlreq.o
 .text.USBD_CtlSendData
                0x0800f67c       0x36 ./Middlewares/ST/STM32_USB_Device_Library/Core/Src/usbd_ioreq.o
                0x0800f67c                USBD_CtlSendData
 .text.USBD_CtlContinueSendData
                0x0800f6b2       0x22 ./Middlewares/ST/STM32_USB_Device_Library/Core/Src/usbd_ioreq.o
                0x0800f6b2                USBD_CtlContinueSendData
 .text.USBD_CtlContinueRx
                0x0800f6d4       0x22 ./Middlewares/ST/STM32_USB_Device_Library/Core/Src/usbd_ioreq.o
                0x0800f6d4                USBD_CtlContinueRx
 .text.USBD_CtlSendStatus
                0x0800f6f6       0x26 ./Middlewares/ST/STM32_USB_Device_Library/Core/Src/usbd_ioreq.o
                0x0800f6f6                USBD_CtlSendStatus
 .text.USBD_CtlReceiveStatus
                0x0800f71c       0x26 ./Middlewares/ST/STM32_USB_Device_Library/Core/Src/usbd_ioreq.o
                0x0800f71c                USBD_CtlReceiveStatus
 *fill*         0x0800f742        0x2 
 .text.MX_USB_DEVICE_Init
                0x0800f744       0x64 ./USB_DEVICE/App/usb_device.o
                0x0800f744                MX_USB_DEVICE_Init
 .text.USBD_HS_DeviceDescriptor
                0x0800f7a8       0x24 ./USB_DEVICE/App/usbd_desc.o
                0x0800f7a8                USBD_HS_DeviceDescriptor
 .text.USBD_HS_LangIDStrDescriptor
                0x0800f7cc       0x24 ./USB_DEVICE/App/usbd_desc.o
                0x0800f7cc                USBD_HS_LangIDStrDescriptor
 .text.USBD_HS_ProductStrDescriptor
                0x0800f7f0       0x3c ./USB_DEVICE/App/usbd_desc.o
                0x0800f7f0                USBD_HS_ProductStrDescriptor
 .text.USBD_HS_ManufacturerStrDescriptor
                0x0800f82c       0x28 ./USB_DEVICE/App/usbd_desc.o
                0x0800f82c                USBD_HS_ManufacturerStrDescriptor
 .text.USBD_HS_SerialStrDescriptor
                0x0800f854       0x24 ./USB_DEVICE/App/usbd_desc.o
                0x0800f854                USBD_HS_SerialStrDescriptor
 .text.USBD_HS_ConfigStrDescriptor
                0x0800f878       0x3c ./USB_DEVICE/App/usbd_desc.o
                0x0800f878                USBD_HS_ConfigStrDescriptor
 .text.USBD_HS_InterfaceStrDescriptor
                0x0800f8b4       0x3c ./USB_DEVICE/App/usbd_desc.o
                0x0800f8b4                USBD_HS_InterfaceStrDescriptor
 .text.Get_SerialNum
                0x0800f8f0       0x58 ./USB_DEVICE/App/usbd_desc.o
 .text.IntToUnicode
                0x0800f948       0x7e ./USB_DEVICE/App/usbd_desc.o
 .text.STORAGE_Init_HS
                0x0800f9c6       0x18 ./USB_DEVICE/App/usbd_storage_if.o
 .text.STORAGE_GetCapacity_HS
                0x0800f9de       0x2c ./USB_DEVICE/App/usbd_storage_if.o
 .text.STORAGE_IsReady_HS
                0x0800fa0a       0x18 ./USB_DEVICE/App/usbd_storage_if.o
 .text.STORAGE_IsWriteProtected_HS
                0x0800fa22       0x18 ./USB_DEVICE/App/usbd_storage_if.o
 .text.STORAGE_Read_HS
                0x0800fa3a       0x22 ./USB_DEVICE/App/usbd_storage_if.o
 .text.STORAGE_Write_HS
                0x0800fa5c       0x22 ./USB_DEVICE/App/usbd_storage_if.o
 .text.STORAGE_GetMaxLun_HS
                0x0800fa7e       0x10 ./USB_DEVICE/App/usbd_storage_if.o
 *fill*         0x0800fa8e        0x2 
 .text.HAL_PCD_MspInit
                0x0800fa90       0xe4 ./USB_DEVICE/Target/usbd_conf.o
                0x0800fa90                HAL_PCD_MspInit
 .text.HAL_PCD_SetupStageCallback
                0x0800fb74       0x24 ./USB_DEVICE/Target/usbd_conf.o
                0x0800fb74                HAL_PCD_SetupStageCallback
 .text.HAL_PCD_DataOutStageCallback
                0x0800fb98       0x36 ./USB_DEVICE/Target/usbd_conf.o
                0x0800fb98                HAL_PCD_DataOutStageCallback
 .text.HAL_PCD_DataInStageCallback
                0x0800fbce       0x34 ./USB_DEVICE/Target/usbd_conf.o
                0x0800fbce                HAL_PCD_DataInStageCallback
 .text.HAL_PCD_SOFCallback
                0x0800fc02       0x1c ./USB_DEVICE/Target/usbd_conf.o
                0x0800fc02                HAL_PCD_SOFCallback
 .text.HAL_PCD_ResetCallback
                0x0800fc1e       0x50 ./USB_DEVICE/Target/usbd_conf.o
                0x0800fc1e                HAL_PCD_ResetCallback
 *fill*         0x0800fc6e        0x2 
 .text.HAL_PCD_SuspendCallback
                0x0800fc70       0x4c ./USB_DEVICE/Target/usbd_conf.o
                0x0800fc70                HAL_PCD_SuspendCallback
 .text.HAL_PCD_ResumeCallback
                0x0800fcbc       0x1c ./USB_DEVICE/Target/usbd_conf.o
                0x0800fcbc                HAL_PCD_ResumeCallback
 .text.HAL_PCD_ISOOUTIncompleteCallback
                0x0800fcd8       0x24 ./USB_DEVICE/Target/usbd_conf.o
                0x0800fcd8                HAL_PCD_ISOOUTIncompleteCallback
 .text.HAL_PCD_ISOINIncompleteCallback
                0x0800fcfc       0x24 ./USB_DEVICE/Target/usbd_conf.o
                0x0800fcfc                HAL_PCD_ISOINIncompleteCallback
 .text.HAL_PCD_ConnectCallback
                0x0800fd20       0x1c ./USB_DEVICE/Target/usbd_conf.o
                0x0800fd20                HAL_PCD_ConnectCallback
 .text.HAL_PCD_DisconnectCallback
                0x0800fd3c       0x1c ./USB_DEVICE/Target/usbd_conf.o
                0x0800fd3c                HAL_PCD_DisconnectCallback
 .text.USBD_LL_Init
                0x0800fd58       0xa4 ./USB_DEVICE/Target/usbd_conf.o
                0x0800fd58                USBD_LL_Init
 .text.USBD_LL_Start
                0x0800fdfc       0x36 ./USB_DEVICE/Target/usbd_conf.o
                0x0800fdfc                USBD_LL_Start
 .text.USBD_LL_OpenEP
                0x0800fe32       0x4c ./USB_DEVICE/Target/usbd_conf.o
                0x0800fe32                USBD_LL_OpenEP
 .text.USBD_LL_CloseEP
                0x0800fe7e       0x3e ./USB_DEVICE/Target/usbd_conf.o
                0x0800fe7e                USBD_LL_CloseEP
 .text.USBD_LL_FlushEP
                0x0800febc       0x3e ./USB_DEVICE/Target/usbd_conf.o
                0x0800febc                USBD_LL_FlushEP
 .text.USBD_LL_StallEP
                0x0800fefa       0x3e ./USB_DEVICE/Target/usbd_conf.o
                0x0800fefa                USBD_LL_StallEP
 .text.USBD_LL_ClearStallEP
                0x0800ff38       0x3e ./USB_DEVICE/Target/usbd_conf.o
                0x0800ff38                USBD_LL_ClearStallEP
 .text.USBD_LL_IsStallEP
                0x0800ff76       0x58 ./USB_DEVICE/Target/usbd_conf.o
                0x0800ff76                USBD_LL_IsStallEP
 .text.USBD_LL_SetUSBAddress
                0x0800ffce       0x3e ./USB_DEVICE/Target/usbd_conf.o
                0x0800ffce                USBD_LL_SetUSBAddress
 .text.USBD_LL_Transmit
                0x0801000c       0x42 ./USB_DEVICE/Target/usbd_conf.o
                0x0801000c                USBD_LL_Transmit
 .text.USBD_LL_PrepareReceive
                0x0801004e       0x42 ./USB_DEVICE/Target/usbd_conf.o
                0x0801004e                USBD_LL_PrepareReceive
 .text.USBD_LL_GetRxDataSize
                0x08010090       0x26 ./USB_DEVICE/Target/usbd_conf.o
                0x08010090                USBD_LL_GetRxDataSize
 *fill*         0x080100b6        0x2 
 .text.USBD_static_malloc
                0x080100b8       0x1c ./USB_DEVICE/Target/usbd_conf.o
                0x080100b8                USBD_static_malloc
 .text.USBD_static_free
                0x080100d4       0x14 ./USB_DEVICE/Target/usbd_conf.o
                0x080100d4                USBD_static_free
 .text.USBD_Get_USB_Status
                0x080100e8       0x58 ./USB_DEVICE/Target/usbd_conf.o
                0x080100e8                USBD_Get_USB_Status
 .text.memset   0x08010140       0x10 C:/ST/STM32CubeIDE_1.15.1/STM32CubeIDE/plugins/com.st.stm32cube.ide.mcu.externaltools.gnu-tools-for-stm32.12.3.rel1.win32_1.0.200.202406191623/tools/bin/../lib/gcc/arm-none-eabi/12.3.1/../../../../arm-none-eabi/lib/thumb/v7e-m+dp/hard\libc_nano.a(libc_a-memset.o)
                0x08010140                memset
 .text.__libc_init_array
                0x08010150       0x48 C:/ST/STM32CubeIDE_1.15.1/STM32CubeIDE/plugins/com.st.stm32cube.ide.mcu.externaltools.gnu-tools-for-stm32.12.3.rel1.win32_1.0.200.202406191623/tools/bin/../lib/gcc/arm-none-eabi/12.3.1/../../../../arm-none-eabi/lib/thumb/v7e-m+dp/hard\libc_nano.a(libc_a-init.o)
                0x08010150                __libc_init_array
 *(.glue_7)
 .glue_7        0x08010198        0x0 linker stubs
 *(.glue_7t)
 .glue_7t       0x08010198        0x0 linker stubs
 *(.eh_frame)
 .eh_frame      0x08010198        0x0 C:/ST/STM32CubeIDE_1.15.1/STM32CubeIDE/plugins/com.st.stm32cube.ide.mcu.externaltools.gnu-tools-for-stm32.12.3.rel1.win32_1.0.200.202406191623/tools/bin/../lib/gcc/arm-none-eabi/12.3.1/thumb/v7e-m+dp/hard/crtbegin.o
 *(.init)
 .init          0x08010198        0x4 C:/ST/STM32CubeIDE_1.15.1/STM32CubeIDE/plugins/com.st.stm32cube.ide.mcu.externaltools.gnu-tools-for-stm32.12.3.rel1.win32_1.0.200.202406191623/tools/bin/../lib/gcc/arm-none-eabi/12.3.1/thumb/v7e-m+dp/hard/crti.o
                0x08010198                _init
 .init          0x0801019c        0x8 C:/ST/STM32CubeIDE_1.15.1/STM32CubeIDE/plugins/com.st.stm32cube.ide.mcu.externaltools.gnu-tools-for-stm32.12.3.rel1.win32_1.0.200.202406191623/tools/bin/../lib/gcc/arm-none-eabi/12.3.1/thumb/v7e-m+dp/hard/crtn.o
 *(.fini)
 .fini          0x080101a4        0x4 C:/ST/STM32CubeIDE_1.15.1/STM32CubeIDE/plugins/com.st.stm32cube.ide.mcu.externaltools.gnu-tools-for-stm32.12.3.rel1.win32_1.0.200.202406191623/tools/bin/../lib/gcc/arm-none-eabi/12.3.1/thumb/v7e-m+dp/hard/crti.o
                0x080101a4                _fini
 .fini          0x080101a8        0x8 C:/ST/STM32CubeIDE_1.15.1/STM32CubeIDE/plugins/com.st.stm32cube.ide.mcu.externaltools.gnu-tools-for-stm32.12.3.rel1.win32_1.0.200.202406191623/tools/bin/../lib/gcc/arm-none-eabi/12.3.1/thumb/v7e-m+dp/hard/crtn.o
                0x080101b0                        . = ALIGN (0x4)
                0x080101b0                        _etext = .

.vfp11_veneer   0x080101b0        0x0
 .vfp11_veneer  0x080101b0        0x0 linker stubs

.v4_bx          0x080101b0        0x0
 .v4_bx         0x080101b0        0x0 linker stubs

.iplt           0x080101b0        0x0
 .iplt          0x080101b0        0x0 C:/ST/STM32CubeIDE_1.15.1/STM32CubeIDE/plugins/com.st.stm32cube.ide.mcu.externaltools.gnu-tools-for-stm32.12.3.rel1.win32_1.0.200.202406191623/tools/bin/../lib/gcc/arm-none-eabi/12.3.1/thumb/v7e-m+dp/hard/crtbegin.o

.rodata         0x080101b0       0xb0
                0x080101b0                        . = ALIGN (0x4)
 *(.rodata)
 .rodata        0x080101b0       0x42 ./USB_DEVICE/App/usbd_desc.o
 *(.rodata*)
 *fill*         0x080101f2        0x2 
 .rodata.D1CorePrescTable
                0x080101f4       0x10 ./Core/Src/system_stm32h7xx.o
                0x080101f4                D1CorePrescTable
 .rodata.UARTPrescTable
                0x08010204       0x18 ./Drivers/STM32H7xx_HAL_Driver/Src/stm32h7xx_hal_uart.o
                0x08010204                UARTPrescTable
 .rodata.numerator.1
                0x0801021c        0x8 ./Drivers/STM32H7xx_HAL_Driver/Src/stm32h7xx_hal_uart_ex.o
 .rodata.denominator.0
                0x08010224        0x8 ./Drivers/STM32H7xx_HAL_Driver/Src/stm32h7xx_hal_uart_ex.o
 .rodata.numerator.1
                0x0801022c        0x8 ./Drivers/STM32H7xx_HAL_Driver/Src/stm32h7xx_hal_usart_ex.o
 .rodata.denominator.0
                0x08010234        0x8 ./Drivers/STM32H7xx_HAL_Driver/Src/stm32h7xx_hal_usart_ex.o
 .rodata.STORAGE_Inquirydata_HS
                0x0801023c       0x24 ./USB_DEVICE/App/usbd_storage_if.o
                0x0801023c                STORAGE_Inquirydata_HS
                0x08010260                        . = ALIGN (0x4)

.ARM.extab
 *(.ARM.extab* .gnu.linkonce.armextab.*)

.ARM            0x08010260        0x8
                0x08010260                        __exidx_start = .
 *(.ARM.exidx*)
 .ARM.exidx     0x08010260        0x8 C:/ST/STM32CubeIDE_1.15.1/STM32CubeIDE/plugins/com.st.stm32cube.ide.mcu.externaltools.gnu-tools-for-stm32.12.3.rel1.win32_1.0.200.202406191623/tools/bin/../lib/gcc/arm-none-eabi/12.3.1/thumb/v7e-m+dp/hard\libgcc.a(_udivmoddi4.o)
                0x08010268                        __exidx_end = .

.preinit_array  0x08010268        0x0
                0x08010268                        PROVIDE (__preinit_array_start = .)
 *(.preinit_array*)
                0x08010268                        PROVIDE (__preinit_array_end = .)

.init_array     0x08010268        0x4
                0x08010268                        PROVIDE (__init_array_start = .)
 *(SORT_BY_NAME(.init_array.*))
 *(.init_array*)
 .init_array    0x08010268        0x4 C:/ST/STM32CubeIDE_1.15.1/STM32CubeIDE/plugins/com.st.stm32cube.ide.mcu.externaltools.gnu-tools-for-stm32.12.3.rel1.win32_1.0.200.202406191623/tools/bin/../lib/gcc/arm-none-eabi/12.3.1/thumb/v7e-m+dp/hard/crtbegin.o
                0x0801026c                        PROVIDE (__init_array_end = .)

.fini_array     0x0801026c        0x4
                [!provide]                        PROVIDE (__fini_array_start = .)
 *(SORT_BY_NAME(.fini_array.*))
 *(.fini_array*)
 .fini_array    0x0801026c        0x4 C:/ST/STM32CubeIDE_1.15.1/STM32CubeIDE/plugins/com.st.stm32cube.ide.mcu.externaltools.gnu-tools-for-stm32.12.3.rel1.win32_1.0.200.202406191623/tools/bin/../lib/gcc/arm-none-eabi/12.3.1/thumb/v7e-m+dp/hard/crtbegin.o
                [!provide]                        PROVIDE (__fini_array_end = .)
                0x08010270                        _sidata = LOADADDR (.data)

.rel.dyn        0x08010270        0x0
 .rel.iplt      0x08010270        0x0 C:/ST/STM32CubeIDE_1.15.1/STM32CubeIDE/plugins/com.st.stm32cube.ide.mcu.externaltools.gnu-tools-for-stm32.12.3.rel1.win32_1.0.200.202406191623/tools/bin/../lib/gcc/arm-none-eabi/12.3.1/thumb/v7e-m+dp/hard/crtbegin.o

.data           0x24000000      0x104 load address 0x08010270
                0x24000000                        . = ALIGN (0x4)
                0x24000000                        _sdata = .
 *(.data)
 *(.data*)
 .data.SystemCoreClock
                0x24000000        0x4 ./Core/Src/system_stm32h7xx.o
                0x24000000                SystemCoreClock
 .data.SystemD2Clock
                0x24000004        0x4 ./Core/Src/system_stm32h7xx.o
                0x24000004                SystemD2Clock
 .data.uwTickPrio
                0x24000008        0x4 ./Drivers/STM32H7xx_HAL_Driver/Src/stm32h7xx_hal.o
                0x24000008                uwTickPrio
 .data.uwTickFreq
                0x2400000c        0x1 ./Drivers/STM32H7xx_HAL_Driver/Src/stm32h7xx_hal.o
                0x2400000c                uwTickFreq
 *fill*         0x2400000d        0x3 
 .data.USBD_MSC
                0x24000010       0x38 ./Middlewares/ST/STM32_USB_Device_Library/Class/MSC/Src/usbd_msc.o
                0x24000010                USBD_MSC
 .data.USBD_MSC_CfgDesc
                0x24000048       0x20 ./Middlewares/ST/STM32_USB_Device_Library/Class/MSC/Src/usbd_msc.o
 .data.USBD_MSC_DeviceQualifierDesc
                0x24000068        0xa ./Middlewares/ST/STM32_USB_Device_Library/Class/MSC/Src/usbd_msc.o
 .data.MSCInEpAdd
                0x24000072        0x1 ./Middlewares/ST/STM32_USB_Device_Library/Class/MSC/Src/usbd_msc.o
                0x24000072                MSCInEpAdd
 .data.MSCOutEpAdd
                0x24000073        0x1 ./Middlewares/ST/STM32_USB_Device_Library/Class/MSC/Src/usbd_msc.o
                0x24000073                MSCOutEpAdd
 .data.MSC_Page00_Inquiry_Data
                0x24000074        0x6 ./Middlewares/ST/STM32_USB_Device_Library/Class/MSC/Src/usbd_msc_data.o
                0x24000074                MSC_Page00_Inquiry_Data
 *fill*         0x2400007a        0x2 
 .data.MSC_Page80_Inquiry_Data
                0x2400007c        0x8 ./Middlewares/ST/STM32_USB_Device_Library/Class/MSC/Src/usbd_msc_data.o
                0x2400007c                MSC_Page80_Inquiry_Data
 .data.MSC_Mode_Sense6_data
                0x24000084        0x4 ./Middlewares/ST/STM32_USB_Device_Library/Class/MSC/Src/usbd_msc_data.o
                0x24000084                MSC_Mode_Sense6_data
 .data.MSC_Mode_Sense10_data
                0x24000088        0x8 ./Middlewares/ST/STM32_USB_Device_Library/Class/MSC/Src/usbd_msc_data.o
                0x24000088                MSC_Mode_Sense10_data
 .data.HS_Desc  0x24000090       0x20 ./USB_DEVICE/App/usbd_desc.o
                0x24000090                HS_Desc
 .data.USBD_HS_DeviceDesc
                0x240000b0       0x12 ./USB_DEVICE/App/usbd_desc.o
                0x240000b0                USBD_HS_DeviceDesc
 *fill*         0x240000c2        0x2 
 .data.USBD_LangIDDesc
                0x240000c4        0x4 ./USB_DEVICE/App/usbd_desc.o
                0x240000c4                USBD_LangIDDesc
 .data.USBD_StringSerial
                0x240000c8       0x1a ./USB_DEVICE/App/usbd_desc.o
                0x240000c8                USBD_StringSerial
 *fill*         0x240000e2        0x2 
 .data.USBD_Storage_Interface_fops_HS
                0x240000e4       0x20 ./USB_DEVICE/App/usbd_storage_if.o
                0x240000e4                USBD_Storage_Interface_fops_HS
 *(.RamFunc)
 *(.RamFunc*)
                0x24000104                        . = ALIGN (0x4)
                0x24000104                        _edata = .

.igot.plt       0x24000104        0x0 load address 0x08010374
 .igot.plt      0x24000104        0x0 C:/ST/STM32CubeIDE_1.15.1/STM32CubeIDE/plugins/com.st.stm32cube.ide.mcu.externaltools.gnu-tools-for-stm32.12.3.rel1.win32_1.0.200.202406191623/tools/bin/../lib/gcc/arm-none-eabi/12.3.1/thumb/v7e-m+dp/hard/crtbegin.o
                0x24000104                        . = ALIGN (0x4)

.bss            0x24000104     0x11d0 load address 0x08010374
                0x24000104                        _sbss = .
                0x24000104                        __bss_start__ = _sbss
 *(.bss)
 .bss           0x24000104       0x1c C:/ST/STM32CubeIDE_1.15.1/STM32CubeIDE/plugins/com.st.stm32cube.ide.mcu.externaltools.gnu-tools-for-stm32.12.3.rel1.win32_1.0.200.202406191623/tools/bin/../lib/gcc/arm-none-eabi/12.3.1/thumb/v7e-m+dp/hard/crtbegin.o
 *(.bss*)
 .bss.hi2c1     0x24000120       0x54 ./Core/Src/main.o
                0x24000120                hi2c1
 .bss.hi2c2     0x24000174       0x54 ./Core/Src/main.o
                0x24000174                hi2c2
 .bss.hi2c4     0x240001c8       0x54 ./Core/Src/main.o
                0x240001c8                hi2c4
 .bss.hmmc1     0x2400021c      0x274 ./Core/Src/main.o
                0x2400021c                hmmc1
 .bss.hspi1     0x24000490       0x88 ./Core/Src/main.o
                0x24000490                hspi1
 .bss.hspi4     0x24000518       0x88 ./Core/Src/main.o
                0x24000518                hspi4
 .bss.huart2    0x240005a0       0x94 ./Core/Src/main.o
                0x240005a0                huart2
 .bss.husart3   0x24000634       0x60 ./Core/Src/main.o
                0x24000634                husart3
 .bss.uwTick    0x24000694        0x4 ./Drivers/STM32H7xx_HAL_Driver/Src/stm32h7xx_hal.o
                0x24000694                uwTick
 .bss.cfgidx.0  0x24000698        0x1 ./Middlewares/ST/STM32_USB_Device_Library/Core/Src/usbd_ctlreq.o
 *fill*         0x24000699        0x3 
 .bss.hUsbDeviceHS
                0x2400069c      0x2dc ./USB_DEVICE/App/usb_device.o
                0x2400069c                hUsbDeviceHS
 .bss.USBD_StrDesc
                0x24000978      0x200 ./USB_DEVICE/App/usbd_desc.o
                0x24000978                USBD_StrDesc
 .bss.hpcd_USB_OTG_HS
                0x24000b78      0x4e4 ./USB_DEVICE/Target/usbd_conf.o
                0x24000b78                hpcd_USB_OTG_HS
 .bss.mem.0     0x2400105c      0x278 ./USB_DEVICE/Target/usbd_conf.o
 *(COMMON)
                0x240012d4                        . = ALIGN (0x4)
                0x240012d4                        _ebss = .
                0x240012d4                        __bss_end__ = _ebss

._user_heap_stack
                0x240012d4      0x604 load address 0x08010374
                0x240012d8                        . = ALIGN (0x8)
 *fill*         0x240012d4        0x4 
                [!provide]                        PROVIDE (end = .)
                0x240012d8                        PROVIDE (_end = .)
                0x240014d8                        . = (. + _Min_Heap_Size)
 *fill*         0x240012d8      0x200 
                0x240018d8                        . = (. + _Min_Stack_Size)
 *fill*         0x240014d8      0x400 
                0x240018d8                        . = ALIGN (0x8)

/DISCARD/
 libc.a(*)
 libm.a(*)
 libgcc.a(*)

.ARM.attributes
                0x00000000       0x2e
 *(.ARM.attributes)
 .ARM.attributes
                0x00000000       0x20 C:/ST/STM32CubeIDE_1.15.1/STM32CubeIDE/plugins/com.st.stm32cube.ide.mcu.externaltools.gnu-tools-for-stm32.12.3.rel1.win32_1.0.200.202406191623/tools/bin/../lib/gcc/arm-none-eabi/12.3.1/thumb/v7e-m+dp/hard/crti.o
 .ARM.attributes
                0x00000020       0x32 C:/ST/STM32CubeIDE_1.15.1/STM32CubeIDE/plugins/com.st.stm32cube.ide.mcu.externaltools.gnu-tools-for-stm32.12.3.rel1.win32_1.0.200.202406191623/tools/bin/../lib/gcc/arm-none-eabi/12.3.1/thumb/v7e-m+dp/hard/crtbegin.o
 .ARM.attributes
                0x00000052       0x32 ./Core/Src/main.o
 .ARM.attributes
                0x00000084       0x32 ./Core/Src/stm32h7xx_hal_msp.o
 .ARM.attributes
                0x000000b6       0x32 ./Core/Src/stm32h7xx_it.o
 .ARM.attributes
                0x000000e8       0x32 ./Core/Src/system_stm32h7xx.o
 .ARM.attributes
                0x0000011a       0x21 ./Core/Startup/startup_stm32h7a3vitx.o
 .ARM.attributes
                0x0000013b       0x32 ./Drivers/STM32H7xx_HAL_Driver/Src/stm32h7xx_hal.o
 .ARM.attributes
                0x0000016d       0x32 ./Drivers/STM32H7xx_HAL_Driver/Src/stm32h7xx_hal_cortex.o
 .ARM.attributes
                0x0000019f       0x32 ./Drivers/STM32H7xx_HAL_Driver/Src/stm32h7xx_hal_gpio.o
 .ARM.attributes
                0x000001d1       0x32 ./Drivers/STM32H7xx_HAL_Driver/Src/stm32h7xx_hal_i2c.o
 .ARM.attributes
                0x00000203       0x32 ./Drivers/STM32H7xx_HAL_Driver/Src/stm32h7xx_hal_i2c_ex.o
 .ARM.attributes
                0x00000235       0x32 ./Drivers/STM32H7xx_HAL_Driver/Src/stm32h7xx_hal_mmc.o
 .ARM.attributes
                0x00000267       0x32 ./Drivers/STM32H7xx_HAL_Driver/Src/stm32h7xx_hal_pcd.o
 .ARM.attributes
                0x00000299       0x32 ./Drivers/STM32H7xx_HAL_Driver/Src/stm32h7xx_hal_pcd_ex.o
 .ARM.attributes
                0x000002cb       0x32 ./Drivers/STM32H7xx_HAL_Driver/Src/stm32h7xx_hal_pwr_ex.o
 .ARM.attributes
                0x000002fd       0x32 ./Drivers/STM32H7xx_HAL_Driver/Src/stm32h7xx_hal_rcc.o
 .ARM.attributes
                0x0000032f       0x32 ./Drivers/STM32H7xx_HAL_Driver/Src/stm32h7xx_hal_rcc_ex.o
 .ARM.attributes
                0x00000361       0x32 ./Drivers/STM32H7xx_HAL_Driver/Src/stm32h7xx_hal_spi.o
 .ARM.attributes
                0x00000393       0x32 ./Drivers/STM32H7xx_HAL_Driver/Src/stm32h7xx_hal_uart.o
 .ARM.attributes
                0x000003c5       0x32 ./Drivers/STM32H7xx_HAL_Driver/Src/stm32h7xx_hal_uart_ex.o
 .ARM.attributes
                0x000003f7       0x32 ./Drivers/STM32H7xx_HAL_Driver/Src/stm32h7xx_hal_usart.o
 .ARM.attributes
                0x00000429       0x32 ./Drivers/STM32H7xx_HAL_Driver/Src/stm32h7xx_hal_usart_ex.o
 .ARM.attributes
                0x0000045b       0x32 ./Drivers/STM32H7xx_HAL_Driver/Src/stm32h7xx_ll_sdmmc.o
 .ARM.attributes
                0x0000048d       0x32 ./Drivers/STM32H7xx_HAL_Driver/Src/stm32h7xx_ll_usb.o
 .ARM.attributes
                0x000004bf       0x32 ./Middlewares/ST/STM32_USB_Device_Library/Class/MSC/Src/usbd_msc.o
 .ARM.attributes
                0x000004f1       0x32 ./Middlewares/ST/STM32_USB_Device_Library/Class/MSC/Src/usbd_msc_bot.o
 .ARM.attributes
                0x00000523       0x32 ./Middlewares/ST/STM32_USB_Device_Library/Class/MSC/Src/usbd_msc_data.o
 .ARM.attributes
                0x00000555       0x32 ./Middlewares/ST/STM32_USB_Device_Library/Class/MSC/Src/usbd_msc_scsi.o
 .ARM.attributes
                0x00000587       0x32 ./Middlewares/ST/STM32_USB_Device_Library/Core/Src/usbd_core.o
 .ARM.attributes
                0x000005b9       0x32 ./Middlewares/ST/STM32_USB_Device_Library/Core/Src/usbd_ctlreq.o
 .ARM.attributes
                0x000005eb       0x32 ./Middlewares/ST/STM32_USB_Device_Library/Core/Src/usbd_ioreq.o
 .ARM.attributes
                0x0000061d       0x32 ./USB_DEVICE/App/usb_device.o
 .ARM.attributes
                0x0000064f       0x32 ./USB_DEVICE/App/usbd_desc.o
 .ARM.attributes
                0x00000681       0x32 ./USB_DEVICE/App/usbd_storage_if.o
 .ARM.attributes
                0x000006b3       0x32 ./USB_DEVICE/Target/usbd_conf.o
 .ARM.attributes
                0x000006e5       0x32 C:/ST/STM32CubeIDE_1.15.1/STM32CubeIDE/plugins/com.st.stm32cube.ide.mcu.externaltools.gnu-tools-for-stm32.12.3.rel1.win32_1.0.200.202406191623/tools/bin/../lib/gcc/arm-none-eabi/12.3.1/../../../../arm-none-eabi/lib/thumb/v7e-m+dp/hard\libc_nano.a(libc_a-memset.o)
 .ARM.attributes
                0x00000717       0x32 C:/ST/STM32CubeIDE_1.15.1/STM32CubeIDE/plugins/com.st.stm32cube.ide.mcu.externaltools.gnu-tools-for-stm32.12.3.rel1.win32_1.0.200.202406191623/tools/bin/../lib/gcc/arm-none-eabi/12.3.1/../../../../arm-none-eabi/lib/thumb/v7e-m+dp/hard\libc_nano.a(libc_a-init.o)
 .ARM.attributes
                0x00000749       0x20 C:/ST/STM32CubeIDE_1.15.1/STM32CubeIDE/plugins/com.st.stm32cube.ide.mcu.externaltools.gnu-tools-for-stm32.12.3.rel1.win32_1.0.200.202406191623/tools/bin/../lib/gcc/arm-none-eabi/12.3.1/thumb/v7e-m+dp/hard\libgcc.a(_aeabi_uldivmod.o)
 .ARM.attributes
                0x00000769       0x32 C:/ST/STM32CubeIDE_1.15.1/STM32CubeIDE/plugins/com.st.stm32cube.ide.mcu.externaltools.gnu-tools-for-stm32.12.3.rel1.win32_1.0.200.202406191623/tools/bin/../lib/gcc/arm-none-eabi/12.3.1/thumb/v7e-m+dp/hard\libgcc.a(_udivmoddi4.o)
 .ARM.attributes
                0x0000079b       0x20 C:/ST/STM32CubeIDE_1.15.1/STM32CubeIDE/plugins/com.st.stm32cube.ide.mcu.externaltools.gnu-tools-for-stm32.12.3.rel1.win32_1.0.200.202406191623/tools/bin/../lib/gcc/arm-none-eabi/12.3.1/thumb/v7e-m+dp/hard\libgcc.a(_dvmd_tls.o)
 .ARM.attributes
                0x000007bb       0x20 C:/ST/STM32CubeIDE_1.15.1/STM32CubeIDE/plugins/com.st.stm32cube.ide.mcu.externaltools.gnu-tools-for-stm32.12.3.rel1.win32_1.0.200.202406191623/tools/bin/../lib/gcc/arm-none-eabi/12.3.1/thumb/v7e-m+dp/hard/crtn.o
OUTPUT(AerosentinelArgusRev2.elf elf32-littlearm)
LOAD linker stubs
LOAD C:/ST/STM32CubeIDE_1.15.1/STM32CubeIDE/plugins/com.st.stm32cube.ide.mcu.externaltools.gnu-tools-for-stm32.12.3.rel1.win32_1.0.200.202406191623/tools/bin/../lib/gcc/arm-none-eabi/12.3.1/../../../../arm-none-eabi/lib/thumb/v7e-m+dp/hard\libc.a
LOAD C:/ST/STM32CubeIDE_1.15.1/STM32CubeIDE/plugins/com.st.stm32cube.ide.mcu.externaltools.gnu-tools-for-stm32.12.3.rel1.win32_1.0.200.202406191623/tools/bin/../lib/gcc/arm-none-eabi/12.3.1/../../../../arm-none-eabi/lib/thumb/v7e-m+dp/hard\libm.a
LOAD C:/ST/STM32CubeIDE_1.15.1/STM32CubeIDE/plugins/com.st.stm32cube.ide.mcu.externaltools.gnu-tools-for-stm32.12.3.rel1.win32_1.0.200.202406191623/tools/bin/../lib/gcc/arm-none-eabi/12.3.1/thumb/v7e-m+dp/hard\libgcc.a

.debug_info     0x00000000    0x25eaf
 .debug_info    0x00000000     0x207f ./Core/Src/main.o
 .debug_info    0x0000207f     0x200a ./Core/Src/stm32h7xx_hal_msp.o
 .debug_info    0x00004089      0x6b2 ./Core/Src/stm32h7xx_it.o
 .debug_info    0x0000473b      0xc73 ./Core/Src/system_stm32h7xx.o
 .debug_info    0x000053ae       0x30 ./Core/Startup/startup_stm32h7a3vitx.o
 .debug_info    0x000053de     0x13f1 ./Drivers/STM32H7xx_HAL_Driver/Src/stm32h7xx_hal.o
 .debug_info    0x000067cf     0x108e ./Drivers/STM32H7xx_HAL_Driver/Src/stm32h7xx_hal_cortex.o
 .debug_info    0x0000785d      0xb2b ./Drivers/STM32H7xx_HAL_Driver/Src/stm32h7xx_hal_gpio.o
 .debug_info    0x00008388     0x22a1 ./Drivers/STM32H7xx_HAL_Driver/Src/stm32h7xx_hal_i2c.o
 .debug_info    0x0000a629      0xc64 ./Drivers/STM32H7xx_HAL_Driver/Src/stm32h7xx_hal_i2c_ex.o
 .debug_info    0x0000b28d     0x1c9a ./Drivers/STM32H7xx_HAL_Driver/Src/stm32h7xx_hal_mmc.o
 .debug_info    0x0000cf27     0x1561 ./Drivers/STM32H7xx_HAL_Driver/Src/stm32h7xx_hal_pcd.o
 .debug_info    0x0000e488      0x8b3 ./Drivers/STM32H7xx_HAL_Driver/Src/stm32h7xx_hal_pcd_ex.o
 .debug_info    0x0000ed3b      0xef7 ./Drivers/STM32H7xx_HAL_Driver/Src/stm32h7xx_hal_pwr_ex.o
 .debug_info    0x0000fc32      0xea1 ./Drivers/STM32H7xx_HAL_Driver/Src/stm32h7xx_hal_rcc.o
 .debug_info    0x00010ad3     0x11fd ./Drivers/STM32H7xx_HAL_Driver/Src/stm32h7xx_hal_rcc_ex.o
 .debug_info    0x00011cd0     0x1440 ./Drivers/STM32H7xx_HAL_Driver/Src/stm32h7xx_hal_spi.o
 .debug_info    0x00013110     0x4b32 ./Drivers/STM32H7xx_HAL_Driver/Src/stm32h7xx_hal_uart.o
 .debug_info    0x00017c42      0xfbf ./Drivers/STM32H7xx_HAL_Driver/Src/stm32h7xx_hal_uart_ex.o
 .debug_info    0x00018c01     0x1a05 ./Drivers/STM32H7xx_HAL_Driver/Src/stm32h7xx_hal_usart.o
 .debug_info    0x0001a606      0x970 ./Drivers/STM32H7xx_HAL_Driver/Src/stm32h7xx_hal_usart_ex.o
 .debug_info    0x0001af76     0x11d3 ./Drivers/STM32H7xx_HAL_Driver/Src/stm32h7xx_ll_sdmmc.o
 .debug_info    0x0001c149     0x1a1e ./Drivers/STM32H7xx_HAL_Driver/Src/stm32h7xx_ll_usb.o
 .debug_info    0x0001db67      0xdd9 ./Middlewares/ST/STM32_USB_Device_Library/Class/MSC/Src/usbd_msc.o
 .debug_info    0x0001e940      0xc76 ./Middlewares/ST/STM32_USB_Device_Library/Class/MSC/Src/usbd_msc_bot.o
 .debug_info    0x0001f5b6      0x13d ./Middlewares/ST/STM32_USB_Device_Library/Class/MSC/Src/usbd_msc_data.o
 .debug_info    0x0001f6f3     0x11d9 ./Middlewares/ST/STM32_USB_Device_Library/Class/MSC/Src/usbd_msc_scsi.o
 .debug_info    0x000208cc      0xe20 ./Middlewares/ST/STM32_USB_Device_Library/Core/Src/usbd_core.o
 .debug_info    0x000216ec      0xaf9 ./Middlewares/ST/STM32_USB_Device_Library/Core/Src/usbd_ctlreq.o
 .debug_info    0x000221e5      0x770 ./Middlewares/ST/STM32_USB_Device_Library/Core/Src/usbd_ioreq.o
 .debug_info    0x00022955      0x762 ./USB_DEVICE/App/usb_device.o
 .debug_info    0x000230b7      0x4c5 ./USB_DEVICE/App/usbd_desc.o
 .debug_info    0x0002357c      0x3b6 ./USB_DEVICE/App/usbd_storage_if.o
 .debug_info    0x00023932     0x257d ./USB_DEVICE/Target/usbd_conf.o

.debug_abbrev   0x00000000     0x4f6a
 .debug_abbrev  0x00000000      0x311 ./Core/Src/main.o
 .debug_abbrev  0x00000311      0x273 ./Core/Src/stm32h7xx_hal_msp.o
 .debug_abbrev  0x00000584      0x1a4 ./Core/Src/stm32h7xx_it.o
 .debug_abbrev  0x00000728      0x14a ./Core/Src/system_stm32h7xx.o
 .debug_abbrev  0x00000872       0x24 ./Core/Startup/startup_stm32h7a3vitx.o
 .debug_abbrev  0x00000896      0x291 ./Drivers/STM32H7xx_HAL_Driver/Src/stm32h7xx_hal.o
 .debug_abbrev  0x00000b27      0x339 ./Drivers/STM32H7xx_HAL_Driver/Src/stm32h7xx_hal_cortex.o
 .debug_abbrev  0x00000e60      0x1fa ./Drivers/STM32H7xx_HAL_Driver/Src/stm32h7xx_hal_gpio.o
 .debug_abbrev  0x0000105a      0x25d ./Drivers/STM32H7xx_HAL_Driver/Src/stm32h7xx_hal_i2c.o
 .debug_abbrev  0x000012b7      0x1f1 ./Drivers/STM32H7xx_HAL_Driver/Src/stm32h7xx_hal_i2c_ex.o
 .debug_abbrev  0x000014a8      0x2ca ./Drivers/STM32H7xx_HAL_Driver/Src/stm32h7xx_hal_mmc.o
 .debug_abbrev  0x00001772      0x2dc ./Drivers/STM32H7xx_HAL_Driver/Src/stm32h7xx_hal_pcd.o
 .debug_abbrev  0x00001a4e      0x256 ./Drivers/STM32H7xx_HAL_Driver/Src/stm32h7xx_hal_pcd_ex.o
 .debug_abbrev  0x00001ca4      0x297 ./Drivers/STM32H7xx_HAL_Driver/Src/stm32h7xx_hal_pwr_ex.o
 .debug_abbrev  0x00001f3b      0x2c5 ./Drivers/STM32H7xx_HAL_Driver/Src/stm32h7xx_hal_rcc.o
 .debug_abbrev  0x00002200      0x27a ./Drivers/STM32H7xx_HAL_Driver/Src/stm32h7xx_hal_rcc_ex.o
 .debug_abbrev  0x0000247a      0x2b1 ./Drivers/STM32H7xx_HAL_Driver/Src/stm32h7xx_hal_spi.o
 .debug_abbrev  0x0000272b      0x34e ./Drivers/STM32H7xx_HAL_Driver/Src/stm32h7xx_hal_uart.o
 .debug_abbrev  0x00002a79      0x2d2 ./Drivers/STM32H7xx_HAL_Driver/Src/stm32h7xx_hal_uart_ex.o
 .debug_abbrev  0x00002d4b      0x2c3 ./Drivers/STM32H7xx_HAL_Driver/Src/stm32h7xx_hal_usart.o
 .debug_abbrev  0x0000300e      0x206 ./Drivers/STM32H7xx_HAL_Driver/Src/stm32h7xx_hal_usart_ex.o
 .debug_abbrev  0x00003214      0x206 ./Drivers/STM32H7xx_HAL_Driver/Src/stm32h7xx_ll_sdmmc.o
 .debug_abbrev  0x0000341a      0x2b3 ./Drivers/STM32H7xx_HAL_Driver/Src/stm32h7xx_ll_usb.o
 .debug_abbrev  0x000036cd      0x317 ./Middlewares/ST/STM32_USB_Device_Library/Class/MSC/Src/usbd_msc.o
 .debug_abbrev  0x000039e4      0x2dd ./Middlewares/ST/STM32_USB_Device_Library/Class/MSC/Src/usbd_msc_bot.o
 .debug_abbrev  0x00003cc1       0x6f ./Middlewares/ST/STM32_USB_Device_Library/Class/MSC/Src/usbd_msc_data.o
 .debug_abbrev  0x00003d30      0x316 ./Middlewares/ST/STM32_USB_Device_Library/Class/MSC/Src/usbd_msc_scsi.o
 .debug_abbrev  0x00004046      0x27c ./Middlewares/ST/STM32_USB_Device_Library/Core/Src/usbd_core.o
 .debug_abbrev  0x000042c2      0x26f ./Middlewares/ST/STM32_USB_Device_Library/Core/Src/usbd_ctlreq.o
 .debug_abbrev  0x00004531      0x19a ./Middlewares/ST/STM32_USB_Device_Library/Core/Src/usbd_ioreq.o
 .debug_abbrev  0x000046cb      0x1a7 ./USB_DEVICE/App/usb_device.o
 .debug_abbrev  0x00004872      0x1f5 ./USB_DEVICE/App/usbd_desc.o
 .debug_abbrev  0x00004a67      0x1a3 ./USB_DEVICE/App/usbd_storage_if.o
 .debug_abbrev  0x00004c0a      0x360 ./USB_DEVICE/Target/usbd_conf.o

.debug_aranges  0x00000000     0x1d18
 .debug_aranges
                0x00000000       0x80 ./Core/Src/main.o
 .debug_aranges
                0x00000080       0x70 ./Core/Src/stm32h7xx_hal_msp.o
 .debug_aranges
                0x000000f0       0x68 ./Core/Src/stm32h7xx_it.o
 .debug_aranges
                0x00000158       0x28 ./Core/Src/system_stm32h7xx.o
 .debug_aranges
                0x00000180       0x28 ./Core/Startup/startup_stm32h7a3vitx.o
 .debug_aranges
                0x000001a8      0x1a0 ./Drivers/STM32H7xx_HAL_Driver/Src/stm32h7xx_hal.o