../Core/Src/common_porting.c:65:6:Enable_MCU_INT_Pin	32	static
../Core/Src/common_porting.c:78:5:Get_MCU_INT_Pin_Status	16	static
../Core/Src/common_porting.c:95:6:Enable_MCU_INT1_Pin	32	static
../Core/Src/common_porting.c:127:6:Disable_MCU_INT1_Pin	32	static
../Core/Src/common_porting.c:158:6:Enable_MCU_INT2_Pin	32	static
../Core/Src/common_porting.c:190:6:Disable_MCU_INT2_Pin	32	static
../Core/Src/common_porting.c:258:6:HAL_GPIO_EXTI_Callback	16	static
../Core/Src/common_porting.c:323:6:bst_delay_us	24	static
../Core/Src/common_porting.c:343:6:PDEBUG	32	static
../Core/Src/common_porting.c:359:8:SensorAPI_I2Cx_Read_Nonptr	40	static
../Core/Src/common_porting.c:369:8:SensorAPI_I2Cx_Write_Nonptr	40	static
../Core/Src/common_porting.c:382:8:SensorAPI_I2Cx_Read	40	static
../Core/Src/common_porting.c:393:8:SensorAPI_I2Cx_Write	40	static
../Core/Src/common_porting.c:406:8:BMI323_SensorAPI_I2Cx_Read	40	static
../Core/Src/common_porting.c:418:8:BMI323_SensorAPI_I2Cx_Write	40	static
../Core/Src/common_porting.c:431:8:SensorAPI_SPIx_Read	32	static
../Core/Src/common_porting.c:447:8:SensorAPI_SPIx_Write	24	static
../Core/Src/common_porting.c:463:8:bhy2_spi_read	32	static
../Core/Src/common_porting.c:479:8:bhy2_spi_write	24	static
../Core/Src/common_porting.c:496:8:bhy2_i2c_read	40	static
../Core/Src/common_porting.c:507:8:bhy2_i2c_write	40	static
../Core/Src/common_porting.c:519:8:bhy1_i2c_read	24	static
../Core/Src/common_porting.c:528:8:bhy1_i2c_write	24	static
../Core/Src/common_porting.c:539:13:BNO055_SensorAPI_I2Cx_Read	32	static
../Core/Src/common_porting.c:549:13:BNO055_SensorAPI_I2Cx_Write	32	static
