../Drivers/CMSIS/Include/core_cm7.h:2660:26:ITM_SendChar	16	static,ignoring_inline_asm
../Core/Src/main.c:82:5:_write	32	static
../Core/Src/main.c:134:5:main	8	static
../Core/Src/main.c:226:6:SystemClock_Config	120	static
../Core/Src/main.c:292:6:PeriphCommonClock_Config	200	static
../Core/Src/main.c:311:13:MX_I2C1_Init	8	static
../Core/Src/main.c:359:13:MX_I2C2_Init	8	static
../Core/Src/main.c:407:13:MX_I2C4_Init	8	static
../Core/Src/main.c:455:13:MX_SDMMC1_SD_Init	8	static
../Core/Src/main.c:484:13:MX_SPI1_Init	8	static
../Core/Src/main.c:532:13:MX_SPI4_Init	8	static
../Core/Src/main.c:580:13:MX_USART2_UART_Init	8	static
../Core/Src/main.c:628:13:MX_USART3_Init	8	static
../Core/Src/main.c:684:13:MX_GPIO_Init	56	static
../Core/Src/main.c:776:6:MPU_Config	24	static
../Core/Src/main.c:807:6:Error_Handler	4	static,ignoring_inline_asm
