../Drivers/CMSIS/Include/core_cm7.h:2660:26:ITM_SendChar	16	static,ignoring_inline_asm
../Core/Src/main.c:89:5:_write	32	static
../Core/Src/main.c:98:6:HAL_GPIO_EXTI_Callback	16	static
../Core/Src/main.c:148:5:main	8	static
../Core/Src/main.c:264:6:SystemClock_Config	120	static
../Core/Src/main.c:330:6:PeriphCommonClock_Config	200	static
../Core/Src/main.c:349:13:MX_I2C1_Init	8	static
../Core/Src/main.c:397:13:MX_I2C2_Init	8	static
../Core/Src/main.c:445:13:MX_I2C4_Init	8	static
../Core/Src/main.c:493:13:MX_SDMMC1_SD_Init	8	static
../Core/Src/main.c:522:13:MX_SPI1_Init	8	static
../Core/Src/main.c:570:13:MX_SPI4_Init	8	static
../Core/Src/main.c:618:13:MX_TIM2_Init	40	static
../Core/Src/main.c:663:13:MX_USART2_UART_Init	8	static
../Core/Src/main.c:711:13:MX_USART3_Init	8	static
../Core/Src/main.c:767:13:MX_GPIO_Init	56	static
../Core/Src/main.c:869:6:MPU_Config	24	static
../Core/Src/main.c:900:6:Error_Handler	4	static,ignoring_inline_asm
