../Drivers/CMSIS/Include/core_cm7.h:2660:26:ITM_SendChar	16	static,ignoring_inline_asm
../Core/Src/main.c:82:5:_write	32	static
../Core/Src/main.c:90:6:I2C_Scan	24	static
../Core/Src/main.c:143:5:main	8	static
../Core/Src/main.c:251:6:SystemClock_Config	120	static
../Core/Src/main.c:317:6:PeriphCommonClock_Config	200	static
../Core/Src/main.c:336:13:MX_I2C1_Init	8	static
../Core/Src/main.c:384:13:MX_I2C2_Init	8	static
../Core/Src/main.c:432:13:MX_I2C4_Init	8	static
../Core/Src/main.c:480:13:MX_SDMMC1_SD_Init	8	static
../Core/Src/main.c:509:13:MX_SPI1_Init	8	static
../Core/Src/main.c:557:13:MX_SPI4_Init	8	static
../Core/Src/main.c:605:13:MX_USART2_UART_Init	8	static
../Core/Src/main.c:653:13:MX_USART3_Init	8	static
../Core/Src/main.c:709:13:MX_GPIO_Init	56	static
../Core/Src/main.c:807:6:MPU_Config	24	static
../Core/Src/main.c:838:6:Error_Handler	4	static,ignoring_inline_asm
