../Drivers/CMSIS/Include/core_cm7.h:2660:26:ITM_SendChar	16	static,ignoring_inline_asm
../Core/Src/main.c:109:6:I2C_Scan	24	static
../Core/Src/main.c:123:5:_write	32	static
../Core/Src/main.c:139:5:main	8	static
../Core/Src/main.c:219:6:SystemClock_Config	120	static
../Core/Src/main.c:281:6:PeriphCommonClock_Config	192	static
../Core/Src/main.c:308:13:MX_ADC1_Init	56	static
../Core/Src/main.c:377:13:MX_ADC2_Init	48	static
../Core/Src/main.c:437:13:MX_I2C1_Init	8	static
../Core/Src/main.c:485:13:MX_I2C2_Init	8	static
../Core/Src/main.c:533:13:MX_I2C4_Init	8	static
../Core/Src/main.c:581:13:MX_SDMMC1_SD_Init	4	static
../Core/Src/main.c:608:13:MX_SPI1_Init	8	static
../Core/Src/main.c:656:13:MX_SPI2_Init	8	static
../Core/Src/main.c:704:13:MX_SPI4_Init	8	static
../Core/Src/main.c:752:13:MX_TIM1_Init	120	static
../Core/Src/main.c:840:13:MX_TIM2_Init	48	static
../Core/Src/main.c:889:13:MX_TIM3_Init	48	static
../Core/Src/main.c:938:13:MX_TIM4_Init	48	static
../Core/Src/main.c:987:13:MX_TIM5_Init	48	static
../Core/Src/main.c:1036:13:MX_TIM8_Init	104	static
../Core/Src/main.c:1106:13:MX_TIM12_Init	48	static
../Core/Src/main.c:1155:13:MX_TIM15_Init	104	static
../Core/Src/main.c:1221:13:MX_UART4_Init	8	static
../Core/Src/main.c:1269:13:MX_UART5_Init	8	static
../Core/Src/main.c:1317:13:MX_UART7_Init	8	static
../Core/Src/main.c:1365:13:MX_UART8_Init	8	static
../Core/Src/main.c:1413:13:MX_USART1_Init	8	static
../Core/Src/main.c:1469:13:MX_USART2_Init	8	static
../Core/Src/main.c:1525:13:MX_USART3_Init	8	static
../Core/Src/main.c:1581:13:MX_GPIO_Init	56	static
../Core/Src/main.c:1689:6:MPU_Config	24	static
../Core/Src/main.c:1720:6:Error_Handler	4	static,ignoring_inline_asm
