../Drivers/CMSIS/Include/core_cm7.h:2660:26:ITM_SendChar	16	static,ignoring_inline_asm
../Core/Src/main.c:82:5:_write	32	static
../Core/Src/main.c:134:5:main	8	static
../Core/Src/main.c:229:6:SystemClock_Config	120	static
../Core/Src/main.c:295:6:PeriphCommonClock_Config	200	static
../Core/Src/main.c:314:13:MX_I2C1_Init	8	static
../Core/Src/main.c:362:13:MX_I2C2_Init	8	static
../Core/Src/main.c:410:13:MX_I2C4_Init	8	static
../Core/Src/main.c:458:13:MX_SDMMC1_SD_Init	8	static
../Core/Src/main.c:487:13:MX_SPI1_Init	8	static
../Core/Src/main.c:535:13:MX_SPI4_Init	8	static
../Core/Src/main.c:583:13:MX_USART2_UART_Init	8	static
../Core/Src/main.c:631:13:MX_USART3_Init	8	static
../Core/Src/main.c:687:13:MX_GPIO_Init	56	static
../Core/Src/main.c:779:6:MPU_Config	24	static
../Core/Src/main.c:810:6:Error_Handler	4	static,ignoring_inline_asm
