../Drivers/CMSIS/Include/core_cm7.h:2660:26:ITM_SendChar	16	static,ignoring_inline_asm
../Core/Src/main.c:77:6:I2C_Scan	24	static
../Core/Src/main.c:91:5:_write	32	static
../Core/Src/main.c:107:5:main	8	static
../Core/Src/main.c:180:6:SystemClock_Config	120	static
../Core/Src/main.c:239:13:MX_I2C1_Init	8	static
../Core/Src/main.c:287:13:MX_I2C2_Init	8	static
../Core/Src/main.c:335:13:MX_I2C4_Init	8	static
../Core/Src/main.c:383:13:MX_SDMMC1_SD_Init	4	static
../Core/Src/main.c:410:13:MX_SPI1_Init	8	static
../Core/Src/main.c:458:13:MX_SPI2_Init	8	static
../Core/Src/main.c:506:13:MX_SPI4_Init	8	static
../Core/Src/main.c:554:13:MX_UART8_Init	8	static
../Core/Src/main.c:602:13:MX_USART1_Init	8	static
../Core/Src/main.c:658:13:MX_GPIO_Init	56	static
../Core/Src/main.c:759:6:MPU_Config	24	static
../Core/Src/main.c:790:6:Error_Handler	4	static,ignoring_inline_asm
