../Core/Src/stm32h7xx_hal_msp.c:66:6:HAL_MspInit	16	static
../Core/Src/stm32h7xx_hal_msp.c:90:6:HAL_ADC_MspInit	56	static
../Core/Src/stm32h7xx_hal_msp.c:152:6:HAL_ADC_MspDeInit	16	static
../Core/Src/stm32h7xx_hal_msp.c:205:6:HAL_I2C_MspInit	248	static
../Core/Src/stm32h7xx_hal_msp.c:322:6:HAL_I2C_MspDeInit	16	static
../Core/Src/stm32h7xx_hal_msp.c:396:6:HAL_SD_MspInit	240	static
../Core/Src/stm32h7xx_hal_msp.c:457:6:HAL_SD_MspDeInit	16	static
../Core/Src/stm32h7xx_hal_msp.c:493:6:HAL_SPI_MspInit	264	static
../Core/Src/stm32h7xx_hal_msp.c:637:6:HAL_SPI_MspDeInit	16	static
../Core/Src/stm32h7xx_hal_msp.c:713:6:HAL_TIM_Base_MspInit	24	static
../Core/Src/stm32h7xx_hal_msp.c:736:6:HAL_TIM_PWM_MspInit	48	static
../Core/Src/stm32h7xx_hal_msp.c:818:6:HAL_TIM_MspPostInit	72	static
../Core/Src/stm32h7xx_hal_msp.c:998:6:HAL_TIM_Base_MspDeInit	16	static
../Core/Src/stm32h7xx_hal_msp.c:1020:6:HAL_TIM_PWM_MspDeInit	16	static
../Core/Src/stm32h7xx_hal_msp.c:1108:6:HAL_UART_MspInit	264	static
../Core/Src/stm32h7xx_hal_msp.c:1278:6:HAL_USART_MspInit	248	static
../Core/Src/stm32h7xx_hal_msp.c:1399:6:HAL_UART_MspDeInit	16	static
../Core/Src/stm32h7xx_hal_msp.c:1490:6:HAL_USART_MspDeInit	16	static
