../Core/Src/DRIVERS_C/BMI323/bmi323_main.c:36:7:lsb_to_mps2	24	static
../Core/Src/DRIVERS_C/BMI323/bmi323_main.c:43:7:accel_lsb_to_mg_2g	16	static
../Core/Src/DRIVERS_C/BMI323/bmi323_main.c:47:7:accel_lsb_to_mg_4g	16	static
../Core/Src/DRIVERS_C/BMI323/bmi323_main.c:51:7:accel_lsb_to_mg_8g	16	static
../Core/Src/DRIVERS_C/BMI323/bmi323_main.c:55:7:accel_lsb_to_mg_16g	16	static
../Core/Src/DRIVERS_C/BMI323/bmi323_main.c:64:7:lsb_to_dps	32	static
../Core/Src/DRIVERS_C/BMI323/bmi323_main.c:73:7:gyro_lsb_to_dps_125	16	static
../Core/Src/DRIVERS_C/BMI323/bmi323_main.c:77:7:gyro_lsb_to_dps_250	16	static
../Core/Src/DRIVERS_C/BMI323/bmi323_main.c:81:7:gyro_lsb_to_dps_500	16	static
../Core/Src/DRIVERS_C/BMI323/bmi323_main.c:85:7:gyro_lsb_to_dps_1000	16	static
../Core/Src/DRIVERS_C/BMI323/bmi323_main.c:89:7:gyro_lsb_to_dps_2000	16	static
../Core/Src/DRIVERS_C/BMI323/bmi323_main.c:93:8:bmi3_interface_init	24	static
../Core/Src/DRIVERS_C/BMI323/bmi323_main.c:113:8:Init_BMI323	16	static
../Core/Src/DRIVERS_C/BMI323/bmi323_main.c:235:8:Open_BMI323_ACC	56	static
../Core/Src/DRIVERS_C/BMI323/bmi323_main.c:308:8:Close_BMI323_ACC	56	static
../Core/Src/DRIVERS_C/BMI323/bmi323_main.c:337:8:Open_BMI323_GYRO	56	static
../Core/Src/DRIVERS_C/BMI323/bmi323_main.c:420:8:Close_BMI323_GYRO	56	static
../Core/Src/DRIVERS_C/BMI323/bmi323_main.c:452:17:bmi323_data_poll	96	static
../Core/Src/DRIVERS_C/BMI323/bmi323_main.c:488:6:bmi323_print_sensor_data	32	static
