../Core/Src/DRIVERS_C/BMI323/bmi323_main.c:42:7:lsb_to_mps2	24	static
../Core/Src/DRIVERS_C/BMI323/bmi323_main.c:49:7:accel_lsb_to_mps2_2g	16	static
../Core/Src/DRIVERS_C/BMI323/bmi323_main.c:53:7:accel_lsb_to_mps2_4g	16	static
../Core/Src/DRIVERS_C/BMI323/bmi323_main.c:57:7:accel_lsb_to_mps2_8g	16	static
../Core/Src/DRIVERS_C/BMI323/bmi323_main.c:61:7:accel_lsb_to_mps2_16g	16	static
../Core/Src/DRIVERS_C/BMI323/bmi323_main.c:70:7:lsb_to_dps	32	static
../Core/Src/DRIVERS_C/BMI323/bmi323_main.c:79:7:gyro_lsb_to_dps_125	16	static
../Core/Src/DRIVERS_C/BMI323/bmi323_main.c:83:7:gyro_lsb_to_dps_250	16	static
../Core/Src/DRIVERS_C/BMI323/bmi323_main.c:87:7:gyro_lsb_to_dps_500	16	static
../Core/Src/DRIVERS_C/BMI323/bmi323_main.c:91:7:gyro_lsb_to_dps_1000	16	static
../Core/Src/DRIVERS_C/BMI323/bmi323_main.c:95:7:gyro_lsb_to_dps_2000	16	static
../Core/Src/DRIVERS_C/BMI323/bmi323_main.c:99:8:bmi3_interface_init	24	static
../Core/Src/DRIVERS_C/BMI323/bmi323_main.c:136:8:Init_BMI323	16	static
../Core/Src/DRIVERS_C/BMI323/bmi323_main.c:277:8:Open_BMI323_ACC	56	static
../Core/Src/DRIVERS_C/BMI323/bmi323_main.c:350:8:Close_BMI323_ACC	56	static
../Core/Src/DRIVERS_C/BMI323/bmi323_main.c:379:8:Open_BMI323_GYRO	56	static
../Core/Src/DRIVERS_C/BMI323/bmi323_main.c:462:8:Close_BMI323_GYRO	56	static
../Core/Src/DRIVERS_C/BMI323/bmi323_main.c:492:8:Open_BMI323_FIFO	48	static
../Core/Src/DRIVERS_C/BMI323/bmi323_main.c:572:8:Close_BMI323_FIFO	16	static
../Core/Src/DRIVERS_C/BMI323/bmi323_main.c:587:6:BMI323_ReadData	16	static
../Core/Src/DRIVERS_C/BMI323/bmi323_main.c:652:17:bmi323_data_poll	96	static
../Core/Src/DRIVERS_C/BMI323/bmi323_main.c:688:6:bmi323_print_sensor_data	32	static
