../Core/Src/DRIVERS_C/BMI323/bmi323_main.c:33:7:lsb_to_mps2	24	static
../Core/Src/DRIVERS_C/BMI323/bmi323_main.c:40:7:accel_lsb_to_mps2_2g	16	static
../Core/Src/DRIVERS_C/BMI323/bmi323_main.c:44:7:accel_lsb_to_mps2_4g	16	static
../Core/Src/DRIVERS_C/BMI323/bmi323_main.c:48:7:accel_lsb_to_mps2_8g	16	static
../Core/Src/DRIVERS_C/BMI323/bmi323_main.c:52:7:accel_lsb_to_mps2_16g	16	static
../Core/Src/DRIVERS_C/BMI323/bmi323_main.c:61:7:lsb_to_dps	32	static
../Core/Src/DRIVERS_C/BMI323/bmi323_main.c:70:7:gyro_lsb_to_dps_125	16	static
../Core/Src/DRIVERS_C/BMI323/bmi323_main.c:74:7:gyro_lsb_to_dps_250	16	static
../Core/Src/DRIVERS_C/BMI323/bmi323_main.c:78:7:gyro_lsb_to_dps_500	16	static
../Core/Src/DRIVERS_C/BMI323/bmi323_main.c:82:7:gyro_lsb_to_dps_1000	16	static
../Core/Src/DRIVERS_C/BMI323/bmi323_main.c:86:7:gyro_lsb_to_dps_2000	16	static
../Core/Src/DRIVERS_C/BMI323/bmi323_main.c:90:8:bmi3_interface_init	24	static
../Core/Src/DRIVERS_C/BMI323/bmi323_main.c:110:8:Init_BMI323	16	static
../Core/Src/DRIVERS_C/BMI323/bmi323_main.c:230:8:Open_BMI323_ACC	56	static
../Core/Src/DRIVERS_C/BMI323/bmi323_main.c:303:8:Close_BMI323_ACC	56	static
../Core/Src/DRIVERS_C/BMI323/bmi323_main.c:332:8:Open_BMI323_GYRO	56	static
../Core/Src/DRIVERS_C/BMI323/bmi323_main.c:415:8:Close_BMI323_GYRO	56	static
../Core/Src/DRIVERS_C/BMI323/bmi323_main.c:447:17:bmi323_data_poll	96	static
../Core/Src/DRIVERS_C/BMI323/bmi323_main.c:483:6:bmi323_print_sensor_data	32	static
