../Core/Src/DRIVERS_C/MS560702BA03/MS5607.c:55:6:ms5607_delay_func	24	static
../Core/Src/DRIVERS_C/MS560702BA03/MS5607.c:73:8:MS5607_Init	8	static
../Core/Src/DRIVERS_C/MS560702BA03/MS5607.c:95:6:MS5607PromRead	32	static
../Core/Src/DRIVERS_C/MS560702BA03/MS5607.c:124:6:MS5607UncompensatedRead	24	static
../Core/Src/DRIVERS_C/MS560702BA03/MS5607.c:204:6:MS5607Convert	376	static
../Core/Src/DRIVERS_C/MS560702BA03/MS5607.c:239:6:MS5607Update	8	static
../Core/Src/DRIVERS_C/MS560702BA03/MS5607.c:245:8:MS5607GetTemperatureC	4	static
../Core/Src/DRIVERS_C/MS560702BA03/MS5607.c:250:9:MS5607GetPressurePa	4	static
../Core/Src/DRIVERS_C/MS560702BA03/MS5607.c:255:6:enableCSB	8	static
../Core/Src/DRIVERS_C/MS560702BA03/MS5607.c:260:6:disableCSB	8	static
../Core/Src/DRIVERS_C/MS560702BA03/MS5607.c:265:6:MS5607SetTemperatureOSR	16	static
../Core/Src/DRIVERS_C/MS560702BA03/MS5607.c:270:6:MS5607SetPressureOSR	16	static
../Core/Src/DRIVERS_C/MS560702BA03/MS5607.c:275:18:MS5607_ReadData	40	static
../Core/Src/DRIVERS_C/MS560702BA03/MS5607.c:286:6:ms5607_print_barometer_data	16	static
