../Core/Src/DRIVERS_C/MS560702BA03/MS5607.c:59:8:MS5607_Init	8	static
../Core/Src/DRIVERS_C/MS560702BA03/MS5607.c:80:6:MS5607PromRead	32	static
../Core/Src/DRIVERS_C/MS560702BA03/MS5607.c:109:6:MS5607UncompensatedRead	24	static
../Core/Src/DRIVERS_C/MS560702BA03/MS5607.c:179:6:MS5607Convert	376	static
../Core/Src/DRIVERS_C/MS560702BA03/MS5607.c:214:6:MS5607Update	8	static
../Core/Src/DRIVERS_C/MS560702BA03/MS5607.c:220:8:MS5607GetTemperatureC	4	static
../Core/Src/DRIVERS_C/MS560702BA03/MS5607.c:225:9:MS5607GetPressurePa	4	static
../Core/Src/DRIVERS_C/MS560702BA03/MS5607.c:230:6:enableCSB	8	static
../Core/Src/DRIVERS_C/MS560702BA03/MS5607.c:235:6:disableCSB	8	static
../Core/Src/DRIVERS_C/MS560702BA03/MS5607.c:240:6:MS5607SetTemperatureOSR	16	static
../Core/Src/DRIVERS_C/MS560702BA03/MS5607.c:245:6:MS5607SetPressureOSR	16	static
../Core/Src/DRIVERS_C/MS560702BA03/MS5607.c:250:18:MS5607_ReadData	40	static
../Core/Src/DRIVERS_C/MS560702BA03/MS5607.c:261:6:ms5607_print_barometer_data	16	static
