../Core/Src/DRIVERS_C/MS560702BA03/MS5607.c:65:6:ms5607_delay_func	24	static
../Core/Src/DRIVERS_C/MS560702BA03/MS5607.c:83:8:MS5607_Init	8	static
../Core/Src/DRIVERS_C/MS560702BA03/MS5607.c:105:6:MS5607PromRead	32	static
../Core/Src/DRIVERS_C/MS560702BA03/MS5607.c:134:6:MS5607UncompensatedRead	24	static
../Core/Src/DRIVERS_C/MS560702BA03/MS5607.c:214:6:MS5607Convert	376	static
../Core/Src/DRIVERS_C/MS560702BA03/MS5607.c:249:6:MS5607Update	8	static
../Core/Src/DRIVERS_C/MS560702BA03/MS5607.c:255:8:MS5607GetTemperatureC	4	static
../Core/Src/DRIVERS_C/MS560702BA03/MS5607.c:260:9:MS5607GetPressurePa	4	static
../Core/Src/DRIVERS_C/MS560702BA03/MS5607.c:265:6:enableCSB	8	static
../Core/Src/DRIVERS_C/MS560702BA03/MS5607.c:270:6:disableCSB	8	static
../Core/Src/DRIVERS_C/MS560702BA03/MS5607.c:275:6:MS5607SetTemperatureOSR	16	static
../Core/Src/DRIVERS_C/MS560702BA03/MS5607.c:280:6:MS5607SetPressureOSR	16	static
../Core/Src/DRIVERS_C/MS560702BA03/MS5607.c:285:8:calculate_altitude	48	static
../Core/Src/DRIVERS_C/MS560702BA03/MS5607.c:298:18:MS5607_ReadData	48	static
../Core/Src/DRIVERS_C/MS560702BA03/MS5607.c:310:6:ms5607_print_barometer_data	32	static
