../Core/Src/DRIVERS_C/MS560702BA03/MS5607.c:60:20:MS5607_Init	24	static
../Core/Src/DRIVERS_C/MS560702BA03/MS5607.c:80:6:MS5607PromRead	32	static
../Core/Src/DRIVERS_C/MS560702BA03/MS5607.c:109:6:MS5607UncompensatedRead	24	static
../Core/Src/DRIVERS_C/MS560702BA03/MS5607.c:178:6:MS5607Convert	376	static
../Core/Src/DRIVERS_C/MS560702BA03/MS5607.c:213:6:MS5607Update	8	static
../Core/Src/DRIVERS_C/MS560702BA03/MS5607.c:219:8:MS5607GetTemperatureC	4	static
../Core/Src/DRIVERS_C/MS560702BA03/MS5607.c:224:9:MS5607GetPressurePa	4	static
../Core/Src/DRIVERS_C/MS560702BA03/MS5607.c:229:6:enableCSB	8	static
../Core/Src/DRIVERS_C/MS560702BA03/MS5607.c:234:6:disableCSB	8	static
../Core/Src/DRIVERS_C/MS560702BA03/MS5607.c:239:6:MS5607SetTemperatureOSR	16	static
../Core/Src/DRIVERS_C/MS560702BA03/MS5607.c:244:6:MS5607SetPressureOSR	16	static
