../Core/Src/DRIVERS_C/MS560702BA03/MS5607.c:59:8:MS5607_Init	8	static
../Core/Src/DRIVERS_C/MS560702BA03/MS5607.c:80:6:MS5607PromRead	32	static
../Core/Src/DRIVERS_C/MS560702BA03/MS5607.c:136:6:MS5607UncompensatedRead	24	static
../Core/Src/DRIVERS_C/MS560702BA03/MS5607.c:206:6:MS5607Convert	376	static
../Core/Src/DRIVERS_C/MS560702BA03/MS5607.c:241:6:MS5607Update	8	static
../Core/Src/DRIVERS_C/MS560702BA03/MS5607.c:247:8:MS5607GetTemperatureC	4	static
../Core/Src/DRIVERS_C/MS560702BA03/MS5607.c:252:9:MS5607GetPressurePa	4	static
../Core/Src/DRIVERS_C/MS560702BA03/MS5607.c:257:6:enableCSB	8	static
../Core/Src/DRIVERS_C/MS560702BA03/MS5607.c:262:6:disableCSB	8	static
../Core/Src/DRIVERS_C/MS560702BA03/MS5607.c:267:6:MS5607SetTemperatureOSR	16	static
../Core/Src/DRIVERS_C/MS560702BA03/MS5607.c:272:6:MS5607SetPressureOSR	16	static
