../Core/Src/DRIVERS_C/GPS/TinyGPS.c:33:19:millis	4	static
../Core/Src/DRIVERS_C/GPS/TinyGPS.c:77:8:gpsisdigit	16	static
../Core/Src/DRIVERS_C/GPS/TinyGPS.c:84:6:TinyGPS	4	static
../Core/Src/DRIVERS_C/GPS/TinyGPS.c:110:6:encode	24	static
../Core/Src/DRIVERS_C/GPS/TinyGPS.c:155:5:from_hex	16	static
../Core/Src/DRIVERS_C/GPS/TinyGPS.c:165:15:parse_decimal	24	static
../Core/Src/DRIVERS_C/GPS/TinyGPS.c:185:15:parse_degrees	24	static
../Core/Src/DRIVERS_C/GPS/TinyGPS.c:207:6:term_complete	24	static
../Core/Src/DRIVERS_C/GPS/TinyGPS.c:321:6:gpsatol	24	static
../Core/Src/DRIVERS_C/GPS/TinyGPS.c:329:5:gpsstrcmp	16	static
../Core/Src/DRIVERS_C/GPS/TinyGPS.c:337:7:distance_between	56	static
../Core/Src/DRIVERS_C/GPS/TinyGPS.c:362:7:course_to	48	static
../Core/Src/DRIVERS_C/GPS/TinyGPS.c:385:6:get_position	24	static
../Core/Src/DRIVERS_C/GPS/TinyGPS.c:394:6:get_datetime	24	static
../Core/Src/DRIVERS_C/GPS/TinyGPS.c:402:6:f_get_position	32	static
../Core/Src/DRIVERS_C/GPS/TinyGPS.c:410:6:crack_datetime	32	static
../Core/Src/DRIVERS_C/GPS/TinyGPS.c:428:7:f_altitude	4	static
../Core/Src/DRIVERS_C/GPS/TinyGPS.c:433:7:f_course	4	static
../Core/Src/DRIVERS_C/GPS/TinyGPS.c:438:7:f_speed_knots	4	static
../Core/Src/DRIVERS_C/GPS/TinyGPS.c:443:7:f_speed_mph	16	static
../Core/Src/DRIVERS_C/GPS/TinyGPS.c:449:7:f_speed_mps	16	static
../Core/Src/DRIVERS_C/GPS/TinyGPS.c:455:7:f_speed_kmph	16	static
../Core/Src/DRIVERS_C/GPS/TinyGPS.c:462:6:altitude	4	static
../Core/Src/DRIVERS_C/GPS/TinyGPS.c:465:15:course	4	static
../Core/Src/DRIVERS_C/GPS/TinyGPS.c:468:15:speed	4	static
../Core/Src/DRIVERS_C/GPS/TinyGPS.c:471:16:satellites	4	static
../Core/Src/DRIVERS_C/GPS/TinyGPS.c:474:15:hdop	4	static
