../Core/Src/DRIVERS_C/BME680/bme680.c:278:8:bme680_init	24	static
../Core/Src/DRIVERS_C/BME680/bme680.c:311:8:bme680_get_regs	40	static
../Core/Src/DRIVERS_C/BME680/bme680.c:336:8:bme680_set_regs	80	static
../Core/Src/DRIVERS_C/BME680/bme680.c:375:8:bme680_soft_reset	24	static
../Core/Src/DRIVERS_C/BME680/bme680.c:409:8:bme680_set_sensor_settings	40	static
../Core/Src/DRIVERS_C/BME680/bme680.c:533:8:bme680_get_sensor_settings	24	static
../Core/Src/DRIVERS_C/BME680/bme680.c:585:8:bme680_set_sensor_mode	24	static
../Core/Src/DRIVERS_C/BME680/bme680.c:624:8:bme680_get_sensor_mode	24	static
../Core/Src/DRIVERS_C/BME680/bme680.c:643:6:bme680_set_profile_dur	32	static
../Core/Src/DRIVERS_C/BME680/bme680.c:668:6:bme680_get_profile_dur	32	static
../Core/Src/DRIVERS_C/BME680/bme680.c:701:8:bme680_get_sensor_data	24	static
../Core/Src/DRIVERS_C/BME680/bme680.c:724:15:get_calib_data	64	static
../Core/Src/DRIVERS_C/BME680/bme680.c:803:15:set_gas_config	24	static
../Core/Src/DRIVERS_C/BME680/bme680.c:835:15:get_gas_config	24	static
../Core/Src/DRIVERS_C/BME680/bme680.c:872:16:calc_temperature	96	static
../Core/Src/DRIVERS_C/BME680/bme680.c:892:17:calc_pressure	32	static
../Core/Src/DRIVERS_C/BME680/bme680.c:933:17:calc_humidity	48	static
../Core/Src/DRIVERS_C/BME680/bme680.c:969:17:calc_gas_resistance	272	static
../Core/Src/DRIVERS_C/BME680/bme680.c:998:16:calc_heater_res	48	static
../Core/Src/DRIVERS_C/BME680/bme680.c:1184:16:calc_heater_dur	24	static
../Core/Src/DRIVERS_C/BME680/bme680.c:1205:15:read_field_data	48	static
../Core/Src/DRIVERS_C/BME680/bme680.c:1261:15:set_mem_page	32	static
../Core/Src/DRIVERS_C/BME680/bme680.c:1300:15:get_mem_page	32	static
../Core/Src/DRIVERS_C/BME680/bme680.c:1322:15:boundary_check	32	static
../Core/Src/DRIVERS_C/BME680/bme680.c:1350:15:null_ptr_check	24	static
