../Core/Src/DRIVERS_C/LIS2MDLTR/lis2mdl_reg.c:49:16:lis2mdl_read_reg	40	static
../Core/Src/DRIVERS_C/LIS2MDLTR/lis2mdl_reg.c:75:16:lis2mdl_write_reg	40	static
../Core/Src/DRIVERS_C/LIS2MDLTR/lis2mdl_reg.c:102:9:lis2mdl_from_lsb_to_mgauss	16	static
../Core/Src/DRIVERS_C/LIS2MDLTR/lis2mdl_reg.c:107:9:lis2mdl_from_lsb_to_celsius	16	static
../Core/Src/DRIVERS_C/LIS2MDLTR/lis2mdl_reg.c:137:9:lis2mdl_mag_user_offset_set	32	static
../Core/Src/DRIVERS_C/LIS2MDLTR/lis2mdl_reg.c:165:9:lis2mdl_mag_user_offset_get	32	static
../Core/Src/DRIVERS_C/LIS2MDLTR/lis2mdl_reg.c:189:9:lis2mdl_operating_mode_set	24	static
../Core/Src/DRIVERS_C/LIS2MDLTR/lis2mdl_reg.c:214:9:lis2mdl_operating_mode_get	24	static
../Core/Src/DRIVERS_C/LIS2MDLTR/lis2mdl_reg.c:252:9:lis2mdl_data_rate_set	24	static
../Core/Src/DRIVERS_C/LIS2MDLTR/lis2mdl_reg.c:276:9:lis2mdl_data_rate_get	24	static
../Core/Src/DRIVERS_C/LIS2MDLTR/lis2mdl_reg.c:317:9:lis2mdl_power_mode_set	24	static
../Core/Src/DRIVERS_C/LIS2MDLTR/lis2mdl_reg.c:341:9:lis2mdl_power_mode_get	24	static
../Core/Src/DRIVERS_C/LIS2MDLTR/lis2mdl_reg.c:374:9:lis2mdl_offset_temp_comp_set	24	static
../Core/Src/DRIVERS_C/LIS2MDLTR/lis2mdl_reg.c:398:9:lis2mdl_offset_temp_comp_get	24	static
../Core/Src/DRIVERS_C/LIS2MDLTR/lis2mdl_reg.c:417:9:lis2mdl_low_pass_bandwidth_set	24	static
../Core/Src/DRIVERS_C/LIS2MDLTR/lis2mdl_reg.c:442:9:lis2mdl_low_pass_bandwidth_get	24	static
../Core/Src/DRIVERS_C/LIS2MDLTR/lis2mdl_reg.c:476:9:lis2mdl_set_rst_mode_set	24	static
../Core/Src/DRIVERS_C/LIS2MDLTR/lis2mdl_reg.c:501:9:lis2mdl_set_rst_mode_get	24	static
../Core/Src/DRIVERS_C/LIS2MDLTR/lis2mdl_reg.c:543:9:lis2mdl_set_rst_sensor_single_set	24	static
../Core/Src/DRIVERS_C/LIS2MDLTR/lis2mdl_reg.c:572:9:lis2mdl_set_rst_sensor_single_get	24	static
../Core/Src/DRIVERS_C/LIS2MDLTR/lis2mdl_reg.c:592:9:lis2mdl_block_data_update_set	24	static
../Core/Src/DRIVERS_C/LIS2MDLTR/lis2mdl_reg.c:616:9:lis2mdl_block_data_update_get	24	static
../Core/Src/DRIVERS_C/LIS2MDLTR/lis2mdl_reg.c:635:9:lis2mdl_mag_data_ready_get	24	static
../Core/Src/DRIVERS_C/LIS2MDLTR/lis2mdl_reg.c:654:9:lis2mdl_mag_data_ovr_get	24	static
../Core/Src/DRIVERS_C/LIS2MDLTR/lis2mdl_reg.c:673:9:lis2mdl_magnetic_raw_get	32	static
../Core/Src/DRIVERS_C/LIS2MDLTR/lis2mdl_reg.c:697:9:lis2mdl_temperature_raw_get	24	static
../Core/Src/DRIVERS_C/LIS2MDLTR/lis2mdl_reg.c:729:9:lis2mdl_device_id_get	24	static
../Core/Src/DRIVERS_C/LIS2MDLTR/lis2mdl_reg.c:746:9:lis2mdl_reset_set	24	static
../Core/Src/DRIVERS_C/LIS2MDLTR/lis2mdl_reg.c:770:9:lis2mdl_reset_get	24	static
../Core/Src/DRIVERS_C/LIS2MDLTR/lis2mdl_reg.c:789:9:lis2mdl_boot_set	24	static
../Core/Src/DRIVERS_C/LIS2MDLTR/lis2mdl_reg.c:813:9:lis2mdl_boot_get	24	static
../Core/Src/DRIVERS_C/LIS2MDLTR/lis2mdl_reg.c:832:9:lis2mdl_self_test_set	24	static
../Core/Src/DRIVERS_C/LIS2MDLTR/lis2mdl_reg.c:856:9:lis2mdl_self_test_get	24	static
../Core/Src/DRIVERS_C/LIS2MDLTR/lis2mdl_reg.c:875:9:lis2mdl_data_format_set	24	static
../Core/Src/DRIVERS_C/LIS2MDLTR/lis2mdl_reg.c:899:9:lis2mdl_data_format_get	24	static
../Core/Src/DRIVERS_C/LIS2MDLTR/lis2mdl_reg.c:932:9:lis2mdl_status_get	24	static
../Core/Src/DRIVERS_C/LIS2MDLTR/lis2mdl_reg.c:963:9:lis2mdl_offset_int_conf_set	24	static
../Core/Src/DRIVERS_C/LIS2MDLTR/lis2mdl_reg.c:989:9:lis2mdl_offset_int_conf_get	24	static
../Core/Src/DRIVERS_C/LIS2MDLTR/lis2mdl_reg.c:1023:9:lis2mdl_drdy_on_pin_set	24	static
../Core/Src/DRIVERS_C/LIS2MDLTR/lis2mdl_reg.c:1047:9:lis2mdl_drdy_on_pin_get	24	static
../Core/Src/DRIVERS_C/LIS2MDLTR/lis2mdl_reg.c:1066:9:lis2mdl_int_on_pin_set	24	static
../Core/Src/DRIVERS_C/LIS2MDLTR/lis2mdl_reg.c:1090:9:lis2mdl_int_on_pin_get	24	static
../Core/Src/DRIVERS_C/LIS2MDLTR/lis2mdl_reg.c:1109:9:lis2mdl_int_gen_conf_set	24	static
../Core/Src/DRIVERS_C/LIS2MDLTR/lis2mdl_reg.c:1127:9:lis2mdl_int_gen_conf_get	24	static
../Core/Src/DRIVERS_C/LIS2MDLTR/lis2mdl_reg.c:1145:9:lis2mdl_int_gen_source_get	24	static
../Core/Src/DRIVERS_C/LIS2MDLTR/lis2mdl_reg.c:1165:9:lis2mdl_int_gen_threshold_set	24	static
../Core/Src/DRIVERS_C/LIS2MDLTR/lis2mdl_reg.c:1187:9:lis2mdl_int_gen_threshold_get	24	static
../Core/Src/DRIVERS_C/LIS2MDLTR/lis2mdl_reg.c:1220:9:lis2mdl_spi_mode_set	24	static
../Core/Src/DRIVERS_C/LIS2MDLTR/lis2mdl_reg.c:1244:9:lis2mdl_spi_mode_get	24	static
../Core/Src/DRIVERS_C/LIS2MDLTR/lis2mdl_reg.c:1277:9:lis2mdl_i2c_interface_set	24	static
../Core/Src/DRIVERS_C/LIS2MDLTR/lis2mdl_reg.c:1302:9:lis2mdl_i2c_interface_get	24	static
